62f8c8
6d18c2
6c9e6b
64328f
68f876
78b035
74488d
7c08de
7d922a
7f8607
69845c
604423
7b6625
7252d5
721eb2
7f0abb
7c2e67
782481
79c293
6a1658
7dfcd6
6be651
6daca1
774a86
6e3ef8
6ac2c8
71c0d9
6b0a14
7d6aae
6af4e1
6a5257
76ee73
73a67a
6b561c
751cf2
607c6e
61ba7a
7bfccf
796ae7
7da2ed
67aec6
794449
679e91
6de0ce
69d49c
79fca7
63c8e6
6d4af2
70007f
6de27b
