7650b4
610235
77face
690e10
6db0d1
7a0456
7b587a
654a24
6ed0dc
65b61d
7eaefd
7df086
7c5ebb
693415
6d900a
6460c4
7efe0f
657ae6
6d6a13
79c4f2
742eae
73ac89
77b04e
7c428e
7c9abc
79ea26
76d220
7a7a45
7ab8a9
7a5c90
6a1a92
6c86e5
6d5072
62aa28
7f92b2
7da403
79a640
669cca
729250
6df88e
6c0aea
641090
77ae7c
6a508f
723aca
669a5f
7d5052
77a4d0
6b0862
60b4c2
694850
604aaf
673809
7cf65f
74806e
782219
7bda33
649816
68d234
625260
63808f
6aaac3
7f6efb
70ee62
733250
70de83
6d3490
7c9098
6092d7
70605a
71465d
6fa820
61a8d8
6e0612
6d900c
7d1ebf
7c36f9
62b268
674221
7c5235
7368d8
6f641d
7b7e71
63ce16
7ad437
78de71
6e3ace
6caa75
73160f
628488
6d6083
76ea4d
615ce4
634e05
7b76dc
6f90ad
6018b6
6a909a
6b8a5e
607c8e
