713c12
64b099
737a6b
79980c
7644da
7c04c9
67ec3e
6da064
661c26
7916ae
700c77
6e7edd
76b0e6
7eee36
6de26c
789448
6b2200
650af2
7f0e84
7f9249
781ccd
76fabf
6b9881
7e2408
704cee
7832e3
68a0c4
7a3e90
6cf464
738203
7c2a90
7fb28e
73885a
6572e1
74ac34
7e3a01
6d1873
72a641
69be4f
6b5605
6bf63a
7dbcdb
7b64a4
6da678
745cfb
6c9c55
6a8c22
6b60ca
70b8ee
7ae443
7ed03a
675cb0
60dab8
6d0699
6df006
71fcfa
6bbad8
79928f
6a8874
691220
62c8d0
6d9026
7e6868
64ae9d
622aa5
6230ca
643e82
782ae1
62ac9c
628621
7e346c
6642f6
789265
715672
77866a
6a227f
6ab0bd
76da05
7ba03e
65ae94
6a180a
6d9673
6e9497
616ca5
79d676
614cbf
78868d
6506d8
61a643
791aa3
733210
7ab0c9
6792a0
73605a
7114e0
64cc58
65dc63
6eeac3
6f9c45
76acfb
7704fc
66fcbf
7c8a3f
7d4c03
650cd8
71585b
732c75
7f460a
6654fd
6de23d
666c7e
7ab8af
7fced7
677a78
782ab9
7442f2
7a949d
779879
7fd4f9
6b5e20
6d1854
7ad236
72fad0
6c724f
743231
763e2b
723e55
6bd24b
6476a8
7f04ff
6ace62
76669a
7300a3
791ed4
750a97
7bbe85
78a474
63f8c1
7ffc80
72bc71
7bb4a8
64a473
6fb439
7dd4c5
7be8e1
69ce94
653e06
6dd2f8
7048c7
7316e1
791a5d
7d625e
6c7c0e
6ae8b4
7bfa78
7e50cb
7ba2be
75fc0a
7eca00
678e3b
6808d9
7cf64f
7b821f
770eb9
6ffcf8
7610dd
72d43e
7e66ca
63ce68
7c84f5
74569a
7a7821
79b4f2
6d4803
6af61f
7ec83a
78a253
744240
77369e
7c1a13
6d2ec3
69e08c
6c66c4
643c69
6f5cc7
72a678
621cc9
70f090
687cdd
62ba10
753831
7ff286
619858
65de22
604017
6b8a2e
672e88
6374e6
6646d6
7afab1
7048f5
6f74da
77e8ed
790a7c
77c6d4
7b2ecf
765a7e
6b3c8e
7ef831
7ef048
655e68
7946d1
6028eb
686a30
622e05
744e47
790c0f
62a401
70180d
623c6b
7af2d1
760861
70747d
625ca1
7678b3
6ebe99
7382a6
6b2243
6c88ca
695808
661a2d
7ca050
6ae0db
70f2f9
70908d
6a9c8f
68849a
764805
63e423
741007
7bde95
6c7220
60a482
6af873
6594ae
67ae5c
7d70b3
6a4013
6daebf
71c08a
6a6edc
72503f
677448
7c4a3a
70a68d
6e6679
6bb6a2
782c91
7ade7d
7256bf
6fb056
75c095
7e380e
7380b0
693039
6bc2d8
76124f
655e61
790475
6e1689
66243e
7de626
765284
6dbe28
7c7838
7cde77
7d24f4
78585d
774e5d
6446c7
661065
6952ef
62d0d3
618017
61dc78
707ab7
6556cf
7a86fa
7bb084
677aa1
63109e
6c5e2d
7faa09
7728ce
70a0d6
6dfc05
7e56e7
605e88
7424bd
673c13
735c18
740ce5
61a679
61b656
63ca2f
70a050
720ec4
7b00a1
7f8a3e
6a0c42
71f402
7d52f4
701474
74e2e1
77aa23
74d234
733cfe
757830
6570c8
6d6e7d
69548a
6c42c7
6f3a33
65bc68
74c6d7
629a6d
755825
6ac6be
7b4ed4
70b442
6cd8dc
6efc1f
608687
64648c
6fc641
62e64c
7044d0
72caa8
69a098
6da2f0
6acaec
7f7e2b
7b6866
6fb62a
6beaee
6c6235
64c010
7d06b1
76721c
6c74a4
6a0401
78324a
74a675
7f6289
6ce449
61e437
7d9c2e
77c8e3
6c4c29
7f08a7
733a2e
696e56
7ec2e8
6f0e28
6100d0
797272
6c968a
708ef6
7ce4ca
69ae0c
769067
7a6861
7b484c
6a30eb
6e3cee
639a46
7e6281
60ac07
7cba2b
794e94
7152af
6e2c10
6cbc65
69d498
75b835
755280
62c82f
7d4a25
67ba9d
7c3450
762825
7f8238
742482
6a2a6a
7f3ada
712008
76f2d6
677895
6a8c64
615c1e
75eeb6
6c7298
75d2c0
6cc4b6
66e864
685add
65647e
6aa630
7c5c69
71bade
7f108d
6190d4
61baff
7f985d
71369c
69983c
790eae
70bcc2
7a0c86
7fccdb
680e9a
74dea0
799a6d
67e863
760034
7b72e0
7eeaf4
6ea4bc
7a2482
68be98
74645a
76a8cf
6a80c9
6ee4a0
721c80
7f98e0
6004f3
7b16e9
65d079
6fcc73
6c9634
6fdead
7070b8
7a4ade
6030f9
682c1a
6c621c
6b8ae2
62c23b
7166c1
7662fc
793a16
792274
639a62
613a86
6c6831
770c8a
703a7b
740009
6dc6c7
7e2051
7bfe9b
7aaa6e
7c3054
749cf4
6f98eb
6e0e13
74623d
7836b6
64f804
7b16a6
7f626e
7520a3
709408
7040cf
74526d
7bcab9
797209
7304b9
6962d3
60c49e
653a86
721c98
6736c2
778a5f
7b2676
7e3c8c
7906f8
779272
6f98be
685459
7e4e45
6ea80d
6996b0
62e4e7
6c5aec
68c68f
6fa428
79a86e
7388b4
78286e
6edea6
767c0e
789aec
6a3060
7b3a53
60e274
620a23
6c8e98
7b3224
75e089
736a08
65e812
74042f
729464
7b10b5
7114d4
61e6b8
741ae4
7e40a3
6f5ad9
7814b5
76ea4d
60805a
6556ec
76d8e3
71aed8
79b60a
623ae3
68f48e
6ad8b0
773a10
71e21b
67f03c
64a897
6ad0a8
7686a9
797ed3
6242c4
696265
70b23f
7ee4ab
78e47f
617298
657a4b
77b4cd
78342a
690668
74c803
62b207
6940bd
6e0870
78562b
6a6c58
65fe22
7dd6ab
7934ad
74bac2
6cb6d2
77b236
7ee8a3
6784a0
60bc88
69920c
71649f
7e90d8
7f5a6c
79f243
785053
6454d8
7ee0d7
7042b8
71de19
7562ea
785625
610a52
7d86ed
67b4de
755ae3
6c2a69
75649f
6d12ef
7b628d
70e46e
6460d3
7cc4dd
73b42e
78a498
7ce690
620e38
672e3a
7c26d5
7aa21c
7ed45f
704cf8
76a8b9
637621
698a26
7efca0
7aa8a9
7e6a44
77dea0
6688c2
66f05c
76b09a
70a8c0
66669b
6c6e93
6b0614
7e288d
735aa7
6cda2a
773851
65e493
6e5e47
7a9a30
6ea251
688060
74d06f
7ac479
6d3054
75028f
629ac3
6ea02f
78ee7c
71b04a
781277
779caf
7fd87a
7c5e12
62b2d3
74aa3b
6caa6e
660a77
7e80e0
71764f
6212ab
76b6a8
7836aa
7d9627
7f0806
7e762b
6ff4d0
68c4d1
78f483
61703a
71b247
739c9b
6cac82
7564a8
743cff
79ae43
7b7299
65d205
7542f7
663ee7
60c85a
75302f
78b070
6dc4aa
69ecdd
643235
72c464
73f661
6dba9d
6e0032
619c1f
75aaee
77f49a
65225c
6a4a3e
647cf7
7ac8e3
71c69a
62f291
6f8617
7d74ee
7f0c39
77360f
7898aa
7840f8
6b4267
6adaeb
63e09a
7b825f
6b4004
72e85c
792e4b
61fedd
657235
662af8
68e0a3
70a08a
64ee17
68182f
73d469
6308c7
6fdcbc
7594b3
70d2f5
6b508e
61e0f2
6360c2
757490
7ab259
726ac9
7e50e1
7c1ced
67422c
65ce4e
711623
7b529f
6a6abd
70f2a6
7b74b9
7e20ff
6d704f
6364fa
722c29
77da5c
7f64b8
7b64bf
71acb9
7f781b
62b4f4
7f0469
7d7a1c
6b029b
67a620
695c99
734a9d
744c14
7f529f
6d7216
7dfa0d
757233
777aa1
6482b3
6d94d7
642489
757c56
6ae6fc
60624e
642c13
7962b2
78b2f7
63341b
7d2e85
70f26f
6b8a95
7fb659
780690
60da47
73346b
7d8c14
7bbaa8
6936b1
79c4a5
7d60be
7760d3
7b8a7d
68eaea
6c1e07
61e269
650aa0
77e2bc
6df699
62d41f
64de63
6d369b
674e0d
7b8026
69dc01
7fb641
789a3a
621c8f
651e49
7ea26e
65202a
753c74
7fe882
7378ee
718a8c
764203
6b8214
71bc9f
7262c4
729afd
70ecb2
703cd2
68fc25
7e347f
76f671
7c30db
675cf1
71ae27
735c02
62e2fa
74d690
6c98b2
72acc3
6ecc3c
728e3b
766660
78d227
708a19
7c52e5
797a15
7cf490
6ddc65
739e93
72b62e
6326b5
76348f
7c5208
62f62c
60d20a
6e90aa
7f7655
620678
6298b3
6c3e6c
680cff
6e1441
711c04
7d4ccd
62d04c
7d5cdf
67e872
702c4b
773eb0
66089d
6d84a4
75c061
691c59
610e66
797c39
714471
68d6f2
71dceb
7bf266
6dca7d
6f6c17
64204e
618a2b
6e0c06
6d8aa6
61c848
75b26a
6bae86
660479
643642
74deee
673478
643a21
75fe94
785211
6a2ed9
7bf210
7ada2f
686264
630e20
665279
6edcbe
7738ec
6a0035
7e4ed1
679442
7464d3
6dfcda
6c5e78
796281
7d7c23
7bd455
62525b
765a13
77be6f
73a8a6
68aa2f
604cd4
737c5f
7fb01f
6c683d
65e06c
6358fd
7f84ad
644099
642a06
7cfe97
7b78a2
61a63e
72da6b
6a50a4
6878bf
68c0a6
66cacd
67eab6
655af7
600896
76c66e
62be42
66a0df
74d60c
6f1879
7cf006
6f644d
7c601d
789aaa
6682e3
75f49c
7a8002
7ee69b
77ae27
6e8e9e
60a81b
7af44e
68b8de
7b8cbc
6af43b
7c5499
6b181a
61d25c
74cc05
69905f
7a10ac
6d381a
698615
7274c8
6c9c9a
62d07c
7d0ade
69d8eb
7c5eef
6f68c9
7cc6d7
6174ba
7044ca
785e2e
7c2648
775405
69b490
6294e8
6b2811
6c3c99
6b6e0a
6890e3
69802d
772aed
714e69
702240
79189e
7ba4a3
6bec3a
651c22
7f1e44
6168fe
6e7abc
6f526f
6ed297
7696fc
76f6ba
7dfc26
6ac09e
7e781b
61a4c0
6d7ad5
7e3836
705a23
6caeb8
7f5acc
6d0e76
7dc41a
6e38a5
6b94ca
7cfcfb
7312ec
6b7e34
671449
65aeea
71c880
662e2f
7dfeb1
60f62a
7fecc4
6e9060
74003a
74d2dd
75be9c
648e9e
735027
68d0b0
76aed5
7dc657
6eb4c1
62b668
6dea82
663edd
7ad2db
6a6053
62ec6a
749c55
66107d
66fcac
6a2443
713893
734c4c
765ec2
7786bf
730227
6aae9b
6d529b
6926e7
60f025
7ba6d0
7a1a8f
73d6d9
7904f9
7368aa
617c8f
65be8a
75869d
7c2a27
7b8201
76fe10
7c7e31
706e1b
741efc
619472
6974a5
6426ba
744496
7098dc
6be878
6db8f4
76144f
7612e4
6412d0
720c92
713a5a
7b7820
7d344a
774c29
712666
70c257
700029
6eb607
79f426
683812
6cb62a
717889
67180c
6baa2c
708eab
707ab3
76d647
6094cf
716218
75c483
6b166e
644684
6beeac
7c06cf
73284e
72e6a1
7346ab
6c0c1b
625ca6
745ed9
7ab68e
628a19
62a453
66dac2
740e27
730c4b
7a0acf
6ebcef
7dee3f
6d1ede
79ca60
6f4002
66be9b
6a8ce0
6f4a2a
686089
7cb8b5
7ab896
6db241
60d65a
6e8c88
7d70c5
6f589f
670a56
793601
78dafe
61088e
7f9433
74d0af
6c06c6
6cde6d
76929e
765c66
6224f7
69b4ce
7284ac
735289
70a04e
6e46ba
60be8a
60566d
6c0452
606014
76dc3b
7ee215
7e8ef7
6de423
688259
7a980d
61c415
605ab0
69f06e
653c5d
77c286
659012
71aa30
6dcaa4
6020c2
6a4050
770c55
600807
607a2f
68b6f9
6aae6c
6e189b
6e5e31
65aa90
70d452
7dda5e
7efaa3
747495
66ca5d
7aae2d
63ce46
794ab8
716254
686c79
7c7a38
6eeab8
6a4829
7e98db
6ea422
7f9865
64ec7c
7098ab
6c8695
6e30ef
6e3e58
7606c4
7096c8
6df6fc
7baa3f
74de2e
705e1e
6f48dc
75fcf0
7d1662
75826c
7ba0f6
65080c
65788d
7ef2af
6b587d
7b8814
7ebc88
7996eb
7594f1
67a834
660ac4
74e656
76ee14
7a2411
62dc25
6cdaed
6c9c01
6f1cce
643085
71a20d
621622
6eaeb5
6c782b
692a20
78ee54
6e7097
74a2c3
68d463
6b4297
6c864d
6bd463
6a4004
754c6d
690203
6e8e39
6a7627
6f54b7
614a4b
6a9239
6b1643
6c8cea
664c41
6e84e4
6e26d3
7f1e5f
78d069
715437
750aac
60cacc
64dcf4
7f829c
73fef6
79b0ac
6c9ac9
64ce54
6d141b
6db25e
7004e1
7436d5
626a83
7e1afb
751471
66bcbd
740218
6dd262
6cbeff
6decb1
6280c7
68cab2
7646d8
681ce8
750a5d
7fc692
762ad8
672a77
6be248
70c8b4
7876d2
70c09f
61a856
64a659
7aa80a
63ea49
647801
79ae88
713ecb
6e9257
6e78ba
643e2a
6ba603
6c441f
62f4f4
7ea6bb
778e0d
74281a
637ce3
6e72ff
6f22e3
62e01b
7efc88
62a29a
701268
7180a8
65bc11
61c0e9
60ec45
7bf277
675276
61f830
68521a
6cfc58
7d0e31
7c5869
626c61
791215
672272
608a01
657ce8
6a0a87
6d10c8
6c9a78
762ccc
621c3b
7c2c12
7ed46c
65e085
6250d2
75f034
635852
74acda
64764c
7f44ac
738a08
7072ab
62e4e6
7bd4b4
791272
6852c1
776ac7
66fe75
71f6cb
7b16e8
60dc4e
68548b
7db408
6f664e
6d2acc
77f62c
6eb2ac
7a60cb
78e2f2
665c08
602226
6d5ccc
701006
7cc01e
6b6403
606ed6
71de96
69d0bf
6c9483
7d181b
72b6fd
7c22bc
6fbcc2
75a68e
6948b4
6d0e28
7856d2
72cc8f
64a280
624e53
75122a
683462
712cae
670086
6788b1
6942ad
6a7a96
7aee04
61c654
785cb5
730871
66408a
7c3842
784ae1
6e0465
76e815
67f637
7ae0ef
718ecc
6b98eb
75cac9
66ca9f
60fc45
79b4a2
6b7242
69aa88
7dfcf5
6b8668
6a502c
653681
757658
7f8a9d
7322b0
610685
772cc3
65e2ff
6c365a
7e62c0
63902d
72ac3b
645e8b
66a875
70d2b1
67be7c
688ebb
6290da
622234
6e80a9
643e15
7b2056
689486
6ccef7
712281
617436
7bdc7c
665ef0
6e9a46
7926d0
683277
6a3285
712a06
65500e
765cc2
6cfab4
75c6f4
650e94
654edf
7c684b
6e3e3e
7c3cc2
75ce9d
6394a1
6cdcb6
7d821b
63f208
70f642
610099
718acc
7a0cc8
72d084
714ae2
72e4f1
61a623
766cda
6d5c0a
69fed7
62e22a
61e0ca
7e964a
77d62b
68da1d
6422ce
67ba92
63a2a3
7bf84b
61e2a9
7352f9
640ae7
6a4245
700e0d
6a0a88
6cec9d
788039
702cf0
78a224
788ca0
619028
75b8c5
6b3c13
6a1850
75b49a
6db46b
652afe
7b0ebf
613cf3
6d2c28
62f284
718044
67cceb
7b2817
7c4ee6
7f408d
7816bc
6d3039
6cb6fc
66f23f
7bcc14
7792dc
6276ee
7204d7
645e1a
73bc55
694ad7
6f1c8e
713087
74703d
654826
74c406
6f4c0e
781023
7f4c0b
76f276
6f42b8
737286
7c08b2
700826
65cacc
6c824a
75ba2e
73d441
6b40eb
621aa5
73fe5d
689ce2
79164e
79bcc1
6f4cfd
766220
645e18
6cb0cc
7cfe40
7a54b8
768859
6e44aa
730c74
7e346e
6bf0a3
77e698
652c9c
7eea3a
61aeab
76debe
7780ec
657e99
6c3a0e
7fb603
78226e
778233
6ae2d9
6bea1e
727ec8
639a92
63f635
6c622f
61ce3c
76e060
63ae1d
6f3074
68402c
6f1a35
779849
71c219
631a31
635273
66a6ca
745ef5
61aa94
7c0c91
134e1f
194033
0d4498
08e800
086e6b
000e62
200a86
7e16f9
63fc31
690063
684280
6f1e9a
7ec842
7b16f5
7b56d4
655eec
7e9672
755e4a
62a8d1
74ba02
64fe30
6402dc
7b7ae4
765854
67faf7
70be11
6728a0
7a02fa
709274
791a32
6f34c5
7490b4
60a616
707074
66a2ee
774efc
60e643
621e11
774895
6d1c8c
70562f
7f2810
7468af
78269a
7a0419
7c4c6a
64405e
749cfc
633c9e
7baa8f
6f3cc2
7dc404
6336d7
6ed650
788ad8
66ec37
67866f
75527d
752415
7400a5
73cad1
70c605
65dcde
6384da
7a5692
7a6e9f
68b0d4
783c64
706a8a
7e369d
7adeeb
7a18e4
6244d0
7066fd
75a87a
65aa11
6d7851
760c86
63868a
74468e
604256
667ceb
6748af
626c13
623253
686c00
686045
6c00bd
694c62
6382b2
6ab8f4
679efc
6016fe
7cc4ff
6d8855
7cae0d
78b693
7260f2
7a7a87
70e07d
73d2d9
60600c
788226
70bc3d
7eface
6bdcae
787ed2
63d882
67b28f
69f66c
67e69c
664a2f
66fe5f
6e625a
7f8052
68eabe
632cf6
6e8017
7e8eea
79c643
7a9ed5
6af059
6b9c55
6aa6fa
7c0ec8
67b494
70eaef
66e824
7b60d4
7f4c4a
7c12a7
6344d7
74724b
7a304e
623e6e
66089b
79f8cd
7c7824
6dceb1
7a8a6c
729221
6b80fb
67a095
73d224
796296
671cbf
6c1c74
724032
6bf662
6f1ee5
67c279
622861
6882fd
62a62b
767af4
7e7896
62b6d0
6b907f
6a98e8
6cd0c2
7e6a25
6aea72
791e9f
79a2e0
64b833
64a825
6e5292
665454
657813
73248d
7ea8c1
623e98
6c64b0
6990d0
745a95
76e0db
766ac7
6d0c1a
7b3077
6c7464
7d20fa
7d9e80
68345c
6bead1
75bee9
72848c
787e7f
71ac12
6fe256
68eaf0
63dc0c
6b7649
69842e
79e6a0
7fde64
694603
686659
7474fe
7a9834
7ae41c
621cab
6f16cc
6964f6
72044c
75a8c7
79b675
74c8c6
62328c
7a0c27
72cab8
766826
7f9ecc
7772db
7d3461
60620c
62c43c
796c4c
75fe99
7df68a
70449e
7ab0ae
79921d
7328c4
749464
647a85
66840d
672a15
6930d6
705e8c
618cfc
75201d
79f437
656aaa
699265
6378ce
74a608
6fe0dc
73fedb
6dcab9
673a79
78c416
6f8edc
7fd625
767c5d
76d65f
6c96c2
6e0ec9
63262d
764642
61f884
7ee6a7
70365d
76e639
7c68de
748c61
734eef
6588c2
688e29
7314e6
619467
68f0c4
714ad0
6e62fd
75c86b
760aea
7616ae
647610
65426f
77d479
68aaac
79b272
715cf5
7ab2b9
670c63
7aaeae
66f4a2
78ea87
7b3ea7
76c803
6f9e3e
619216
731a22
628e38
62ee94
774054
653ceb
7162b2
616ca4
604a31
73beef
72a05d
603c76
68a43b
6d36d7
68fa50
6c52b7
6e1c56
76b6bd
6ee09d
7140e0
70ea10
635a57
6db0c7
6ec8b5
742236
743846
63727b
713a2f
76cab4
724c57
7dd0b7
6e3ac3
72ae9b
7f525d
62b6cc
6f601c
657c7a
6a4cd5
7ed203
73a0be
732c43
74ba89
72989c
6676b0
615a4d
6e4a98
67c081
7ebae1
7fd8fd
7e3860
77ce23
68ae49
6a2625
7890c2
7ac6a7
7fe026
6c3828
7fc607
6b88ae
7b767f
692c72
66eeb7
7216d2
69ccd2
768c26
673e04
6080aa
7a3a6d
6dfc9e
7c420b
67fc3a
6e8ad1
763837
67f684
7f2a99
68dc22
738892
640608
6138f8
6f1228
7cc4e0
63ea38
6abe03
6f2893
6180ae
6d6ab7
6d98c3
7cf4d6
69442b
7e1afb
65261b
69aca7
705894
72a26e
7772ad
78e446
7282fd
756c3c
63660e
704409
68c680
68bafd
7d04a2
70e09c
7d7c9e
770c30
715eaa
608cd0
611e50
7a26ff
6a26dd
73baee
75447c
6d7613
69a44c
6a1c4a
6fc05d
6894ea
61f0e6
651262
655c22
7cb01a
7ec0fe
7ba452
767cd6
6ef241
648c90
7b8a5b
66562c
765c05
780ebe
7810f0
791014
6bb260
770ed9
660a57
6d48da
697c75
798028
6eac85
6444c2
743c1c
60feff
7bcaea
694a2a
64527b
760c6b
6794fb
78a6e8
7a9c72
67e80e
63f619
70504e
603062
687c68
68a648
61a6aa
74b2d5
7fa679
711ccf
79e851
784037
7c02ce
781a1d
68ccf5
77fa20
7a84ec
7754d8
749c72
667834
6b220f
7bbe82
617ae2
653827
6dd2dd
694cc9
663036
79f647
677236
6c6c97
6b58cd
7bd8c1
7cb423
649469
7610a8
79620d
6f6e8b
68fc1f
7aca45
68ac37
7878bb
77ae5b
6158ba
76d06e
615a0d
79f261
6aa633
7b2a8f
6f7acc
7bbe4f
7f2ab3
6cae14
6abcc5
795a5e
7e5092
7694df
64f639
78cc97
69e41c
648266
75b280
72f477
6ac011
66f6a2
6b686f
7d565b
62f683
66c6df
77963f
71fea9
673052
608840
619efe
7bd8b6
7eb070
78ee6a
6ffe29
67d237
71de64
668eba
6012eb
72da1d
78085b
670acd
7d08bd
6b8eb7
680c11
7d6243
7f4ae2
752a67
609acf
6ee42a
64b031
6adaa1
76b058
77dc41
71546e
6a8e43
73a410
6eac61
624e2b
7af06d
7ef649
7b4829
6b10cb
75d8fd
63cab3
60ba3d
624a74
73441d
6dca45
7c9ad1
7fda8b
70acd9
69eea3
7d900f
72e8c5
64f282
639c79
66689f
7f26f6
745607
7cc6f2
7f8c67
7bd414
710c4e
6c6cc2
6ac29e
614ab4
6918ae
70ce43
677e86
6eac74
6bd46b
7904bf
6298c4
6622e1
72d8c4
64420c
715048
692869
635afc
6786c9
7fb225
66c2e1
6c9c0c
600634
69da7b
677a83
7d4ca0
6482b4
62c409
73eaa1
76cc7d
7bb222
650825
6bfc98
6d7c75
7f1032
611674
7644ca
65384d
7a7a72
61647a
671c6b
6aea36
68cc5e
66146c
6cee09
688611
7d1673
66e6e1
7332b9
6616aa
7894b9
687274
6a165c
79d2af
653211
61c850
692cdb
701e60
6754fc
6f3296
71da22
740a80
63886f
7bc2c0
6e1c35
7ce425
6970a6
7d3c5a
6956b0
7556b1
784ce6
744262
657658
6cc0bb
6a7053
636829
7244d6
6c4cd0
60ba6c
635640
72a0f1
6288ed
6108c8
7c5051
696064
6912df
6f40c7
752cf5
6308d9
6060c1
716820
79f409
6f4800
68a839
7ea049
6d4864
7cba22
6a7e60
73d0ed
770868
7032ab
7164b8
7f8037
7066a1
6d4cd6
7a0a24
79ced3
7b2ab8
7a5023
65dc57
627ce5
720258
711a94
60ea68
70f650
7402e3
7eea51
6f6c24
66a610
7632f3
6d1491
741671
71461a
6d1a3b
78be7f
764457
6b74b5
748ef6
6e4ee7
69ba2e
698c1b
74c407
6d20e0
783caa
707096
695c3f
66d6b0
72daf0
65da26
68a2ef
6c629e
7c422f
68064a
7b3434
7bc2a7
6dc8ea
60a60c
7890fb
6288b6
66fe2c
621034
6b44b6
6a020f
71cc02
6ab437
6bea67
7ce63f
7868d3
620207
757edd
7f200c
7680bc
6c7038
79fef1
632ec0
78363d
7e6818
669633
79b82a
7a6897
7d34dc
6fe26e
7b507c
7370d4
7f3a3c
6332ab
6e84e1
6ea06a
670651
75307d
61cc3c
6db477
719243
6b506f
797a25
6bbc5d
78a8eb
6f68dd
63e6d5
7ba43e
6caec4
67485d
6a5eeb
609605
6c3225
668cef
6f868a
6f10a2
7214f2
7d4eb9
6d1c2d
7c1209
738c29
7b9eff
6338b2
728c8d
7560be
6b2279
66ba29
64980b
7612ac
73c8d0
67e63b
66a291
661ef9
6ffcad
6320dd
6c2af5
6bde8c
6298d8
64dc09
76be61
7710be
7f8282
6c3a52
794060
64fca8
6776b4
74e0f0
698c78
69ba61
657ccd
63a63b
72ee2c
65d449
6864db
713c34
6e940a
74b60c
77aefd
6b12fe
70ea62
6f9801
600a58
693272
7e82c6
67306d
7e26e7
6b6c24
645815
750060
67e030
6b0c4a
7706d9
64767a
76808e
6d5286
645833
61ba76
662208
61021f
60f60a
618a56
6b1e9f
771e65
7c8e99
6b8035
7bb6f4
691853
6bb03f
640a63
7ad83e
79c8e8
7a9a92
712e82
73cce2
7bb67b
709a68
6eeee3
75c088
785cfc
6cf404
6dc47a
7e98de
66b8d7
70d06f
61222d
79cc17
704aba
79d68b
6e06e1
66b2fd
6c4e0a
63ba31
7c9a03
6098df
6cfe56
669eb1
6860a8
6e7026
7246e5
7104a8
695cf8
7ffe27
74ecb1
6aea01
6f9e42
60c263
6fda45
630e22
7e6eab
7d7ac5
60b280
622c22
738a54
6c78a4
6492e2
614625
7738b1
676219
68f62b
7fc49d
7b96d7
6bacf8
6e48da
6cb868
75ee6a
676275
6c88fd
6f8866
71bac9
7a18c9
62c835
6df445
7eae94
7d62d5
75bad7
63843a
7c2cf5
7c0a46
77f032
66ce4b
77164d
7ef44d
7786ac
7b02e4
63524d
78941f
694ef8
66a274
706c4a
7fac7d
756668
690ec8
654e82
75ece9
6e1c03
7f1048
681c34
6f104e
6b8ada
747077
661a45
778295
6c3432
7d44bc
6dae3f
66906e
6e9274
79a011
771839
7d0658
73ac64
63f265
7c6e72
756822
7788f9
7718dc
657a1d
68f0f0
6c64d6
7e8465
7bf4ff
6e404e
77ec0a
6d0a7e
648aaa
6a58de
6da87e
7efe09
7492c9
6fae23
77904e
75a698
6cecac
7a0ced
6a00ea
76ccdd
77a05b
66c406
62de91
69e49c
762089
69b0a1
73ce99
7aee91
6d4409
768cb3
7db2ff
63c8fb
71c2d5
7d4cd0
6fdaae
7b989e
67785b
7906f1
6dacdb
7df694
71de82
6c1eaa
76c80b
6fc090
7b56cd
7070ff
602e6c
6ac008
78605e
7d7acd
66bcba
7a748e
743e1a
6cd8b4
77f09c
6afcf4
6b086a
6ad836
665404
65e491
7db6fa
6abaeb
688e77
7e4467
69e088
7a78d5
71ec50
7c0a8c
6f24f6
7f36bc
7d7ad3
7ef67c
742a22
617080
7b0e1f
6bcef9
6bdc8e
7fb656
7d0a63
7bf6c7
67f6d7
7c645e
7f1c37
703c9d
6928c5
6db081
7f1248
7240d7
77a4c8
7e9406
6ffef9
7fd6ca
641889
647696
618edb
64ca51
6ebe38
77fede
70829c
78e415
6ff875
67e6db
756057
78fe6b
609438
797092
7bb0df
7fd0b4
67504e
7d9e74
671619
64c8e2
70360f
75aabc
7eb2f5
7034af
65902c
78ca98
764842
61082f
66beaa
654092
64b8ce
7c9e31
67a0b1
67fa7b
620cb1
67a6b1
603656
7c4a3d
669a0f
70a21a
7b987b
64f6de
7e9669
752a55
7d82d4
7bd648
66f620
66bca8
62de0a
6670db
6b5cb1
6cae4b
6cfec4
74c6eb
61e011
635461
717675
69ae20
70621c
6d8cf6
7c0c96
6aa8cc
678c92
7b3032
676412
7a6ad0
6f8c5c
6770b8
69f29b
7fd0a4
78b418
710697
6c4433
79f66f
61dcb9
761660
7ea20f
65f88d
63f674
7c6267
678266
7398fe
62247a
7ad005
6890ec
708686
755410
63627f
748258
7fb8b8
73b863
674262
659803
764c57
65920d
626493
77ae0d
6416a2
79d6a4
6d9a86
674471
7ef00e
6a780e
61a077
767698
66eecb
618a1b
6e28c8
7f2aa6
665ce6
766c99
72145a
65e8dd
77b88c
6cc03f
7a56b7
7e2ece
7fb655
61d624
6200e6
76b00b
661a86
66d0c9
7f2a01
69360d
6224d2
6bd0cb
6f4035
620670
7a4e6c
621a00
75206e
67181e
694a85
6626ff
779aca
65e853
693487
6eda5d
63ba29
7000ca
647241
6806bd
611c79
777ad8
6a7077
6fb855
6a46ae
69928c
68a2b4
7cfc7b
7bb87d
74ce73
7f3ad3
6d8ad5
68dcaa
7c140b
68766e
69d205
675c20
644477
636476
71f439
68cec8
62ac02
60204a
70b0ba
6e5065
6842c7
692e18
74c466
79ca74
71c2db
61da19
63be06
65eaef
7786ae
7a9869
732087
7ad659
6ee6c6
62c6b9
7fb0fc
7bd21f
610e6a
770cca
6a3c70
62f6c9
6d8006
7c7c30
7e5a90
681807
7770c6
7f1077
6a568b
6614df
613010
778024
657018
760854
6d784f
71c8cd
79d6b9
667a7c
667cd3
7e9cee
60a87c
7f3818
704041
60a2e9
765a1a
6f9cef
77a04f
6eacf9
790c0c
7e54a6
6c3a6c
60b0a7
7b8ef1
7fd6b4
6bb029
6816ee
673477
7856b7
7dfc8a
74384e
634ab1
6d94a5
6032fa
7c8eec
75be61
6c0a54
7e2c0b
6ad288
742ce4
6fe2dc
7e9060
75b805
7fbe3b
6e36cd
7db0c5
7028e1
60e4eb
7b4e0e
630cc6
714e7c
6dc010
7846ae
780674
73d043
63420c
61aa4e
7da035
6c960d
6dfec4
61b2bc
64b2a9
6ef62f
656487
71628f
616ecd
7e7c8c
6a4283
7f4cca
6dd845
79e2ba
7dea74
788a03
76de05
7648ce
79bac6
7b6abd
667618
67b8d0
6f927d
71e8ab
6f148b
607a28
6aa648
7de4d9
64e697
70422b
6c4ef7
7f2c7e
68ba70
6654c8
61c4d7
7f52ee
7da4d9
722ca2
7aec68
68506c
6290fe
77927f
6478f9
73b825
628609
6e429e
6fb2d7
60d06f
7dd4f9
784e39
605674
759a7b
7d5e5d
6beeb6
685657
716c29
6f1a25
7226c8
72f8dd
7e6a98
733419
6f06bd
7610fe
663cd2
6bee7b
6442b6
6fe46f
652c30
7578c3
6b6a98
7ac490
6adc70
6a284f
7be468
709a9c
609420
7482d4
6a063c
75d092
69fcc0
72aeae
6022f0
6d00ed
63fea3
65e6fd
65a251
755a3a
6b2cd6
73bea8
6f5e1d
6a4844
7bd4d5
60ea56
6b748b
7e0270
671a57
665863
74cce3
6b509e
64a636
6b8424
75cc4d
64f00a
7d941e
771c2e
743426
757236
70007d
6f7478
79bc82
6d8a8f
62064c
7c12f7
6f16cd
7e0843
63b8eb
7cb8ed
7cecf0
621601
752804
680e5f
6d1a1e
790695
62064e
7ae682
710ee8
63c6b3
773a86
6f5c76
6ec4d9
7138e7
63f4d9
65663e
67b269
60f23a
776ee7
7020cb
64e8b5
70824a
6ee2a1
77503a
707ece
7efcf2
6cdadd
701ae2
6f36c5
7c40d3
769895
7f6e9d
62681d
7cae58
7a7c5e
615a2d
6402b3
616c2f
798ac9
721ee1
684ca8
6760f5
74e632
74e616
6caaf3
70c0a8
7fd850
614ad8
754ecc
721829
6be854
709672
6176ba
76e673
7aee45
601431
7bd268
72bc02
6c5a69
7c64a2
74dec9
7dc096
7ad8ad
6a6252
784659
6dfc3d
758e9f
7c1eae
65a205
6bea89
70a2a7
7cf4fb
74ccee
664650
63c8e3
6b82fa
7e1ec6
7b4c0e
