63f072
7530dc
7c88f5
679af8
656c34
6e4266
732aad
60ba25
663e36
647ec1
7f8e09
62fa89
7070a3
76725b
7492dd
73f0b4
74c4ec
77b618
7b086d
6cccfe
6cf8eb
744acf
69f67c
7a0e23
6dda13
630c0a
6c6221
79bc3c
6ae682
771a17
7ad2fd
7eb414
7ac6c3
732467
61442f
710c1d
6cd093
7b5073
742eb2
6b500d
60568f
67043a
6f7a19
6d8e59
6fa691
6954b2
73e032
68fe13
7d6a5b
68fe98
634e94
7b5074
7496dc
71d4b0
65ba37
7280af
6ca4f9
736e7e
7bac97
62ce79
7bd6be
7d54ee
600a98
776206
7eece5
678e40
6fbcc3
75987f
6630ea
77a887
7d303f
6b243c
673222
7e467b
7fe254
6e1c24
6f06c2
68cc55
6816e5
7b6453
702874
6ef8aa
7e022f
7546d3
7f64f8
7bc2fa
66229f
6deccd
6bec87
635c7c
6bea55
71b2b5
769a97
66b25a
6f864d
735ec6
731a80
7130d1
7a90a9
7df63d
7252f3
7b3423
60d6d9
68827b
6612d5
7fb2e2
64d414
63c6dd
6cd255
61201a
7a325e
7a7e57
75e047
639015
70de7e
64e409
7d566d
738429
757238
717cb1
7f0aff
601c00
7c8621
7b54c2
69600f
608c79
7604c2
7be08a
6a6065
608cfc
78e683
750a23
7032fa
75ce29
7d30d8
78baf6
6aac69
6fec88
68b0b6
6b649e
64bee0
77d008
6ca284
6192c8
7af213
6faaeb
680490
6c70a0
769296
76ac4d
7c5ce1
6ad8fc
762cd8
7828d5
77c48e
78ca67
745e1d
744207
771aad
7e2c20
6474c4
6774ae
64bca6
695253
633676
669c15
7712d7
7c3c3b
72aeb2
684689
7134e4
7f5611
6d7631
664e3d
655a7e
77ca11
6d5cf0
7b4e21
7688b0
676eab
7414f2
73eea9
634a93
7cce90
72ac10
739ea5
7c4ca3
68daac
680621
7f5c82
7b8831
771a2f
7f4eb3
6e7a16
75fe84
69560a
61f0e1
60b029
6722ae
7a2491
7f323d
795458
7914ee
685eb4
61fe62
72c498
610481
684aee
68827d
7f8658
7636e6
652451
7bfe57
7ad084
7e0451
66f6d8
6438dd
7b14d0
73e4c1
6148f3
74c00e
7cd69a
73f246
7f2256
797470
6f90ac
69fef3
7efc43
6c8c14
763ee7
6de474
67ded4
6b3827
74b6de
620081
7cbce0
6bac99
6f8006
63b02d
6fd288
757cce
773a1e
76d4d5
74322a
68d27b
667a3d
760211
6d34e1
7aaa26
7f74f2
72aeaf
76722f
68b683
66d6a4
72ca51
7cd228
61e420
61feed
7a3214
7310fc
607cdf
7f76be
63585b
6e1c4c
6df27c
6e8e11
70a4d6
6696f3
716a22
7286e6
74c207
6d4a78
72bc32
7c7a3f
705a7b
791a1b
708a4b
7cf670
78bed8
60ccd9
7b003b
65e0bb
6bc4d6
6072c6
7cca7d
624201
7cc426
79dedb
703ca3
640ad9
7dc0c1
6aecd3
6ed4bf
7230ba
6db63a
6c4895
79da1e
717889
78102e
78a499
7ee42f
6824a5
656cdf
7e1a8d
6994fc
76a448
658803
600c21
6390ab
6b7083
65c277
7822c7
7600f6
661228
756e64
64e449
7f9a30
72accf
6cde3b
7bd85d
7e0495
6f7c13
70b268
64ee1c
7260bc
7bc695
650801
74d467
6794d6
74d068
6c0c7e
61a602
786c70
7068a8
6c58e2
772299
761c76
77001a
6412cd
7e4891
746696
62acd9
7ca48c
60d23e
77a6ef
67a82f
6f26eb
6278dd
7ece77
774471
784c2a
78fce7
66d62e
61be2c
7c4e85
753e6e
72d6c0
761e2f
6d9007
641c9e
74c033
7f3c27
6856c7
7f1050
6554a4
78d8d5
6a6627
6a50e9
7a228b
740e27
75ae41
6e508a
6c7e4f
6764dd
6d4043
7dd61f
71f0a7
7d1efa
79ee5d
7b1456
741af0
60c8cf
71a44d
74b6fa
68c8dd
6b780b
7b4a4b
7e5a99
7b04e7
797a81
7ea813
7dd694
74c24a
6f0455
7806d5
6fd072
619e32
672804
644c6f
692840
74583b
6bb266
6e5836
7afcaf
75f412
699c62
61b805
7f38b9
627a62
7048bb
7fd013
669e5d
7f7470
6c10d0
766eef
62b8a9
716421
6a3280
6654cd
7e00a9
637482
6e5e46
705ea6
7d54fd
75a08c
681ae0
61ba6b
764437
6b9217
737464
64a62e
63de44
7182b2
67982e
7ea028
675c09
75909e
76caee
7844cd
79d0ce
6d0c77
7ea6bc
6df2a1
654e69
614c1a
7428d0
6ee66d
60668d
6b1414
7a3c01
7d86d1
6d3009
791084
69fe2c
618e79
6996d4
7dd8db
71c0d5
608477
6cd200
785482
6f4449
6536b0
7ba678
7b68ac
7dbc3e
78da65
71c663
686485
754c5e
73b0ab
6944c0
750803
64fe02
619097
62d836
6d0cae
6cb457
79b2f5
66307e
6d9a51
60facf
74e60b
7fa621
63f83f
7472ee
64c8b8
7e5a61
7b48ec
647a43
7ac829
689a8a
708801
7ca6cc
7afebb
63feab
6d8c6b
7b9cc9
64289f
66fec8
7fbab4
734239
65a41b
6260bc
6a1ce8
7954d3
7206e9
630623
683e95
6e4083
6260ab
61c48e
6d34b5
6a2ee8
6e52b0
658efa
6206fd
6310a4
6594b0
60605f
7cbc65
73e61c
6200e3
64f680
76e2ed
6d38e7
63d838
7e4e95
73cc0f
7d080d
7af443
7db676
6a4ca0
764649
7710cd
7852ee
78e845
76feff
6d462c
6a1e90
627824
733001
6cf628
7a64be
6dc427
612a89
647c3d
66623a
70ce89
770ef8
6fd845
7f0a50
771875
7344bc
63c061
6c3e4b
7634a5
6786b0
76e609
6332de
750a2a
7960c9
7a04b7
6eb856
635cfd
602cdf
732aaa
638adb
6f4cf8
7ab09d
6c7848
6a0284
65eab1
67d04e
7dc446
7078be
6d807f
7c38fc
660eb1
6f2a9e
7a600c
766447
6f0e0a
601cad
74eab5
694cf1
70b675
6cd674
63e40a
7670e8
67705c
6030c5
7f9062
62f631
6932e8
725206
6e3e0c
798eae
72c6b8
628842
793012
64a434
7ef6fc
6618ff
771624
697add
60c217
7bea06
7930ae
6c40a9
7702e6
79d4da
632ccd
758a01
7d5c72
7fb8f4
7f5e21
63e8ae
66468a
758285
62fc25
6620a5
61c841
676837
781844
72dc30
754aaf
718ad1
67761a
65140c
604cb8
6f2822
7fdaee
72c66a
7b0837
6ea8b9
77a886
638ae3
6f3494
75a4d5
763469
62c48f
71405f
66626e
6aec17
61d2b7
7eea0d
60cc39
63fe52
6552d4
70fe79
66bcd3
7a9653
6b4e01
7a22a0
633a16
626a23
6bc048
6754d7
7f5677
7bca64
645a85
60643d
7e5ee4
690cbb
6b043f
6eb6a5
738a7f
6fde11
73483e
702c9a
6a242e
72185c
6f4a4f
6f3cd0
7eca50
7598dc
67b0e2
696290
7c10ae
665071
68008f
79c2c6
742af1
65d630
713667
623a26
6232ee
6b744f
7768a5
63eec0
788c34
6e1615
6712bc
703804
7cc67e
6f5ade
7f2a26
735c3e
62705c
6812ca
61b8d9
7d18e4
78780c
62a0a1
6f741d
6af0cb
78ecb5
7f529b
76ea7a
68d2b2
7fd237
7d2679
7e8a91
77f8b8
6e723a
72a20d
77703e
70006d
7e2655
6e7a12
649850
608467
6ce0fe
724ed3
6cb012
779cc5
6cc013
65ea6b
7158d6
70fcbb
636480
70e4a4
7afe9f
6e8813
6146fe
74b237
6f2a73
69d40c
722497
651ab1
6ddaa1
743aa5
62b633
71d075
65be1e
742422
7446ee
7b0c2b
77b0c2
6bfe92
7432d9
77f6c6
763686
7d5eeb
7ec054
6596b8
6ce0a6
7fa0f8
75de82
67d201
763633
70f47c
7110b9
7ff205
65c813
77ca5f
6d6cc2
77cc03
78acb6
7bb203
7676ed
71b46e
646ad9
7dd2b2
6e064d
6bd8cd
750c68
6152ef
6fea16
75e233
781cac
71dcde
6394c0
610849
6d4659
72e432
7f4c7e
71d06c
75128d
655211
79b666
6f4258
752cee
7eca2e
660ca6
6070ae
71069f
70947c
62ec1c
7bb697
79382c
6442a8
6052ac
6c9e4e
698482
60e61f
7d8cdb
765893
63fa09
7132b4
793e71
7ae2f9
6eb6c8
7ffa1c
7f800b
68523b
767a42
7b8e45
67b2df
656659
683030
6b2a4e
79e607
7110e4
719270
7b1c2f
7fb004
6b8239
75f41b
601280
63a272
6b48f3
7830a4
77324b
61341d
7e1e65
6bd4da
783870
756048
7d9a87
6ac8c0
6680fe
7c7e66
7a16bd
614421
78decb
6280c4
6ce8a0
66365b
678226
7034ff
7314bc
6e8657
6a1eeb
73743e
6f6877
6abc0c
73d453
7ff42a
74a0c8
77d476
7300ce
714a46
68404e
73faed
61e218
7b3a40
6130e6
623ed0
6254b9
71906d
62b2ba
728abf
63d266
7ee23c
710e7d
6922ed
6e0c54
664645
6208a7
6294ac
66ea30
6b1a54
79ee4c
63e07d
793e7d
76b4ba
679c96
7f06d0
63eca6
67d447
628058
7e6669
6f9484
6bd4d9
7d3a7f
79bc78
72288e
6fceb6
6ee2e6
6418df
7ee4d0
789080
6032e4
778ab6
70727d
730414
6da49b
6a08c2
61b0e1
7af412
795071
7be0dd
7b3873
601a6f
64e088
7ece7d
7eaa2e
609617
70a051
7606c0
7df4ae
6b06c6
6846c0
635cb9
7ca8b4
700881
6e6c17
78d4ec
6fec9c
75aece
6a3038
789431
6dea23
683a80
79f0fd
6452a2
75ba61
6b20a5
61dc15
6f0404
6e0efb
6436ed
67481e
7ddc02
6548b4
62ce8d
62c8e6
7e9aae
67d676
797ce9
7bd084
708600
63929a
744e66
7796c5
63ca34
77e4c4
72e6da
715828
757263
7954ee
7a9edc
7cda0b
65fab9
70908a
680894
69d438
78d4a5
64f01f
65ccff
636ca0
7d1cbb
6ecc8d
608ec7
64b2ca
7b9499
7fda4c
7fbaaf
78248d
6f90df
72749a
6912d7
7a22d0
752262
7942cf
766642
72bc70
7e76d8
6ac4f7
72b4cf
684cbc
654cfc
73785c
71b8aa
602690
66804a
69d44c
6feed2
