6cf636
7f621b
7e32ee
64fc2e
786074
6c0a50
6af8d5
759446
6aba2d
70320b
70300e
72d693
7960b5
60ecb9
7e46a2
63e2b9
6a6c27
7518ba
6c00f6
778482
770af9
637a71
6c888c
67382d
62c6dc
71d2b3
6d02b1
7942f3
664e1d
7b3404
7b6816
6c98fc
6524a1
7db04c
7f129c
6962ea
651ae8
71ccb6
72868e
62cca1
7bf698
7d96d0
72f2dc
6b34f4
759a52
7018b3
70d27d
64f404
7704de
704ec8
6b88f4
6a4e0e
75a66d
75fa6c
643cde
7bde9a
72e690
72ea13
625afa
79faec
63b4fd
7f26f3
645e7e
6e5081
61a080
61ca45
7c78a8
6358b8
6ca816
773c3a
69ae1a
61ee52
7784f5
723823
673c59
783481
6c5c80
7110bc
69b20e
711826
775240
781ae2
6a748d
61204a
666e2c
7a3ae9
78fa05
656c9b
6108e8
718486
72dcb1
6cf4db
6172db
743cce
67be02
7eac2a
7e8c79
73740d
7026af
7228d4
713af4
6dcca3
7d5690
64d6c6
742c1f
7bda16
7edea9
7d660b
7e4848
6ff053
676055
6f2209
7b8267
6dac37
66cefb
7488c2
60fa2e
7492ad
6efaa5
70d09c
6b80bf
6e26d8
79b60a
7ad29f
7b1a47
7f6099
7e86a3
66aca9
69bc12
6c688c
792481
6be2e7
79ee84
7718be
6f405a
60d4c5
75aae4
681e4e
7ddcf3
77c2a2
638eee
726a6c
6d60d5
70f8b5
7684e3
61a469
6bf234
7a8ad3
63dc08
69bcf6
68c2b5
7d4409
7af8a7
6ea807
666ce1
6e0646
73be8c
74640c
717eec
7f627a
758e94
77fa90
732e53
685071
77e20c
604215
72f0b6
605c33
7c10ae
6cb036
7d74f0
7eaec9
71f69e
70e4d2
70de18
7aa44a
675e02
7176df
6a60cc
61442a
6400be
73e6db
68144d
72ae34
7f3e58
65a0bb
7bfc47
6c08a5
6acc08
6c281f
699452
762ce7
7f9e67
7f2857
66d0de
7e84c3
738a6b
7f54d9
6ccce4
6e702e
78b0b6
759eba
76267b
73d6b9
60542c
742e00
6c82f2
7262a1
66ec76
720cc2
608cb0
707273
622e5d
620cb6
6cc8b7
663a18
6652ad
6e46d4
749a58
67081b
78c84a
765cb0
7d1c96
7ebe15
634cef
758809
69daaa
760e62
793068
773ea0
757aec
7894b2
70fcd0
64b4ea
657663
63c2c1
602c0b
707a4d
722cb5
6c1afc
717a9e
74f214
639e45
6d5c1b
6c6ae8
7cf263
70f27f
7212b8
6f9611
65287e
6a32dc
6c32af
7a2a7a
70ec83
7238dc
610c75
6f4e8e
6c4c72
7b9c49
735648
6184e7
65b8ff
795c46
6004eb
7f8c31
7bdcec
7a8063
63e2d3
703c79
65a826
60026a
6cf4ca
7ad6e9
6f564a
6932fe
79a0d0
7f8a6e
688ecc
609640
6c4e22
629420
776eae
6fcaa3
7218f4
6e7619
7dec45
6d30da
6272d4
6ec618
73c037
643870
7f2c0b
695091
6f5e4a
689abd
71908c
61164e
68203a
6ac47c
66c66a
766c6b
600ed6
7c6e58
618085
66d41b
6bbe62
7e7600
738678
60341f
75700d
749e32
686e68
6d10e0
674490
667a0c
64d8cf
61c81b
72b880
6aa04b
7b222a
6c3e7c
65c815
62d027
64c4d9
795ac2
6dc069
703c6b
7fead4
7c26ee
7cb00f
7b4a2c
6e10b2
796a78
7ceef9
7b2274
6a6842
634837
669e96
6f6648
6d6a03
666a65
70c8f6
77583c
74a6ea
624409
6560f2
743285
6d1288
6284c7
7860e1
63664a
6bf0a9
73beea
638e7e
7838df
6fa231
7d2ca9
600295
7b8042
7a260f
60ee0a
7b28b3
674064
6c2016
61bc83
6d34bd
7c68bb
768657
73bc92
712603
629e27
7ef2fe
6e8087
662279
754c73
6ad002
72bea2
611c11
795ed9
6a6ec5
6344cd
6056e7
66b828
61ea20
6f400d
6400d3
60667a
7b88a6
61323e
72329e
7e0cf9
61da22
798089
7a22f2
6d104a
722279
648ad9
7d5a28
6d7092
7d1c2e
6506f8
61fc09
6b90f0
7e72ef
68a244
64e206
76402a
6eb8f4
613422
68bec2
665803
7ef443
6f82f1
693ae5
612c68
727891
7d822f
667a30
643a5e
743225
68ba93
60141a
6bdabb
6efab8
72261b
61a4fb
7e6a7f
7ca291
7c02c5
65847c
68d2d7
7f1a84
7bf6a7
6a12f7
6aec31
6f4678
66c429
7e206d
63de43
74ea8e
7a54f7
6848ee
7d5851
652e94
761ebf
66f8af
7efef1
6d8247
637e75
61e013
693645
61dc4b
7c3a2f
630ab3
733c3e
7136e9
68a8c2
6a2a69
62c29e
726482
6f064d
71e224
67b8a9
742ab4
731698
770684
6e906e
78b463
79b83d
6cec58
7d405b
60c468
654298
6c1ac1
7616ce
7328b9
71fa17
7a2e12
6d2007
69325e
6c0692
76ec49
759007
7acc7a
650c9a
6b36c1
67803d
72848a
73c29a
654012
6d9e2c
6ef6a7
64ea02
74f6ce
6df091
7c2ae4
6118da
7dec00
73f679
74981b
693894
7f685a
6ae002
7e8ad8
64ea8e
6efa02
7b86bf
7758c5
70844d
6a5c54
7f9a20
687009
626815
6fd4e6
6abae8
724a65
76e4a1
7f4a78
605251
6f0893
62c21a
676aaf
6bde36
66688a
785412
726a41
666c36
69b81a
67204e
78488f
69b858
79b678
7cee44
69ee06
7a1aad
78dcea
777e1d
6f1661
7818ad
796ee6
60f868
7000d2
6a7409
7c2c2a
654ac6
691247
62a293
6ec276
6ce606
6e7ac5
7734fe
682cc3
67ec52
73dc28
786c4f
69744a
61143a
76d03d
61fa55
748c6e
7d1a74
7bb6df
7be66c
7ea23b
72faa2
627a08
631aff
7a3a38
692424
7aa036
74a8dc
654242
63c617
6b7aee
77a0d5
6f921e
633642
6798f9
66ece2
6b5cc1
66a485
69a483
6e6ef7
7034bf
783480
77ba56
74d8ad
61e003
7e8a57
67bcf6
7e286a
79dad7
7ab8c9
75a0b3
7a3623
743803
757218
7a787f
7d18ba
60a684
7c2a2c
640a3a
669276
6c2227
73b41b
750aa2
62f201
725835
794a0e
7ba8c5
7ffc24
7bea23
616ea1
7974ca
7c6656
6d984c
614e3b
666c6f
70e84e
755091
65dae8
6f40c5
6c5044
7e702d
732a29
72f03c
785a77
6d6eb1
6a20c9
668255
70c0e2
72723c
700e4a
6992ad
6890f7
7b2e20
657e86
6f1ad6
7616cd
79ecc5
722cf7
7e52e0
7d2edd
690c27
6d9ac4
713625
63d2e5
7816a3
6ba0ac
661076
71de0a
6a60e8
7e2861
6610d9
653a39
753e22
6288f7
657a2f
79d414
6196b1
6934fe
70001e
6ab431
64b499
78026e
6c863a
6f8863
6d4634
60b45b
69803a
6de68f
78c871
726475
6c9a13
7fbc4d
665ef0
752e34
666275
647601
612c6e
6a7880
74a610
688cc1
69eee7
60c060
729e5d
6b7e26
6f7ec6
7dd41c
71aa28
76285c
750293
7310f6
7c2004
6e86dc
653638
6c36ec
6b201a
77dc08
78c68e
64da46
75b086
6c9668
6fd0ac
6b34ce
649e76
7aec34
645642
687ae6
79c6c9
6634bb
7eb260
74f0ae
683410
7f0a87
7dce99
649e01
7444c6
7d803d
7d4a63
71f848
77b62e
7d68a7
723a58
611ec3
640abc
62c41b
655a15
695043
66361f
7102fc
7f54a8
608e57
78945e
6a6e60
6c66ae
77d602
6e3691
75f24f
664a4d
67cacf
7740c9
79dc43
73b602
7f4e06
64b41f
774c1e
748e43
6a0881
6e3431
70008d
6f7cd9
66b2da
7080f9
6fe878
79fa8c
708a8d
7814e3
64bc5c
785a7f
7a7e10
623cd3
7f943c
738615
6ec85b
7f504f
6dded2
7acc5d
665035
7bde2f
7f58b7
774c02
743429
79d0b9
7efed0
688c5b
7e08a2
7ab800
7144e3
601e20
64bc06
68d038
74e4a1
7e22a7
7c3a59
61f045
6cc282
7ec498
70667e
742465
769c78
730acf
693e59
623481
7e86f8
6bba97
710c63
788822
6dda7c
64f81e
7b6073
6bb498
63a089
7734fe
6f9adc
693a4a
6250c6
6b7860
7acac9
64ae82
642877
7dbcd3
63866c
717023
656476
7e18b4
749c7f
6f6e6b
6ee474
791e7a
675cd6
70dcd4
642cd1
661213
717492
67c876
656ce6
6fe85d
6914f3
7f54a7
73beca
7cd601
6174fa
6eac72
628ece
7dcae2
742cac
7cfc88
6dc0df
7f30c5
720229
671e42
773ca9
611600
7d4288
7970a9
6b4082
662ad3
7b1c50
7eb207
7c4089
6690c6
672428
76f48a
6bd8f5
74ea07
750c51
7860da
6e62f2
7200e7
7db4a4
693a4f
6a4ace
7ac27b
6da8d3
64aeff
78a604
638eb0
707e1c
7b1273
7830bf
7188a5
7d08d9
6d9cd7
7470b6
68320f
7e84c0
7a4ce3
6a8c71
77e010
6a5cec
774e0f
70eaa2
76e02c
65ea99
682cb9
726a45
7694b6
735eb1
6bac6c
73128c
740c05
7aced3
7590c5
70b81d
6fda45
6d84e4
715c20
6aba0e
662c9a
7136d1
7b32bf
7c8e82
65f2b6
75541c
7a9cec
715893
6c7cc9
74f6e2
7470c2
69d2d7
658609
7db46f
64248a
6a1850
67d04b
7bac48
60aa35
6d36ce
7e0062
6586ad
62bec1
67fc92
6454d7
77b4f6
711caa
64e8d7
6d125b
69e67e
68585c
796ef5
7b482d
742651
71a6df
64a441
6b0cef
69e40a
62d28b
69c04b
69cc81
773c4c
7c24e8
74906c
717cda
7104ea
6f48de
7088f1
773a31
759cb7
61fc63
73e2f9
6a8095
6c68d2
6084ef
6b7a74
725841
6bb6d8
7a546d
6b729a
74c4ee
6a32db
657e32
65a8e3
675cea
7c2c1f
7f30d4
7eb8d3
6b7c86
664a94
6b3423
613e23
677e8f
7082f2
6f1488
70307b
677e9f
63dc64
70b2b6
63f05d
78b026
7290f7
67fab6
78dca2
726275
76e665
7d823b
72f0d1
7be8a2
7718ea
603a83
6c0ac7
7fbc37
7da8ec
78c4d1
63d62e
66b8e1
712426
627895
79c2c8
7612c7
7a5875
6d6205
7dc6dd
65222c
6fce08
6c8c72
66b8b0
778c82
67f00d
6bd018
6e74fa
624cf8
648a1f
6b4c3f
657c02
7ab09a
703e2e
73405e
6fc007
745ca5
7452a8
68d027
63fa49
7e2231
64764c
7fa202
7cb25f
7f2278
78003d
6980b9
756e0e
720a61
6bb2e4
67749c
65fa77
6288df
741cb5
7ab6af
6a2c5b
6ec004
74525e
71505b
78b45d
75724c
76fef1
6f1616
79faf6
6e48b8
75ca96
61e009
681258
6a08fa
6c7abb
6ea489
61b8de
615a0b
7b708a
7d7879
6eacef
67b076
7b3ef4
704eb5
710614
71dae7
710885
7d7ec0
7ede18
7e7ade
6500fe
67368e
79ca6c
67d497
6f6e62
7c8428
7854f7
794229
66a611
625aeb
7d644b
6b2ebb
6c1e21
7eaa51
6b5608
781ee3
79cae1
7a2e1e
7a001d
6a7cb8
739615
61ac13
75100b
7ca04c
6cfae2
66aefe
62e01c
6e6458
61b8e8
78fabc
6b18ae
71a6f6
7beaa1
7686a7
6cc650
688ef0
6a1c79
743464
69be41
6ff87b
63f456
76da02
641e20
6cd2e5
72f8a1
634ef8
6b48a4
6f7837
768a14
65faa6
6eec45
7d74bb
6b7647
7e4e27
6b748f
743030
6ffeee
7b9243
6deaa5
70c281
757cd7
757243
75e635
7c2654
7cf60b
64e003
7c20af
7c08c8
62f616
62e80a
6cf227
7e8876
6ff48a
6c7eee
714a0c
627cb9
64c637
6c5626
7cfcbb
73b4ca
7d063d
6ad2d7
7accbe
6e00a1
6adcd7
70f04d
636817
66a049
7fae75
75c0a0
6fe689
78fa4b
7f2a49
629e7b
6862e3
6bd682
69942d
7704dd
7db688
761c4d
75925f
613ab4
6046fe
77fa0f
6548b8
66d67b
692839
6358ea
77b8fd
7c1ef5
61b859
6e442a
62f4f9
78a87d
727c63
7d2a21
72b280
6ed64f
6736a5
7e6006
641aca
64e414
787a17
72dc76
702070
62186d
60ca87
72e6da
6f0ebc
7d347f
77c2d1
6720e9
72fa32
7efa92
7194cc
60f2b4
7aa4aa
7dbc20
701477
7bec34
78a07f
69023b
7d5049
64c041
6cae83
7da88c
74d09e
62204a
639876
6c0492
78ba51
68d063
6e3a1c
73a6dd
7aec42
729a7b
64b2b0
7b0488
758e4d
63b838
6822f8
7b4ce8
7f9e66
6d148d
742ac4
704c6e
7a82ab
7e5ec1
7b5e62
681ca8
685eb1
78dcd4
6a0637
72c2bd
714c08
7f4c27
6788a4
77f656
64ce27
654a70
70fe0a
6e165e
740ea3
70188f
66e40a
7e4403
6e366f
68b836
7e0c8f
7c68ce
6930dd
6f3008
7f366c
6b6acf
72a297
7e06d1
6fc6a8
7c36f6
7dde78
782ebf
76eeca
7046ef
6e5481
6472ad
67508e
6a66ee
7b2681
7ba0c8
69c491
689acc
731645
6902c5
750ac7
79107b
65367c
69dc2e
7be2a7
6b1088
7dbada
7406f5
65f066
71f826
797243
745897
657a08
6c1c6c
6d2eed
76f669
6572d3
6102e8
78a697
78a88b
75ac5b
6fbef2
684e35
6ac468
6fca10
6e101f
6942f4
734cd6
668076
6376d6
6bc22f
707ec8
6dbaef
70bcfa
7d86d1
7c6a61
62a6f0
77b033
637004
73f4d6
6bc484
6dcc7c
6324b5
710213
6bb6b3
78eabc
6a1038
68e677
60c486
7e0455
655c16
7876e7
735afe
7da4ef
7908c3
73926b
7160ff
68ba0c
781add
75b296
6f3c8f
774ebc
714c94
670211
7a2a57
70e04e
726286
61d446
79d898
6ac2ff
71cc71
69227b
62d0e3
68423e
650c4a
6d009c
600e88
659aed
788062
7dc0c6
6e9e41
63d820
70e23e
707ad4
6d4ec7
683c8b
74325d
680a97
647891
6fde5a
7d30e2
6b0a62
749225
6cb26d
752cfe
701271
6c7c65
71b8f0
745a3c
7d00fb
77f0ec
78825e
67842d
67eea9
6ebc53
6cfe3d
689624
70266f
6e3afd
7e0075
7c6efa
79e25b
6fca66
717ed1
6b38db
749600
6fb8a5
727ab9
79308e
774e13
7b42cf
6774c9
70c07c
756c1c
7af2a9
63d640
783ca0
75ea46
6e209e
7c8e82
619433
695e2c
6c2ae2
7346e0
63fad1
6c80ac
6774ad
75b05f
66aedf
6238c6
699e27
783c42
6390ba
6d9460
7418f0
6982fe
71b0c4
703621
73a427
7c6ccb
65fe9c
6b12fb
7d22a0
7c6007
70ee67
72e016
6a4a14
7e94fb
73fc4d
7de46b
781207
7784a6
60dab1
665687
6d8ae3
6b089a
6fa285
78d2c9
6ed44c
6e0a0a
621ada
6a7c1b
604883
7fc402
63d227
60c62f
79ccd9
6fe23a
68fc9c
74064b
70a010
6958c3
6df2b6
68d29b
716a70
764698
71307c
719a25
61d0ea
6fbe49
60008f
7f4e5a
661c3b
7e74a4
7ab822
612093
6e02b4
7b7412
75889d
6d3271
63bc16
707276
760caa
716088
7326b1
6b18c3
74667c
7b06a4
76eec9
75ac52
7d9871
6a5e59
6ba4e8
72ba04
774ed1
6bf82b
7e4608
6c701f
6b12fc
7cd640
6d6a62
728ced
74e246
689c29
6cc801
7024a0
743241
714e76
668ce2
60629f
77fe3f
77daba
6f4ef7
7bdc96
631651
623e45
7a4a9f
7954f1
70d681
7b06ce
6850fb
6a0637
6f54e0
6368ad
730ca2
602819
64240f
71220b
652465
75ce2b
78263c
65ecb6
782005
72e8c7
6efc7e
723088
6e4601
6f8a58
7f8a45
7abe94
624851
7468b8
70d0a7
717e0c
6a8c68
77d839
7d125b
785eee
64ca21
6ffe13
6b041d
7f7e88
68da13
7ee8a0
6d6cb6
7f1621
7e5a75
7bc8d5
70c036
774ac7
747097
72445a
672e05
7866d7
6c348f
723690
63c210
7184db
7bf0ec
62a61e
69d8ff
7d5665
7036da
60328e
7fa65a
7404fe
620460
767217
7618df
6b9aab
611845
79f003
6012f1
65dafb
68387d
622adb
69c050
617a10
6996c9
7f5a0d
6bcec4
62b689
633440
7a889c
6800ec
6c36b1
7d544c
727278
7ad87b
6a84c7
6bfc1c
6f2286
7db2f0
68243a
786613
62aef9
73f65c
6b245d
75ac18
753628
69bce8
7428a9
61a4dc
6950e4
64d40e
6fa6c2
709c2e
73e6f6
693a7f
669e70
70c0b4
7328af
6d94a7
6d3e77
7fb4a7
7308e3
65cc6a
7d5a2b
61dae5
69b63c
76b2f5
610c32
604c91
69d046
66261f
76c200
6d1027
6ebedc
6b2c36
63321b
6666d7
78602c
757cdc
7a9a62
7c9282
76244d
6dca06
7ade6f
7cf2d8
72c276
6aa2f9
7ff8b6
78509f
671a7e
64a243
746e6c
68223a
66e6a2
63f0c6
7da6bf
6680a1
67421b
79a4eb
689e02
7e66c8
75fae8
67b40e
745653
61a416
63f870
6f4aa3
640ec8
6d72be
64320c
7fb688
7394c1
634061
76548d
61b415
69b21e
637e5f
683894
75e8ff
7de67f
772489
65c8d6
757877
65d4c5
645826
7190ae
70ceab
785862
66c6cf
61ace5
7e248f
75e6ad
7bb8ed
67caee
7716cb
758ec1
6a22d3
7714e1
661acb
70e45c
67f8b3
7ae2dd
608c3c
775829
78600f
74e656
6810e0
767020
68ba57
7b3ad4
62d223
7edc9e
6838c7
7fe0e0
6dcacb
663aa7
75b89e
7ffa5d
7e00b6
67a49b
7478ea
6d7422
7b82de
7feecf
77aeff
7f90c8
6c70e3
7cdee4
6c4cd5
72f674
7d6a7c
760c53
77c44f
75ba78
76c8b7
63ee36
6fc0ea
7ca67f
75ac87
71d27c
6dc8c8
75e6ec
74d05f
70c891
73fc5d
7a080d
7b0e42
69f206
6ede81
7e06a7
6cb6d6
78c498
7770c6
6bac8b
7142b2
6e42b8
7f6041
61ce73
6daa24
7f4a65
6836d2
6a62be
75f6ed
602c54
6dc048
6ff429
6e9c1d
7b6286
7d1275
7f6270
76aa37
633a1c
65c0cb
6b808f
7b0ea0
72e8b6
7618a8
607ca1
74d0f6
779ca0
6c488d
75184b
71fc54
7306a2
653802
64387c
78ee24
651c0e
77901d
742a6d
7fda59
7a1848
7e9c46
740a0f
64363e
74ba74
70a8e9
67d061
7624b8
73807d
669275
649aba
66508f
7de89a
637a66
7b74c5
643e5e
624648
7a10bd
644a3b
751abe
7558cb
66dc93
7edee8
70ace0
65544d
6afc40
6c2eb7
607a41
65fe3f
71b64b
74e4e9
6822f1
7a9c6f
6aa413
6ce6fb
7f2266
7688f9
6832eb
7eca49
71de5a
67de2a
6488b4
7cb40a
775aa8
6bced9
76f82d
6f5a9f
775c02
65c479
6f7e6e
6f82ae
650010
6eaafa
71f2c9
71b2e1
78bc49
6d42f1
675cab
6cc0ce
6946fe
76daae
606caa
659819
722095
721075
7a205e
6db619
7e5006
6a0e7a
6b0e7f
607485
6ecab3
6234af
65d08b
6e80b6
60e616
778a8f
7722c3
7732f0
60e219
76ae62
6e8ac8
7d4042
7282d9
78fa92
6ca82e
6510d6
6c48a8
751400
7bf4e3
6d6a90
732238
7312c0
764a01
62decc
7edce7
78868c
6ccad2
64b66a
66d672
705eff
772ce0
60d4bd
7cea40
6366a8
615cb1
6754e3
71a610
617e11
668e49
6ab85d
7c3c6b
709c68
6f74c0
62807e
7440c9
769e05
6ac40e
65aad4
6c167f
71fa12
7de241
6c26f9
61feb8
612640
66c09f
7cb673
7d1ce7
70e22c
709447
7726e4
62a6e4
6be600
717836
7f5c12
626eaf
680c2a
699600
64fcb5
7ef839
7e721d
7d5650
7194d6
76f80b
676e6e
63982e
7d5afb
75acd2
633232
677a8d
7b80f3
76bcb6
6d9626
7754aa
7bd2d7
6b7a5d
7b7ce3
7718fb
6d2211
732cee
7bc6c3
69ca43
6de84e
7bea6f
6e260e
7ed6d8
60fad3
68d288
78c0d4
77ec67
7206f7
7f22ae
745c4e
606044
6f2043
657af3
75f2e0
79b24f
728280
6332c1
7af07e
72ce43
745af2
69b051
79ce79
6be4bc
74d858
776604
6e70e9
700ee6
74ea06
7418ba
6c646f
7d42c8
6422f2
6c8675
7e76f6
711ec3
7dc639
64f202
6bd89a
6550da
7a9c15
617216
61bac1
6e3830
6a9016
6ac8c8
7f2496
7268d3
7d2aa3
709cfa
7b0ccf
790eee
716278
6e52ff
6ca438
6b588f
64f41d
7a2cfb
777e09
664272
7ba236
65921a
7620f0
742e83
65acb0
78361f
61eaea
71da6f
6f8c7e
7ec46c
7c3c15
7c60c7
746461
663e90
686efb
7840eb
7c8a4a
71fcd1
7cfa46
78ba74
757ec2
6016e4
7e609b
6786dd
6028d0
77209d
6d4a54
6a2cc9
78dc47
67f813
72346a
7cee52
6822af
796c17
6ba661
6a083a
7cd8f4
6fd0bd
7d5adc
7fd4a4
7048c1
6e4c28
7b74f2
701ae2
6df8e1
60cade
615a4e
760aea
7b2c52
6d1245
7dc4c7
6752bd
700e8e
638288
7d8c42
629452
7ea84e
6c4064
7b2235
689810
72246b
6ec23b
75b696
6fa8b8
7a94d9
6a629b
69a6ac
7bc477
7d9431
7d4640
76c04d
78e878
688ab0
75d62b
65d0c8
65088d
756c39
680c4e
735094
6b324c
62225a
68d693
60fa7e
637a12
733eca
75f0f2
71500e
694abd
712237
6858b9
68826f
6664b6
7cc057
622e5a
70c27b
7dec2a
69fc6a
77ca80
71f80e
680efe
6e1437
62fe67
71d894
662093
6d44ce
75fce2
769a34
66d420
666296
615a29
7da2c3
74caf4
7786bb
6d507c
6c38bc
6770aa
6c54c3
65f62d
679447
7df42c
7a9a37
7f0c30
75c8ca
6c1826
67d45c
7672fb
68c89e
764a14
7ab8e5
7f2ee3
63c443
7e2c0d
6abce2
6864fb
61686c
6ba61c
704a57
643ee8
64a64a
6f5ac3
6de0a6
73e4a2
7e7878
7642c3
66882e
674eaf
68d26f
7cbce1
7d6a12
6a6813
7dda0e
639cfe
69f435
644e21
734860
651c49
7082ae
692051
7ae05b
67ecf0
754cf0
6eeaf9
79ce52
718ccd
658092
70f881
69eedd
6e9295
6ca22e
6990c0
7e265b
7e6c22
68d060
7d7a77
7a9a3f
7c529b
6c2203
7ac428
7db296
788090
7e803e
7d28e0
640cc0
723688
6d605f
6f0247
7accc6
669401
6ff6fd
679647
7af8b9
601acb
722028
6cfe24
71c63b
753845
7f2ad5
6e2cb0
71a44c
761a36
790cba
65104a
63a6fd
759a34
71b830
6a0a81
7a8c1b
6d5433
79366d
6270c5
771aa4
6e824d
786e7b
634a0c
7086ca
779497
745657
67c693
6aa017
6d3833
74ded7
71221a
7612e3
63a25c
606489
730cd5
742ec5
7f3497
74142c
6d6221
6c2cd0
65fc2f
7e62c8
7a38eb
7ca8e8
718285
62ceff
7f94db
7e6ae8
6e166d
6ad4b0
7a16a3
7c7ecf
6fdec5
7de6ac
6ade52
723a3e
6be88d
78882e
7092da
6486f0
698087
722859
7d88b5
7cea02
6d5288
69bc09
6e78ad
6d2ec5
673807
670c39
70402d
66f85c
6cc826
7308e7
7b665a
6d787c
7efc30
75a2ca
64fc58
6a5c61
6f8ca2
7b5aa9
6e9a2b
7ae8d4
601aab
62d237
6746fd
6bcacf
60849b
679467
64387c
6e0af9
7c7abd
6fb0a5
649232
6c0cc3
65f694
74d81f
6770bd
650805
62ae5b
755ee2
6016e3
7b5e4d
6f4e41
621e69
6d9e9c
7e54b1
780c0a
75a8fa
686ec6
64f224
7dbcf0
65ce47
6f6447
712827
60a8f8
7212e4
7d9056
68fe67
6d5ee4
7246fc
65c643
7cb47a
69dcd0
7492bc
6a4c5e
6aa6d5
7788e8
6f3cc1
72e28b
6cbad7
7732e5
694cf1
67004c
7192ae
71b649
738052
6f5e45
63fe52
6c1ce6
6b0419
603afd
62d4d1
60b0e8
69787b
6fd205
737887
7fb44b
67d4fa
642ceb
7f9877
7ca0ef
74d46d
6f002d
6bd418
743279
78f01f
6a1a78
6ca8d8
6e74c0
6d5c04
642032
649ca8
70345b
7f4241
708613
731280
7e96ca
6406bd
79a61c
633848
6ca069
736408
7f88ff
6012e2
775ade
7cecdc
697894
74fac3
6ec226
78c688
7de0cf
6c8c68
612a7a
78e479
690e12
61128b
6db6ea
716671
7834fd
75b4e9
7032bd
65f450
62a47a
66a281
65dc7a
636c74
6432b0
6ac87e
7fc845
71f8e7
7c56fd
6d46d4
681040
6facb6
77ca39
6c1892
6fe80a
6ceeb7
619a59
750225
685e2c
7b2c1d
74d288
7e84f6
65ee54
7e1818
7268b1
6d64e2
71da71
6d8e1f
7c34f5
62f87f
734c18
6b0812
7d8c9d
6eaa8a
7f8080
6c6c36
7254e1
6b1e1d
77828f
75d00e
7bf226
6d7274
763c1f
625292
647ecb
79f0e6
7ada0e
7a9e58
63142f
78689a
623eea
614e89
67c486
795210
7b26bd
698063
7d2ee6
760033
6c9a0c
7a50e2
67c414
7fd4df
6ce08d
627ef1
7f0884
7cd6b3
763a3d
656e9f
6a9ab3
6708e6
6a5690
75aa91
65ac0b
682890
65c80f
7b7ce0
7cd04c
6df2aa
6bea55
6a9ac7
656821
76c4eb
62dcd3
68b643
63946f
7b9662
6d249f
787271
6f6aa6
763603
66ece2
7e6cde
7cbca0
766081
70e08a
76482a
6ff001
74aa22
