760224
7d8c2b
7cbe6a
721849
6d5a51
6c2224
65829c
65a460
6ee27a
6d4448
