6bbc3a
79e27b
719ca6
7fee4f
717663
68dc47
7f4e4b
6e32fa
73eec0
6be6bc
608680
676cff
797690
6afaef
6bb4c8
7e8855
78d241
79debf
793a7c
619e83
63b035
72def2
782ea1
60f21f
7952cd
62ba8d
730c5a
76bc47
6a9895
73b257
719ace
739a3f
7440d9
636ce6
62082e
69845d
684881
6a8cbf
7bc8dd
698437
70307c
6e26c6
6b904c
74f066
61524e
7c1671
741a4b
6e7a55
617cd7
790cc7
7f9ed6
69f406
613a5c
78389b
7996d7
77b624
70b60c
69d8bb
664e7c
7de6f1
611e78
6f14af
64e034
624ce3
778ef8
6e686e
68e47f
681c99
7e3a0d
764e92
7088ba
64f0fd
782663
6abed5
75e44c
61c645
75defa
60f0a8
681ee7
6c4604
7312b9
69c2f0
660099
633e5b
743ade
60c67b
7ff09c
7a0a30
63586e
7a5250
6f048d
7e5e44
635cb4
6308e4
7a06b8
6f7466
6f5816
7368fb
63bea1
76f434
60a6c3
740a18
64c847
654412
6f3689
6c7e6a
6e5ab8
7d5a28
775cfb
6af2ed
7b4003
7afc9f
7cb891
7f0e56
6d7277
6cccbc
7f8cb4
707a37
7152ae
738eef
680cd7
768c58
60ba04
6e56bc
7f6a3a
770c00
614c00
6db4f2
7c641f
6eda04
6f64d3
619c4a
651ca5
693ef3
722a64
72e2f8
60a09a
796e40
6c38b1
618aed
763c9c
6aa0fa
62f09c
6d6ca9
7f5c60
64ccb9
6428d8
6344e2
730ec9
63ae23
61ceb4
7fe631
7de4f5
64ca2b
645647
681403
7eeadc
7df6a0
68c4e9
6b6a96
7a901f
65b64b
6f8691
6e3e0f
60823b
6f9e7d
6b6411
61ba4e
7fde85
66a802
6c046a
795abf
785e1c
7efa32
78f69b
6ad416
625e0d
7576f1
726a4f
6fea60
66de89
65346b
6fd6c4
6c86cb
7cb61f
79fca9
6c5456
6a6e46
607477
66cc1d
6d3e8c
717489
65eef7
60b4c7
739a75
6e9c4a
6518ed
7f24f4
7f9af9
749ab0
7ba803
67baca
7622bd
70ec49
6ddc3d
7ba645
7026b2
649c1e
6b4e65
7f5a07
6c4ee5
76a686
6ca60f
6cf4d1
791cf7
600229
700e22
7ed24a
65142e
6d7a3b
726ef3
69c816
77a82f
630c5e
7328cb
7c8478
60c013
7fcc70
6214c4
678613
7d8810
65bccb
788a0e
7de022
60d8e1
602a56
7a2ef9
7cc6aa
70e89d
62ae8d
7566ce
68a643
7de664
7166f6
6f86b6
7b80e4
72d42a
62f4c2
6a5a96
695e30
6f1278
7baabe
75167f
7da0aa
656a6e
7e7adb
774c37
6a6043
764a6c
719a6a
730cf3
67ac29
7d34cf
776411
6f6279
636079
659cc4
65ec56
771ad8
69d8b9
640475
6b2eae
7a3a4d
72686c
6fea6f
6eb8df
759ee8
78f606
76423d
674403
7a3a34
603858
6c6e96
7526be
662ae4
7748dc
73a07b
72be1d
65cc5e
6dfaf4
680088
615490
636e91
7c9c73
667494
779013
78aced
6486f4
759266
666ef8
6cf05c
65e65b
716eea
72061a
64d64f
6284ac
79ea67
6498a7
70e645
6922bb
6904ff
7ace89
712e5b
695e15
72accf
6326c0
60daf6
746c6d
611e89
673200
6dbe37
72b467
6feedd
6182e1
6f1e91
69a084
6bf8e5
75861c
60e271
7a565b
675652
723c53
7452f0
6ae038
73d831
621c34
67e635
7fe6a3
76c8d1
6dca76
732e92
7ac07c
63b465
72e81b
7a3652
7338c0
7a50a6
724ad7
7324f8
78d8cb
6992ba
60e8f0
6d94ff
724a9f
6c5ce5
740aea
7e38fe
6e44c1
78eced
6eca68
6d64f3
78b847
61dcb5
7b603c
63929b
713040
7b28ba
70c4f9
7058d5
765ab6
7ee8f5
7c50ff
745c45
633cf2
712652
6a368a
63281c
61d092
72b2d7
67a477
6362fb
723efd
7e0646
682c75
7746dd
64c2ec
767202
727c92
685678
7a468b
7f4c29
66fc4a
6882e3
7dd222
6e826b
7582cc
6cb29e
6c4ee1
63403a
61fc4a
71a4f7
74a818
7d0e44
700ed9
647ab8
6374e1
657e4a
7a7cda
7c8408
6e7c55
73341f
7d0085
60ece1
7770e3
6e348d
796638
62ac19
618cad
63cccc
68c440
75aa3b
76dc1f
611a46
698e59
747814
63d233
634ae6
701877
72d4d0
7904a6
6edc32
6c40d1
69dcba
7d14b4
742ae1
7760ec
66b403
64aebd
62de4c
6cfc3b
73fc2b
71326f
7afe3f
6204b1
6398ab
7c129f
6660a9
714a6e
6414b7
7e9ae1
6fac81
681207
65b632
6736de
7aa496
6da841
799c94
76a8d1
73c81a
789a08
61d0c6
687ee7
73488d
73a40d
6d06a0
7a729d
72babb
70dc3b
6d5ccc
6b120c
6822da
79fc32
7a1c92
7a5051
76e8f3
6c9a0c
70ceb7
7ccad5
68ca3c
77d654
7d786d
660abc
77bced
7220a3
622425
630cd0
66d050
734843
778663
786691
60f0b0
6bc422
64b218
7be0e7
63f4ee
754282
775084
76fafe
64e099
626e92
