720609
6cfcea
610c4c
7314af
72b22d
7dd236
6f8215
6caeaf
771e41
780a39
73b4a0
79763b
61ecd2
7eb656
79fe8b
7b1023
65e0bf
7a74a0
7af0aa
71e859
7306b4
7304c2
6de02a
6130a1
602cfd
7aee9f
63f004
6acc47
7a86af
60781b
759c90
7a64af
72ae10
66d03d
64747e
6fba3d
65106f
608e91
77706c
77e630
7296b4
70a84c
606cd1
7072f6
60f2b0
62b634
676c37
670082
6b6ed8
71b234
6f28ae
71ea13
659a36
6b30ee
771049
6724ce
631e67
62b65f
7066c8
61ec0c
7674de
65e0d3
6ccaac
6aa46c
73cc79
7a0a28
7fb806
7fc821
708ef0
697209
70827d
710220
7e7a7d
6b8e8f
7be087
6c46f9
728247
733e6d
69904d
7e7eaa
62ae5d
7380db
6b6e5d
60289b
765451
7ff2fb
709a07
7e2445
6230ee
6e08ca
61c47d
7e62a4
6300c1
75ccc6
7690a4
750e1b
608028
70b6a4
75d238
7714f3
79e0e6
72c04e
61fed6
63365d
7c707f
685a94
6a8cbf
6322dd
69dc78
734e7a
7504fa
68821f
6fdec0
76cc62
7e82e5
77706b
607067
6bbedd
6dd6f0
7eb43e
7d52f3
7b422f
688666
6062ad
6f1ef2
6c0ef7
728803
608093
76d61f
6e741c
6f4897
703edc
64ce6e
77acfc
6bda20
6de03d
76228b
6ff06c
7e9ad1
6e1299
707642
61380d
7c721a
78c07a
73701b
62d495
745ab2
7e5c0e
6baccd
6f803a
78185e
65a81c
7d6e7a
6cca3c
6056b9
611417
76da7d
7af062
7f1ca4
63568b
7f10d4
67a45d
7e826a
6a9812
6fbca9
693e87
75a274
7aaa84
7d6e3b
7fdaff
7a26dc
6da052
7bce1f
7db4e0
6bb8ca
750efd
7cb47c
6420bc
629216
63de25
7aea32
7fe0b4
6d9c55
724af7
64aa57
64049e
68ae05
7a96fc
6bbca9
68124f
67028b
753ec2
7c7cc8
69d019
70eab4
607854
6c3603
6dd004
64b031
6b0ec3
698ac1
7334c3
6c5eb8
7d38ca
638251
6128be
7ee804
716269
7fe8a2
601a40
613e2e
6cac5f
7a622a
6a7e3d
716eb4
66b667
72045d
6da48b
627cc1
6d84ba
7c1cbd
70fa7b
639056
6eaedb
6a2ca6
6ae013
648684
7b8ec9
76081d
7778b2
710eea
736a4c
67d220
7eea1b
693c8e
6c8253
64b250
720412
624af2
756265
783eaf
7068a3
626274
6c7a4a
63745b
663e30
6d62ef
7818a8
7fdc05
7d9c9c
759661
656619
72f6e7
779c63
73160f
771e38
65fa94
6a3875
70ac14
764269
6834bc
6f2633
78f200
603479
77229e
72f2ea
68e480
730a27
7f368c
7be2fa
6e9ebb
7efe80
7090c2
7c2690
669654
6cd2be
67ea5c
63a841
73f06c
71ae87
60f4c0
7e6c33
66b687
7e144f
639ab9
6378d3
79664f
78aa9e
7a0e42
679477
711881
77e870
7a9687
671277
78aadb
76e60e
75d6c1
7d167d
7dcc23
6a968b
7baee5
6fe813
73e0bd
76cc9b
7de2ac
682ee1
62447a
6878da
6e12ca
79d254
72bcea
6b2cc0
7152b7
67ec50
712e45
68f264
736479
7f52fb
7e3671
633abf
6dccb4
6acc85
776420
6e6a6a
602cbb
79a02c
71c079
78a6e3
7bc21f
62ccf8
7da230
79fe3e
72b680
6dfa48
742ec9
62724b
623caa
77dcdf
701890
66d25e
64fa14
6e6c54
7204c0
7c1cc1
662e13
6bcc76
7cb4d3
76ba20
749209
7102dd
7b747c
6ed4fe
6fe294
6f24bf
79765c
756270
7c46b4
6a2e6a
6870e3
601605
6e208c
779277
6a08cc
7b181b
612003
76a853
7bbc22
748468
79786f
62b6cd
7d0257
70cc63
777a40
764c09
726a39
68d08c
7d341f
75ec88
6c5cc0
76dc43
628ab5
70ce3d
7cb028
7aa07e
6afe63
7ad87f
620ed9
650047
628add
76e457
6bcc85
77ea27
76542a
653808
65208a
748ca2
725a66
7696e9
6ce68e
6fe431
6a24d5
75307b
770c43
62763f
7a4eff
768c34
6666c2
6770ff
7686ca
700805
632488
70ee2b
6b52b6
607a4b
68145f
6100f9
7eceec
787293
68f2a1
6b6e14
6100aa
7cd805
608236
6422d2
61e8ff
73e8c6
60aab3
78a2d5
635a59
7a9281
677e6d
6de406
645cc4
6e2a10
7582c2
72247e
7e54f3
6d52aa
75c642
66384f
6e9046
7d4257
6ec268
75bc57
6cf207
7db841
7fe006
66821e
7d9e39
6d0023
661e2e
75b289
7440e8
7bc485
63dcf6
6674ea
731480
734273
7a0c93
6aec8c
6d16fc
74f489
714cd6
68141a
6f5c6d
64ca8f
7a6220
66eae9
7dda75
77b66d
726097
7468e4
7d4a2a
6532a5
6d3af1
6014d1
68e29f
7ac286
72327f
619406
6046e5
6dd084
7348ba
69e659
675824
61223f
74549d
7c8a82
700800
6db281
7a52d7
6718b9
68c8d3
699abe
73be1e
6e4287
706aa3
7b7c99
675040
6f70ea
7296ac
768a68
7fb427
77f044
7e0616
77b279
67802b
654a1a
69e268
7924d7
608a0a
6672b3
79c457
697e98
6588f7
7d0282
62cae2
63be44
773657
65e270
7b9498
61c472
6734e8
7b66c5
754c1c
7c6822
65be29
7d56c3
65c21c
613af6
766652
7fb6bd
6470a7
7c6a21
75fc39
7dee4b
7c1620
65365d
6bf4ce
6c3249
66fc6f
6ed8d4
75ee6c
7d5ef9
6834ce
616ebb
7dec85
6a1893
74b688
7fb291
6e7e14
70c6ec
6470dc
7e5e64
666a43
7d46df
78a0ee
7fc07d
6296c1
6082b8
6b16d3
7cac61
647a91
65d851
61e2e6
6c2e54
7a52c7
7c9c4c
6dd4ad
62f669
6bc094
6d261e
64aee0
698ecb
6bfcc0
694a67
68b4ea
60d87e
7c7a0f
6e40fa
7b1ca9
684415
7d1e84
6c04aa
6a0c14
6a9ec8
6256db
6fc0f7
614e4b
77f6cf
7f50ed
70244a
70464a
7300ad
7fa800
60fca0
733aa7
64c892
6868f3
6bf68d
613059
798445
692cee
690cbd
747860
65e436
65d2c7
673084
6ea652
7b06b0
70b850
6180fa
7bc038
7d8aac
759624
6f8e64
6b1a8d
6866e4
7ab267
727ea8
70b606
66d240
721c4f
785c07
7d043e
6642bb
7eb8f6
62e6a4
6bf61c
7a26ad
615868
6cd876
6d92fa
73baca
6a54d4
6cec77
6cc085
6d50a8
665008
6e78b6
6d68ae
7f564f
72e294
6674a6
714a5f
7e3c6d
7afe0f
70105b
605415
7e6c40
659697
7b64d3
6aa687
77547b
614871
7cae3f
6c4037
6a9e8a
76a486
6c7c13
6f42f7
66b2a1
7280c9
65e610
73da1d
7962a2
7722a3
7ffa88
626433
673cb4
714cea
782269
6488ea
73962c
7c12ab
681441
7abcaa
78dead
7a26ed
631078
6c4a42
7b5088
7bb81c
659a5c
746613
67ee1e
64a8bc
7eec5a
6326d0
7db49e
6f9a16
603c62
7aa61d
757691
7f9e77
70f2c1
616408
74709c
79a83a
6d1c97
73b211
6eba0b
7efa73
745a58
7184e4
6ecc22
7c7ecb
71787d
67a086
707047
70fe32
727a57
660c16
7332ed
7d2008
6bba79
70fc32
73d6ad
68dc36
797af8
65e44e
6de262
7d3ec1
7ffc22
7622d4
74ee76
7c4a94
61a0c2
62b6e3
7dcca5
7204e7
698ade
603a25
7ca24f
75260a
709cda
613cdb
6c68f5
7bb28e
62504f
6d00d3
6dfce2
7ce808
7b74a3
6e1e90
6b78ab
6036eb
633444
6d4ee4
7dde8b
60a2ab
71c290
7ca072
7404b6
62e09b
6f04d6
759aca
7ae4fa
6958ea
7b40b5
7c8a2e
71c4bc
7bd2ff
6812cd
73cee7
7784d5
798ab1
620834
7b4812
673a27
70cc08
7cc074
7ae2c0
69ca8f
79c0c7
6fd491
7ab07e
7b7266
77d63d
788a68
647e5c
647668
70b87b
73aaf0
7bee36
67d222
74c651
772ee3
7e22dd
6ac241
705675
7a7c63
74e8cc
7e98e0
790a43
68a64a
65881e
75c048
69f64c
799836
738c89
6cf2bf
7e0098
79de5f
6f367b
759071
7c4830
738e4a
6524ca
7a90c8
613ad1
604214
711607
7c5a00
7c1af4
76b4bb
6680f7
74861f
7756ff
7128cf
6e0c5f
66aac3
7b1424
64107c
6c3463
741e34
7fe202
7122ba
6c4c24
6f8ab6
650cf0
791649
6dfeb5
7ae60c
7df6cb
72ee94
684e48
7ec6df
6f26a8
68dccb
7f0623
6352d8
781a6c
7ed0d5
662ad6
797e08
7e9695
750ca4
69e871
67e217
6c6e5f
747888
72e221
6fc825
7c7c65
6850a7
7b4487
614e1a
759210
7bd68c
648ac0
65e273
61c282
799844
6ef2ca
69026c
6b3214
74ba7d
678e3b
7808e6
647082
7d88c8
6e60aa
673cea
620605
757c0d
6c04ad
7e2470
7ef86c
7798f3
6d9eae
761af1
7714b4
70768c
7e76b8
69a005
675a24
6d1248
6cc260
69b2a3
7d9a8e
7ef8cf
76b251
6536d2
720c4d
6f06d3
6b948f
73a065
6db242
723e43
63f44b
6bcab4
693e8e
6838e7
75e002
6cca49
7e3007
789e05
7c6ce6
7092fc
65b269
61d6a2
6c3091
672a4d
7bac6c
7ab6dc
777a69
699acf
7c76b1
79d0d1
700c48
7efea3
7d9059
7886ad
684466
6b102c
668e4a
6b2a6d
634a46
7462df
63be1f
782669
7934c3
67bcad
6aee71
6c0458
6356ae
79b216
691048
6c1825
62bae1
72c686
668a2a
76f806
686ac5
6b1660
6074b0
76ccda
6ec878
6d3a19
721027
68c8ef
60eab1
7a00e5
6af2e9
6cc86c
6cb44d
7c124f
68dacc
76e6b8
7a6269
7f0882
63b86f
7f0824
67fcaa
705cdf
6c5219
792849
7eb810
78e05e
77b88d
60ba71
668a26
6a4c91
6dc0fe
791408
7e8876
6a90c7
7f9c17
741eaa
63341b
62980d
6c1898
7d9849
71a8d0
6338e2
6c0cb3
6d5254
66d2fc
7c9406
736e3b
793af5
6d58a5
7f0440
7cfa91
6af24a
6d8cb0
6f5891
6d2470
611ec3
6af29f
6c523c
61223b
6e6a50
6432ea
61a6d0
73f24b
798ad3
6872a6
71b0cc
744e64
62100f
77aaba
71f6a1
601e9d
7a5468
60d22f
6c4caf
6a3a62
7f34b6
7ccc73
71a6ce
7dd4c3
6f74c8
64e4ba
7c36db
7cb237
64fcf0
671a89
6ec6a4
75bc88
6eeaa8
6a08a3
756a7a
617c70
77dca5
6dd439
6f1e68
7be011
7d20f1
6e92f5
72745c
6d38fd
6b20d0
60028f
6dfe02
650041
6f50a3
7336a0
64e241
6d04a9
7cf25d
6f1206
6792de
68c269
7a9c29
6b401a
616862
6dce50
6fe01b
765c39
639c52
66f218
6c0e2e
63a639
7f704b
6bd099
651236
672c6c
7398a0
7f787c
70dcda
70c402
70aa55
7b701a
63641c
6a0492
75faa5
7320f5
7a082e
6ee03a
757425
74d6d7
77bc7e
678ead
76d89b
75a64f
70f8a1
77fe9d
68ce64
61a291
6de81f
7d381b
6fd8fa
637ad4
6752d4
750421
745a1f
71fae9
78fa92
7a6895
7a6ac8
7164ed
6ab6ee
7f3081
78fcc0
778ed2
6ff82b
63a2e5
7d9682
700684
7c6ea4
7280ec
6504e5
6fa065
759a1c
7e0455
6788d1
6a320d
70a0aa
75a270
7720cb
7b8676
774425
784eb3
78a668
7ac2ff
71d0f4
7f1831
67e4e5
74fe0d
7b34ea
77b448
79b833
68f8a2
609696
6f1a94
7cf2e4
7d3e80
66d6ed
646cbf
6904a7
7d2e60
6120b1
759c8c
6b067d
6e08c2
6aac1c
771cd5
7a1c43
658ae7
729ea2
70c675
686216
742457
6efe0c
61d2b9
6bb0cd
6e341c
70dcfc
6a2664
7ba8d0
63b2a7
6f54a9
6f72ce
685010
6f965b
73f2f6
733c3c
6a762e
600861
68fa8e
711097
64ead9
730e41
7ec6ab
7bcc35
696691
623473
6108b5
71e827
708a08
7b56f7
6e3e1e
6688f0
7126f8
7e62a3
63f232
63ee0b
7aeaa3
604698
7fe0ea
653e8d
6d7456
658859
697e53
65d0f2
752802
770435
6b32fa
7518e4
6440f7
6e1242
6fb6be
7f4a2a
6d0e85
749e6f
77d688
79f40e
6774a2
60700b
7718d7
6c9af5
7b44dd
6e74a0
761c10
6a623d
6760e9
792afe
65864b
66ac3b
6cbea0
78c200
72c889
691c8a
612a08
70d09a
661a5f
7d0016
6d5a17
6da27e
6b84a6
7bacd7
79b46c
795253
6c1c1f
7fd67b
6ede58
6fba7a
729c0c
6366ed
7b4cea
783e72
6aa4a4
74ba35
6b2219
7820d6
62ce80
666403
61b801
7090e0
6b5a82
777af1
7c9674
6584bf
7404fd
730a34
6d1adc
62cc82
7fdca8
60a429
7290d9
69aa39
782a00
7150a9
602a78
6bbe81
6c76b4
6d50ef
6630ef
6a54fa
7b7ee8
626cdf
6480ec
7b68d6
7f8caf
6e928f
71a2f7
7958eb
6d40ee
6a78d7
6cbe71
7a5849
6e7282
7236e6
741463
7698cf
7bb413
677a2c
7eec36
74a205
69242b
622809
61cc00
6690fe
64ae1b
7f3431
786226
6d0c75
77cc41
750a46
6454fc
7056b5
616821
6ee6ea
6ee00f
7a4ae4
75ca48
6bcc44
795c11
6b341c
7fe2fb
79b662
6ce4ab
734662
776edd
72bc76
717499
6e2891
73fe03
7a36ee
72262e
6b2693
63624e
7720c1
7fde1d
72d404
64e230
74f2dd
69eec1
68fe6c
7c4251
6f0eaf
6c52ec
658c2d
7084a5
7060ed
6fead4
74a0e9
67a8fb
6f92a4
70a8bb
793a86
7de6cd
73cc8a
7720fc
79705f
7e8cd0
7ac0ef
7cc82b
713c57
652a31
6af895
77926f
6cceae
70040c
619e93
620405
744468
6e3e1a
6cbede
7b38a5
634e9a
7af480
729c6e
706c2f
6a0682
644cf5
61c0d6
705406
6720b3
635048
6240c7
77dcaa
6aa26e
6adcc1
653aec
790ebf
707200
7cbcaf
68d8ef
645e52
6cb431
651c72
62c42b
69b477
60f6f4
66e463
6fcac5
65fad1
712aa7
7b482c
7b6654
6c6262
6878d3
7474b3
66ce83
6710db
759a3d
66680e
772023
7c24ed
69084b
63bed5
6ea461
6ad2ef
66541f
7e906f
65688a
60e2e6
69b08a
69c0fd
72b44f
634a86
7ab8bd
7a2e4b
662893
755297
646053
6a2e12
7eda86
69ce33
7fccf6
64f0d4
641e0d
64e209
620647
7faa04
681c76
7364c7
7acc86
77b2d9
73800c
718449
78d82e
777aa7
65783a
73f22a
72d8e7
611491
7f20fe
624414
75cc5c
78aca6
6860df
75a8bc
7dc6fa
768ece
66ac3e
6f0225
6b7a16
6e425c
7d3485
642617
659249
7ce0e7
7740a7
62804c
604a68
687a9b
7fe044
6924b6
6fea01
7c1ea0
747428
7a563f
650284
734290
7bf6a8
704081
7fb63e
745c45
754a47
6dacf9
62ae7e
7fbe73
6ba8a5
7f6e34
769c5a
7d1a9e
66ca97
7c62da
618673
6fa0d2
71a297
733a8d
7ef401
6f3458
699688
7e004e
794ee5
7994a1
74c8e7
7c9882
665e19
71c01f
7b1a13
749a2b
748ee8
71aa48
