6c9c3b
759e0f
62dae7
65e052
65883b
766c80
7d9817
696427
64b296
77a094
6ce6fb
64ca52
673e4b
73b86f
6364ca
7218c4
764633
611e20
6ec076
7530a4
786afb
74f4e4
7c2e28
63043e
6bcefd
63ea01
7bf436
66b0d6
61444b
6f3898
75fe20
7e7ed4
610047
7b9626
7bb6aa
628e29
7012e4
730a9c
6e3256
632a1b
6ed410
637acc
749e76
6aecb3
73ae3f
7d0cf6
742237
6a7af6
6212bb
7f7809
7fb262
64dcca
606292
76ecaa
7ab697
65bedd
6ffc66
77a68d
63c0c8
71d406
74e013
6c94d6
7596d2
7dbc5b
60468e
626663
71c0bb
74a629
7f4ab1
62c604
6b6693
777a6f
7042ba
721c46
6c0ae3
60803e
6d884d
6e2651
67ead0
669824
6e2290
75188d
676e8d
65120c
6ffea5
692a53
78243e
704414
7c8092
652287
7e8496
775c65
7d8a06
70528e
777897
644083
603035
73d263
7a18bf
6da0db
6ff460
62dc86
7a5a82
7d4482
61087b
70e4dd
7a3e0e
6028ba
655878
60ca8d
720068
78ba46
674601
741ac2
60eeed
7a36f9
75ba77
6f303c
79f420
610416
658245
769c26
6cd64e
6d7a59
775e58
6810c0
747655
70e056
600c8f
73fa73
6cd27c
6042a9
76fe46
7ebaca
6d5ec5
6154aa
77383c
72fc92
644eec
6f1ab9
7a1a73
62609c
79c699
6c0298
640475
783285
6ece74
7f88b4
7c2acd
7be6ed
73f24c
7790b6
63fc65
750889
67e618
627e29
7976f9
645a05
666656
798e49
7740ed
788aca
67b81e
6296ef
76a6bd
659643
737236
666022
678a92
76a03a
76525a
75dc6f
6f98b6
7cce30
66bc2c
61d282
6b1809
77205f
7b58ee
669096
68424f
713442
69cc26
7ed07a
70822f
692662
6a6ec3
7c3e2c
70cc55
7c70e2
73b608
6ba0bb
6548eb
6e5cdf
73da21
7ff496
607c24
6a3ede
6562ac
778418
