7fcea5
7e120c
7e8e6b
6a8656
7a44a5
77621b
7f92a1
721e3f
6faea4
7f7ed9
61ca73
6bd4e8
70c6bc
6436ca
7760f7
609cc0
690273
6c6a1e
6518e5
6f7e96
772c75
671814
657076
634aaf
7fbe6b
7ac47a
719810
7f7866
671ea6
62f8d8
790a31
6af46f
789c8c
6688c4
6994cd
703ec7
728237
6df2bc
7f6c87
6498e0
755e94
65725d
62f8b5
78e884
60faa1
717aad
74d26a
765a3b
7342ae
6b06ca
65b8e4
771e21
7b5c09
7f8840
7c5e20
7d0289
6e2075
781a2b
6e8266
713432
6cecd9
683868
6914ca
77ac5d
66e4f0
7b382a
7150ea
6e1892
6e2c93
752079
6e2e1f
672488
692c3c
71f874
750097
6868d7
776e4f
74322e
78fa3f
72aa57
7d3cb4
658681
7698d6
7778a5
7ed2c4
661ec7
7f3e20
7b926c
6ecec1
7cca01
601a1a
62a02a
6aac81
7a0022
66dcc7
7352d4
675a5e
67e69c
6ef8d2
798ae8
64a8d6
6f3ed4
680ebc
6534a3
720eb1
69d402
6c44d3
7d2c8f
62b2d4
7e98e4
6ed86e
71b4ee
784a5c
753a7c
785edb
6a24a2
795e2e
7104af
73aed7
68a82e
7f2a23
74583b
6a5265
75c8fd
7122fd
7e0a3f
63a474
7968c5
737afd
7e6a3f
793cfb
7aba96
75dafd
65c02e
66b0ab
7562ab
6fa253
7a2efb
63f6ef
73caac
6e3656
7d2a24
78fe75
687054
673edf
691806
6dae04
7a1486
7e66a4
635097
70e674
6eb8a5
6b6e6e
60366a
6b2e8c
66c264
677041
702e08
712eb6
7e7c83
766297
7baa29
73540d
61fa1a
7298fb
631cd0
601a01
69e6c3
7e9c9b
7ed014
6c6edd
63d001
670ef9
7dd620
67442e
6c4256
77c01b
64c062
7b40a5
618002
61beeb
6efe05
610a29
7f2a5a
63aa96
721a00
6cac7f
60a0b8
67a89a
7f8498
7ad43c
7af426
654283
7be275
65ea85
6c845e
74e6e6
70f4cf
710ea7
692a34
7dbe9e
7836fe
7260d4
6e601f
6ede16
74e0f0
631a27
7fc03e
725866
7c9038
769a48
7caed7
7e3a28
641e39
6d28e1
7890d4
6b6877
77a87d
7dca4e
6d1605
7c7c30
6b1cff
6c3443
7e0cbe
6f8e69
71f60d
60bcfc
7f6c8f
6eba6e
6bfc1c
6ac0d5
689cee
6f14b8
6586df
66e82c
79feae
65b6ab
68baf4
6a56c5
755abd
644e84
758023
670c58
7ff67d
73c44d
7c5219
6cb4f1
67f080
6d7e3e
749e95
64ca3f
7e94d0
603605
73eedd
6fac24
61dc6a
70e2cd
665e1e
6b32a8
6cdc2f
601ad8
7b82be
74c6da
6226fa
7e9874
783c8d
77ae99
798823
6a049b
6ce023
6166da
68d47d
7666ad
687e9e
63da7c
785aae
76fe95
7a48ef
67687e
75e6c7
61f6a2
7c2c3f
6f4603
61cc9e
766e15
66ee38
7520c9
6de274
643cb8
7d32cb
6e0874
64662b
6d3e7d
6a6807
657a6b
716850
6ab475
6f9c7e
6ef2a9
737865
756435
6638ca
616c94
7cae61
68da5e
784eb8
602ea7
636015
78fcaf
60582a
73da1b
7c7eaf
608030
6b6ace
6c96a5
7efcbb
7e7624
7dd2e9
7b60fa
6046c5
74a2fa
7e14bc
68901f
6d1e30
6ab8ba
7ace17
65d474
7fa89a
7388cd
61a821
61285a
67284c
68eafb
6ff03b
60fcc1
65c010
7660db
683af6
71ea5c
69a033
77383a
637e56
66cc44
7f6ee6
7802f8
7a6c6e
6d7649
699ee4
6b44df
7f04e5
6f4a99
7ecae3
6f508d
65d09c
6a16e0
71b699
71864e
7cc625
715290
6d36e9
6ab2bf
64006e
69c819
63060a
6f504b
7e6a63
752aa6
6cb8c7
782a08
7c561d
735a1c
7f0e6a
6b5c52
646060
618c45
781a63
61d8bd
6602d8
64320d
68a65f
643608
7d1016
6984a3
6236cf
71bedb
797ad0
6cfec1
7170a8
6c8e34
644c5f
720ea6
7c96ac
6e3217
60dac9
7126e9
6dea86
7642a5
70baf2
610ca9
78b2a1
62aea3
6966d8
796033
71dc66
708418
76a6a7
66d211
781eb9
6bc616
67c246
62a21e
7f4c5c
6ed206
6ec410
6262e4
7b8cca
671093
7d3c01
7d5856
6b3213
611ca6
76a022
698c5b
765814
609813
64467b
7ee607
7ec00e
7c18e7
7a66a6
618eb5
701acb
6aa2e7
71aa2d
676076
60900f
64f0ce
766c26
7d90f3
61f427
79ee66
664851
75d4fa
73f447
788a31
608895
6c821c
7d7e60
799cb2
61fa9c
6f124d
6904e5
6ffecc
7f5c6e
69f4ad
7f0cad
79bc08
75c29c
689e0f
7e1cd0
77a075
6bd253
7750ab
6b6a81
74bc49
6390bf
792e8c
7aa840
66d2c1
74f818
721082
721ecd
689a19
652015
6752c5
68e888
7e68dc
66a047
7fa48a
62da2b
6e5a10
6666d5
73b46e
662e21
755a5e
6ca83d
68dcdc
6c06f1
7b1a05
6d4883
6bc848
6a2a2b
60dad6
74b853
614664
76409b
6b02f4
765af9
696cf5
660c5a
6b9e75
7a68fc
6e8021
7de6a6
7c8616
7fd644
74f28f
762cd4
7c72df
610e87
6f321e
71e003
6e7a9e
727ace
74e68f
63b005
67746a
6db269
6c8272
7d440d
65a6b1
6328f3
73a61f
68ee28
7ad85e
701854
655a1d
691a28
6262e7
65f63a
6264f9
6fca53
6f3a6f
6300b6
6a440d
7dac9e
6196c4
6098f3
7ad62f
77e45a
7df09a
6c888f
687ace
622e62
7a8a73
712e34
71fa53
6d965a
739c7b
69aa64
6f345a
7d0234
701226
63343f
67743c
7348d5
748254
67501b
70f803
7dda13
716ab5
626418
77d49e
699233
611ad4
62cea1
61c05f
637ec1
7e7856
6e4292
6a90bb
66ee51
668407
7fb49a
786287
73da78
75d655
7d84d4
71d840
75ace9
691e6a
7da096
60424d
60a63b
6f28bc
61200e
7c4e8f
7e1269
6fe27c
7122fa
765a3c
7a7e64
6cf4c1
7f6a16
65208f
6ca8db
7404ab
70bc18
69ee53
6c00cc
6e1c66
6f9cd4
6372ce
66c849
693446
66701c
676e26
7ef069
7f943a
672021
6cb07f
6f6aa7
6158f1
65ce9f
67060f
7380d7
6c1817
75067a
7694bb
787048
658809
6e8203
67285a
7166da
7c9ae3
7a9889
7fc663
63d298
76ec47
69204c
6e9c1c
680ad0
7ea2cb
7fe407
669810
701a5e
728074
78b6a5
75a42b
7a5e14
6c2c49
743a8c
66400e
703067
715c68
7194ff
665e4f
74e62b
7dd21c
62eee2
7ce037
7c3c33
7a1e21
605e11
64c827
7dc6f9
6b488d
611c50
6fb622
781c44
68aab1
6c5a39
74c496
616a3c
6e7e02
684cdb
7984aa
62f4f6
6f304b
7ad26c
791653
63ba49
7224bb
667c84
765eb8
7e9655
6660e5
66f6f1
6f507d
6a5001
69c040
6fdcb8
64625e
760872
6ad0e3
716e21
7eb834
7fc41a
787849
76e2c8
6cecfe
6f0c02
68d4a7
6d5059
652247
7f0851
71d483
763a13
60c613
7a94bb
7958ce
685877
6b5a72
7f5ead
6a6a1c
73e42d
7c9cf9
6df437
7be89b
68e6f8
703426
6bba9d
67ca30
7a006c
7f9e67
7c60f4
786663
71b290
6986d9
6e88fe
628cff
64d232
7b16c8
652e58
6c9a77
76046f
701a5a
734ad2
72128b
7b44a2
6a9ab2
74aa9a
61ced2
6dcc4a
7f5a50
6c9051
7c7026
7582fe
791881
647075
69985d
7f7ce8
75b2a7
7bc49a
72c0f0
7ca806
7e3ccb
74bc7d
64e473
698221
68b8ce
6854db
68b4d3
614c61
6e8ce5
7f305e
67c220
67c6fd
6aa61f
7860e0
65e4a8
651e2b
79a2ac
6b08cf
7366ad
697047
64f265
74c896
773a1b
76f882
6e546f
7b0e1b
649ece
6ea0a6
758c62
7d8439
71627e
7f3000
6b32b4
7bc2b3
737057
74d236
70b076
7970ad
76fa29
63aa12
64662f
6ffc79
639444
745ad6
7c16bf
7fce02
6ba842
6d00f0
659ebb
7a2e9f
617674
6a823e
6508df
659622
711680
6d227d
70c456
6854ad
7c6a2a
67687d
665ca9
7aee5d
6fdedd
71a223
601c57
6ea8fa
77e22f
680c9a
6b28a2
6e72da
73ccc5
7388b8
667e78
7910b8
617034
67f6d8
6240b8
78541b
611467
7600e3
742af8
64b226
61de4a
68e670
6ade23
60c230
7d2caf
7586ed
723630
793a18
6cea15
790037
7e68d9
6b381e
61de5e
664825
6a62b6
6a1c1e
796e66
707c4f
705a9d
719e54
62a054
625ca9
71222e
7d68b1
7a24b0
6c6c01
61880f
6c306d
6cc477
74a6e6
623809
7cb895
792076
73cc0e
7c50ed
6a5cef
7f040a
6748ab
6a9c15
7c20e4
760c4a
6702a3
763ed3
7f60fb
781a8a
7e0a54
746ec5
76f490
61d62d
75d0f2
7026a3
6fb498
7cfa47
67e0ae
78bcc4
713c71
7162ea
6cb6d7
743097
70f214
6bcc3a
63446c
625e4a
6e06b8
611628
7a1224
60e6d7
772652
6a7a62
60d65e
6d5c85
6ed25f
765af5
60c0d2
609ee8
6cb663
687ab5
70323c
695a03
6d5225
72de3a
7b74dc
681e94
657899
7a30da
749cb5
6290bc
75ca45
6fe64a
6052bd
672aa1
7bfae1
7bfc58
7b8c64
7014ae
73f00c
647e6e
70a0fa
7972da
67acfe
7632b8
6288f4
7db460
6d46cf
65e875
63d4a5
6e7859
6b92ab
61a6f7
704c85
6d0aa4
7b265b
617498
6a4411
6d145e
777aa8
7650e2
7b56c6
7ecc27
718e60
61b8f1
7600d4
6f7ac5
73eea6
714cbb
71149b
7912bc
77e0f7
6700b0
78b8a9
65047e
64400c
648aaf
62de13
796cc4
726a18
7c6420
759a9e
7be605
690492
771a7b
7b6e62
7448eb
7b2efc
6700da
6092b2
6e9627
6f40cd
69f099
7d5643
623295
7994be
6206ef
77d669
6e5e5a
6d5e0b
650e76
6a6a8a
6d3a87
78d862
6aa2fa
7d8c91
6d2416
6a3009
79c2df
6bb8fe
6ec638
716e06
6a7efc
7a1a16
63d85c
7e460c
70866a
729060
75fca4
738804
6296d4
693e4c
6b204e
6dde0b
7028dc
6a3290
66f025
6cdeb8
7abec8
7dc6a3
7c466c
76105c
76d262
6412bc
677425
729896
756099
75a8f6
7cf63b
7f9253
6ed6b0
6a3cee
6ade1c
6d04be
76348c
6ad407
7fc69b
65b676
6e5406
630ad5
697c92
7b34cd
73a022
799c39
6da23b
6b28ae
7bfa60
74b0eb
65c4f0
7658e2
6356a6
673ed9
794439
7376a6
7600c1
7cca27
741645
7798a8
64d0ce
774c29
69a047
7b208a
7c4c2b
6d9cbc
68aa8f
7b9a9d
7e2ed6
747ea2
7fe089
607aad
6d2a06
6194c7
68c49b
635629
66920a
6b8215
6f509d
6af257
73701f
62825f
6c5842
67684d
7f7684
678097
7ec898
6edc26
6ac60f
647ed8
6da0b8
7e464d
6d28c9
708ef3
6444ec
7080ab
6006d8
77fc46
7cb2ac
7f06f1
72920a
774486
7d5c90
6d822a
769296
7bce00
643245
6cba51
61aced
6826fa
733e71
74a2b0
792af6
7438eb
6a94db
6010fd
600c6f
611c77
776a2b
6eba19
72443e
69d6cc
774a48
785ad1
679a79
6a0c27
780c63
792a9e
6316d8
6e66c2
6e905b
7bc894
7c24a2
6c603b
7100fc
7d58e2
7ccc02
6a26c3
7ceccb
7660ef
60a47b
6412ff
621afe
6c68c5
7dfeee
7304ac
788076
75f238
75f44c
73a859
6f6463
7cf68a
7c1af6
659083
741eda
62b061
753a2d
68041d
7a2a68
7a785a
7fd296
6e6e49
6a9cda
716423
690cf8
737c40
610682
7b86f3
765029
780293
79441b
70ee4f
78ca17
6d2611
7830e3
710a8f
6aaeb5
7a565e
79a04e
6cc8b1
6846b8
6aaaf9
60d864
6ea4a6
6af270
752e4f
6bc03b
6ce636
6998e0
6adcb2
700611
6924f5
709c96
7c9cb9
6f8e7d
6674a7
7aec1f
7f2643
767060
7c20e3
7b5c0b
650efa
6c4ae2
7742ef
650add
6f68ce
6b70f5
78d615
7cc0c7
7caa8d
7bb686
7ece85
777224
77e8ea
623866
7bd039
765ab5
7a3ecb
6e96f0
7bb0d2
7eeaac
64be04
7b661e
69da53
6e569d
7714c6
6af628
6a6638
6ff2c6
62c234
76f0b2
632864
67388a
785699
6020bd
642adf
6d2a88
74b417
61300d
6398b9
6bda9f
64c289
65287e
73ca74
704ef7
79468a
7c7e61
791cc0
62827d
6bea41
7af63d
68ea96
6cfa23
65966e
6d72a8
785632
62b4b1
7ddca3
70aa8c
7fa8fa
6788e3
747ece
68ca1a
7daee2
75ea66
780eb8
6046f9
7cc65c
7428d5
701257
6962dd
7cacc7
7b34bf
64a605
607a3c
758e84
779e50
73d2fc
6be693
6896cb
77d2b9
6ce03c
6ba659
7e9ad6
615064
74f813
732098
6d0650
696a82
6f22e7
74b408
70da6c
6c60ae
6f8e68
7a1660
7dba9c
603291
6cf4fa
7a2a70
64c670
635eae
6214df
7a4c8a
70c430
71eedf
65800d
6a5626
76646d
70200c
794caf
747824
75b2fa
75067d
66a4c6
6892ef
77d4f2
7432a0
67b400
6b287b
6a6add
7ec881
7726dc
7752ad
6bac31
7feed8
763074
7560ba
65a27c
6af24b
689295
6eecc1
7368b2
79f612
6bbc5e
662206
69a4ee
7c1668
7d1a60
6454b5
76168f
72c0b0
78527b
72d6ce
6004f5
7de452
6b98cd
671c74
62507d
675289
6c380c
7116cb
74365a
67b042
75925e
68cee2
7e6eed
67448b
7db022
631c80
6da403
69163e
782abf
6320d8
6a58f7
6b32a2
6e84fd
771e63
600637
70c230
78e47d
6ecc06
7b0a8f
60d6a2
620a1a
663830
7348c2
7a5417
77441b
69c822
641616
7954d3
770a5e
64923b
790495
7b7a8c
798aac
71e825
784a7e
7a8019
6c92d2
7212b3
6fc078
703aee
7174e0
7914bd
7bc2ff
631024
655e75
72b80f
7430d1
7b6a8a
6ac8d7
64dc0a
7d24c9
736264
710e09
664a21
74fa47
7dcc77
6904fa
7acac0
6070da
7f3ad9
78ea04
69d083
6950e7
6c36f6
6a3479
62089a
70e21b
76e6a1
7a7e33
67ea84
6c50a8
6e8628
6a46c7
6bb044
7fc420
718415
6f3a71
7036ee
6bcac7
676025
7a2470
65b4f6
663eb2
7ef072
79ec91
757014
6d9e8d
75aa78
63e8ce
7cf02e
6daa24
6cc07a
70cef6
62bcea
688cb9
7694bc
70ea61
78fcca
76a4a9
67fed4
753680
7b56ac
77cee0
618e9a
63f0af
7b4a73
69d0b1
707835
6abafa
675eea
66445b
74e0d7
742eb4
7bca62
77f273
6e8c34
7b080b
7ef817
73704b
7344a7
66ac80
78ec89
7daaa9
7dae3b
61b24b
68b25e
76acb5
689eea
6422b3
606aff
6628ef
7932c6
61beee
73e890
683894
6b5286
7d4ead
6ccccb
64a25d
7ba802
613e06
600004
7008b6
628cb2
66b2e8
618a5b
7bd6f0
76e6f8
631cea
7752b3
7b74e6
6d7efc
6e28a2
649445
6bca64
63decf
75b0a7
705443
79a05a
6ad674
7feeca
620eff
69f288
7a468a
6eb0be
70aae2
72e62d
766a23
7bc838
63ae1f
7352a0
70d89c
62a693
71ac4b
6bd227
6a3602
7ece45
761c86
79e89d
679431
730a0e
7202a9
77e8c8
68c8ba
61bed7
6adeb3
6ade58
7fa849
71dc6f
6be094
7d3628
611681
6a8eb6
60fccb
7e96ee
79ac0d
78e8ec
79865f
7b9895
77260a
7aa466
7f6e7d
6782b6
6a742c
62d2bb
604c90
789259
74c07d
63e875
786e79
617cc3
76a0d1
650c9e
7bd85c
6cc4a8
658422
7604ea
7e708c
723a10
66a08f
68d6d0
7faacf
7c00f3
736e57
6b2c08
6448a3
76d481
7a1aab
79140e
7c200c
7e843f
6a0ce9
6d2c93
7348ed
700256
737859
771856
66ee10
72ba1e
66444e
74ee04
7a66da
7a4870
687c15
71d25a
63a634
62d02a
7da419
625815
6bc42b
7acea9
657859
77f0f9
635414
6eb248
7f28ca
7a048e
7310c5
768c7a
79569f
700c23
7818cf
61b086
754050
708c67
648411
6cd855
7b987a
663621
781888
744aa1
6fc4e6
736ef6
6360ae
6b007c
7ca676
730ead
61acfb
7fe05a
72d056
713c18
6bd02d
64ac83
7a326b
733cca
668a32
7ef0a1
687a31
7a561a
70ce2e
64aa20
61d0b6
7230d5
642c38
74202c
767cc7
757efb
764c34
616432
7520ac
7cf621
666c9d
670cc0
754e66
6a4074
6eb8a6
7a1691
6c162d
6d4034
7d9668
798a7b
76f419
6426b4
7586dc
703a91
735e25
77fa5f
7aa8eb
688219
796657
6abe73
6a82af
75969e
79e6b4
7cfa2a
6714a2
7fd87d
768448
6e96dd
7e8673
60d091
6682b7
6fe037
7a444e
7cfe27
7b5425
69dc54
73ee5b
673ea9
7a162b
7b9e2e
696027
62e4fa
691c40
79b028
6c3805
637826
7e62e9
776819
74dee6
7b48b5
620ed9
7b2221
767886
6c0255
655403
7c12bc
6b6483
6df608
6b988e
606432
641ee3
698e74
7b52a0
66102c
7fdccf
740acd
7a94e9
601e15
7feadc
717c92
624c32
729efa
704a61
635622
6ab65c
739a79
7986d3
65a25d
77c882
6b5420
7b1690
674a84
61e89c
76fc7d
681ce5
6ef4c2
65264b
6b36d0
61a885
6ae250
792aef
6af672
65a220
6dcc4e
788c11
7a1257
655eb9
694eeb
668826
68568a
63187b
738eb0
658248
629af6
77dcf1
65c8ef
63861c
6392ea
67b0d1
67c010
7c5c82
6e56f5
6be8bb
6988ce
78c2ea
6a26e9
720c2e
654aa1
664837
69ded7
69a627
6e74ea
623265
71bc1f
7624eb
7f628c
71ca36
7d26ce
6bbaa9
7b38f4
63861e
697a37
72a25b
7008d9
75446e
717632
72d0a9
666e13
7ae0b3
79440a
7456aa
7b522b
7b8ad9
741e12
6fb224
7eb81d
65eaa7
7f88e9
6df6e9
75301f
73b850
640e46
73f2d9
73f0ec
60ae9d
7eea8b
651008
70faab
797aa2
717a18
75fa7b
7916f5
6198f5
6048b9
602055
770e15
74100a
728e52
78248a
65f4d6
61bc1d
62ae3a
620871
7ff6a5
729828
663000
6d7a36
6d666f
6ff2c7
7f2838
70340b
62d061
6d784b
64bcc9
629455
653e7c
6350ab
7cea89
65ceb2
704046
6d9ce1
7d5e05
7c2c6d
6936e1
630e2d
792238
68ee1b
7d1296
75e07a
6a12ab
75e252
6d644f
63fa26
61442c
7e1aa3
749e6b
649667
73182c
6d7c4c
7278d9
7eb4a9
7210f7
60dc03
64eccc
7aa40f
78a0fe
67eae0
7a0642
7d80f2
61a474
7ccaf8
68b838
7f0aa8
67c2e5
61def3
617a67
7be489
6794c6
71a0b7
70c29d
61b84f
62c0fd
6530ac
7fd8c0
7b7ea6
62faca
7014f3
6cb42c
7a0c13
6ab2c8
65def4
6d8876
643a75
60521d
643820
718613
6ce4fe
6532f7
730cdf
6b36f3
6e38a7
7d1ce3
7400d3
764a17
715cde
6026d1
793eda
75bced
68004e
78540b
73facf
728866
7692ff
79b250
7bea88
752482
6748eb
7b040b
71388c
657e94
779cbc
7a9637
7ec694
7d42d9
669a6e
76ce32
711275
7f903b
6aa4b3
77e632
62322e
6dba49
7ea838
6670c9
7bf4e2
64c450
6da6a1
734a5e
731a6f
7440d0
75805b
7ebe6d
664aa9
7e964c
7a6c03
76c0fc
61cc0d
75b220
697a13
70da8f
6c364a
6b28ba
6cfefd
722895
7a5030
66b60b
7b7811
72e4cd
741a6f
76b442
7b4684
7c689d
73be0c
6a3809
73ea8e
780e3e
744add
76be77
7cd2f7
60e684
7350cf
673a81
737839
630cc2
7bacdb
62a057
6a1ad9
6a0c3a
6a6ca6
71705a
6fc8e9
7074a7
739e43
742072
69d281
6ef615
7948a6
6f3a52
79da3f
7dbab1
7baa51
66d820
758228
7f52e6
60d095
7d7ce0
72b4f7
7ce0e4
7f265a
6b8079
6fb244
7fd487
7db631
6bf48a
