703ebc
6d684f
70d4cc
791a9c
733488
6c720b
641035
6b760e
72069e
6d4017
