618873
6e4665
609491
7698b1
6e9218
75964a
6adca2
682c81
6b56df
7ef444
6eba08
7cfc86
7b3cf3
646a7d
7b5868
67569f
731a25
629c88
6e166d
783e7b
7b409b
6fc6ef
6c0637
75f4c4
7af01c
62ea57
69d62a
70a261
6be0cc
76e8e9
7d7883
723e62
68bc4a
78e81d
6342d5
642094
68844c
7bc6ed
6668d8
70cc58
743ad1
74d4ff
7d92f2
648eb5
77107e
6b9c03
63683d
763a0e
6fbe7c
72ee2f
6db2e9
68f430
7b7a1d
6bf8cd
7aa6e1
637a14
7e9e56
777a82
74363a
7fea88
6bde9b
7c107d
7c26ee
74263f
61c4cd
671efb
7baa0e
666012
739887
648e56
6bca37
73d225
695e88
676e37
636a9a
7cce90
603ee9
684850
74f293
62aa6d
7ec4c3
6ca25c
72f2f3
7674aa
788e64
6072ae
610e79
6474d5
674852
7ade71
74b47c
6facfd
78503b
757cfe
6c1a8f
7f78f0
640413
757c88
6ff4b1
7a6c5e
7ef4e5
7fee75
73981e
6b486c
6eec76
7d34ac
6838f3
677c9e
706415
7616fe
67e085
66e818
620cf4
620a3c
6822cf
646614
64eaf3
78767e
6ee266
65d2d8
7da839
68ae3f
6814bb
7d3a69
6ae664
76222f
7cd816
6ae4a8
7e8229
7fceb5
7d7acc
7d58fe
7f367d
630c65
6fda83
6b72db
6490c2
6f4ec0
6b7c60
77b80e
6bb2ee
6154f8
624ae5
66b626
7f0a5e
6c8694
743c0f
60d63f
66c2dd
73b47e
78ecd2
6cbe28
60a4db
7ee85c
7a6e39
78124a
7a800e
741a7a
66a890
704a74
6ddaa8
762829
75dc22
7cf293
69b80a
6b8216
651024
64bee8
7a5834
605638
69baf6
7c0edc
658231
7f9655
6af432
6fd279
69ae0d
707851
7a9a2d
6b7e0b
6b3e14
60a08e
63681a
71b8ef
680c6b
62e62d
73729d
7f9665
74fe07
645601
66e8ec
7b903d
686872
63222a
76901f
75a0e4
7fc89e
64dc6a
610275
71b68d
7d9c06
6cea4d
684610
603ad3
6f00b8
7060d2
7f4c54
659e4a
698ad4
6774dd
6f6889
651072
685c2d
7624ba
78d002
66e2fa
782e96
7634f9
6a7469
71eaab
7716f2
613a75
78e2e1
66f476
7a388c
652456
7bec47
6a10b9
6d7075
7aecb2
7e2a16
663e01
77cee4
7b0e94
7b2429
636c06
7746b8
6c382c
632a07
78682d
73946f
66e827
73c490
7f30f9
6f866d
6fa460
6d502e
72403b
648686
6374bd
65b4aa
638cc6
7b0287
6858b4
786cdd
6e462a
622efb
6c7c09
69004f
68827f
77e2e1
7ae28e
7c0e4b
6740f6
6a8a19
6cf85a
735857
79840e
713632
78bc99
64ceb7
671c0d
6bd278
79d4c8
6db092
69a6ec
6286dd
68f298
6a1883
7af286
678251
61069d
6072d5
7a2ad9
7d34e1
6c8c3d
6748e5
74c6fa
72d2ec
62e2fb
721ecd
7f040e
6646da
64da07
7ad24e
7bfa01
76d2fb
667c2a
66ee9f
740c66
6384f3
7210e0
6c6abe
7a1672
6a1af0
6bd492
753042
6be4e0
60e6cf
6a889b
68e6ea
6a90e4
7a4252
735cd8
78ca42
74faf2
748e83
6a90c7
60ea2b
620ce5
7efee5
661a43
7ee274
60b07c
7a0814
73c61e
7cae16
63b81b
69ec60
7d5235
6cfaa5
65024e
71da8f
6d12ef
741aa4
6440d3
6b0a6e
6fc407
65d4c8
6b3cc9
6bb05c
7b4c04
74aa09
6d865c
72c643
790a12
6f84e2
6bea38
6490cf
610c4a
6a5262
7a4430
6a72f4
6a0e29
7faa12
7876e8
6c4cfd
7bc436
77c8c5
7cba56
656023
774066
7ed4c1
757438
6752c7
78b669
7ca272
7efa9e
708c89
702047
736e6b
6ea43d
6a9c6c
7f1cf7
7d6e7f
7edcad
6920e5
6a92d7
6b5e13
66a8fa
7c4e8d
7c0869
7a36bf
69f88c
7e4cf6
6cb014
611c84
7a72ff
775a47
770a4e
7a047b
6332df
77420b
603a5f
6a9019
693847
7380f0
7e9ce4
7824ea
74ec9b
61ce42
767ec3
68e2f9
7e0a01
63c029
789050
6128c6
6f628d
79b816
6a3c71
7acaf7
746c05
75fe32
768686
76d011
61225d
732005
60a8ae
6ee6b8
7ad807
7554a3
7bc82a
661ee2
74d0fb
69f495
70fae2
683257
696ec2
773887
677487
7330a9
67ac3c
643c9a
63aea8
72f2e6
73be01
76cc9f
65eaa3
7b50a3
65b4df
67a476
689a94
71f616
7c9a0a
7dbc79
680c83
6d282e
6ecabd
674ac8
790277
65dc17
7e5636
773e20
6910ac
707681
6534d2
773eb1
729246
7df84e
78283e
771cdd
79ccda
7c801f
7fb085
779c9e
69fadc
73ca73
7ce46a
7c6650
64a483
6f4e58
7226e3
6210ef
6aae3c
7144ae
76f6f2
750e58
6f9c3e
68c43b
79f2de
6c52b6
6694c9
6d5832
69f45d
6120df
7c5cd7
627c5d
7ba4e2
6ca6ca
73d442
734271
6c0e23
7c08c4
79c827
7df675
779ac8
717081
6c4eaf
6dea11
600626
6d9ead
640e65
630039
6d2ed6
7b3c97
698a50
707207
655297
786afe
756802
69aeb9
7b8032
7ad8c9
7a00a3
77a6d4
72aefc
722c69
619c82
601a5c
61bc2f
6d3873
66d675
7a3af0
7c866c
6e4e65
6e1ad4
6e6035
72c829
6a90c2
6abe2a
60e6a1
62aca5
607097
6a88e0
65a879
6e466c
652c43
719cbf
743e80
7a52cd
69900c
6d4618
6eea29
706a36
7ab4f8
7d5620
764483
7b1052
6e44c0
7d9474
69d0eb
792e46
6afae2
7538db
772676
727818
6ed001
612eed
77f09d
727a55
6e9287
7e4e4f
7e6443
6cf600
6a523c
7b8ec5
706ed4
743e6d
781c81
759e68
6aac2e
6e42e5
636a62
78e6d9
611e36
7e9eda
6e9080
72c419
705ef2
67a815
74a823
603854
74cef2
633eb3
712e5f
651ced
774e23
6b26a8
6ee0ab
73aacb
6b3262
6400aa
66ec4e
789077
665e32
6ff41d
7424e4
7b66c5
659443
758032
7eb4ad
75a4ea
6ec68d
7f3cbf
67a403
7c5c04
641816
65a640
79ba5c
6c54b5
791cbd
60cc56
63c6c5
724c43
75fef7
771496
6ad02b
785c00
70405a
70ee78
7e3e39
74d810
6bfc15
66ceed
6e3cb3
6906b6
72b051
6bbc72
60fe42
6dccdd
6efcc3
6166bf
6c4c61
70fee7
7d6e48
6ffc91
6b565e
681ad3
74b623
6dcedf
601eef
6fb61a
7ba257
7300fb
71a041
627041
7d661e
78c6cf
77082e
6e60de
7dae9c
76be62
76929f
694a41
6246f3
6b7217
76dec7
6e04c4
6e241c
70a68d
66d265
7052cb
60f02d
6de8d2
720c73
7fd291
68ae9e
7b76a2
796c7d
79c22a
676a09
60c2e2
757043
742a84
7634e0
7d5c6f
7290a6
6ff061
7e3c9a
6f1ae7
7e804b
6248d4
699448
7f6627
7900ed
6f20ff
630eb1
7f5ce4
6356e3
7bf488
605663
7f7a61
6726a0
601833
667e5d
6c5a71
795480
68f8f8
729a2e
74bc98
