62786c
748025
6c7e20
7304ea
78900b
6efefb
60e258
7f56ca
6c40d2
6200d5
63826e
6628af
737cea
7bbef4
6f6ad8
658abc
67a27b
740277
725ea9
6fd623
7cdee6
767036
61ca58
690cb4
606e35
712c69
65623c
6808bc
63701d
6202f8
6f6c29
6cfc3c
77cae8
7accf3
651465
79c83d
74aa90
694496
6ada0d
6644a5
6fe24c
610834
7e0aee
7f5464
7df4e9
715ea9
6974dd
7c16db
6ec205
76ac61
6694e6
70624a
662ca2
692492
6700cb
65621a
62b606
6d60fb
698039
64ee7c
687a93
7d2ab1
735605
766e7c
7eaa15
6b5c56
7254c1
69487a
76683e
78de37
614408
6216e1
667c7e
742ab1
763a91
73287e
74f221
7a2421
6acaa1
64e630
71f035
69926e
7ae62b
726815
64de82
67685c
6cdced
7414a7
6c5c24
6d8274
6e38d7
647822
77e8c4
7e8afa
763491
69ea66
69f0a0
7e142a
7b8a2e
77be97
