71dc7b
78327c
620e21
61ecef
792ed5
7a0475
60465f
6b7c2a
62105f
65c86c
6c78a8
7c8818
664876
77f6a8
69361e
6a34ae
64e410
78265e
61ce4f
674067
7b3eaf
654251
68cac3
65647d
603e39
70d2f2
69488c
6d84e8
78b439
602a3f
725e6f
6d06f2
643e51
65fc16
7f286f
7ac43a
73a686
6a3c0f
63b861
64aa40
68226c
7474be
6d1a39
76a814
6cb639
7af08e
691a74
779ef3
78c2ea
6af0ec
72da93
756003
692c63
6e8c2e
628ce1
6e26f2
618e9e
654406
646a96
645647
642a4a
670247
6ccef4
7006d9
63f6e8
69221b
65143d
7f4043
612c68
75f810
6c96b4
650ac7
6b16c8
73acc0
7486a9
70f44d
744ac9
7c7613
74c88c
798c41
6a605f
61d8d1
61b26b
630e24
7556f0
78faa9
66382d
6ae4c1
7f16bb
7914df
7e46a2
6400dd
7b1e52
6edcdb
7384ab
64deb6
7876f4
78fc46
680c0d
723c4e
771e71
7b96e5
633062
7f4e09
6368fe
6d7804
60261c
6ab27b
714804
63a2fc
6e0234
7fd48d
7f8645
72cca4
6a8a60
7c7047
65e817
7d38a7
6c480a
6aa84a
7e161f
7ff678
6f4e02
7ec815
750674
7a804c
695ac3
7912b2
7eba0a
7be471
75ba31
64ba82
726074
6c0a80
63eee9
7566c8
617c53
6a90ec
6a4033
64b202
7cd2b7
62ec57
78849f
78e619
603e61
7b7278
6362db
73c2a9
68f615
7d8693
78a4ae
63ccdc
7ed63d
60eea5
656836
6f584b
7ff64f
78a24d
629830
669685
693606
7ce0b7
7cdc0f
7a10b4
6cfaa1
7bdc6e
77be14
7bf63d
699ef3
7e9ebd
70446e
6f6c0d
613811
78ca7c
615401
71567a
7bc261
7c24b3
6b9051
75ee27
79b2cd
7d16ba
7ac4ce
72b0fc
7cc0b8
7fdccd
6d4e18
771841
700c05
643c55
73c2d8
6468a8
7420c1
7c5c7d
6d74eb
7c606b
6e92a5
6138e2
63d48d
7e602c
7e96ad
6c8c3b
7f8eb4
7de65e
6a9882
774051
6faa33
664ca2
6e3404
6ca2c7
73a0e5
71facc
6484fd
7b0007
72e02a
68186c
6d3cfb
680ab7
7ac49a
674074
6dfc45
73badd
713c3a
665a7c
6fd862
712686
6b2c4b
7f2aae
779ae7
73569c
79ac1d
7cc46e
715e14
6abe45
7a6283
6cd08b
66161c
7c6caf
6122a0
710c2f
693a4d
7580aa
753888
649061
7fbe5e
7c3e38
7ecede
70280f
6efe41
73b2c4
65c6c0
75a48e
73b2c3
6bfc7b
69b4fe
766064
7b0ac2
7a48cd
6f1670
743e05
7da85f
6aa08d
6aee80
741adc
7964c2
768052
601cc3
69467f
743ee4
73f656
6816b8
754e06
7860d7
61fce3
74d6a1
760a29
7124c1
7016a7
7cf434
660625
63b822
7c0829
651432
610401
7054a6
6e5033
630af9
7ff6af
726ca3
64548e
710e9c
60f228
62a2c1
6f8a39
79b415
7d1c54
748e28
7d0493
719c49
6b1c9b
7d7a84
7ec067
7234d1
61267f
67c24d
770af1
6354d7
609ae7
6f1a35
6670f9
6e9431
773423
7f7c9d
710c23
6bd8c0
7ec259
6d7a67
7410d6
7858d1
68fc84
61825c
62ecf4
77de04
7cc839
60263a
75faa8
6400d1
627ea9
7f8e32
758acc
6e5ce9
70fa49
6c4459
67fe2a
7466a8
66e636
7d44d3
7b2800
7e1056
6642af
78e4bc
7408cf
72c29e
6446a3
69424f
75c833
6dbcc9
754cff
7458a3
6aea52
7142e9
6488b3
71eee0
64342e
64d0de
650a05
6f22fa
6200cb
60b607
795655
787060
66d2af
62ca0a
76f82b
6a9884
7816a2
6c0855
730c8a
78bc30
6b5811
61ccaf
6e5e51
69289f
69be38
7eced6
7100de
69f447
6e5aa1
701436
65a044
7a8207
72e0d6
742c68
7eaab8
6f10f6
7708d5
6b76d1
70b243
613282
6f6ca1
69aafd
69ce55
6438b3
7f7ab5
6a7210
72400d
795ec2
7a42ed
6f7478
6e020a
628ce9
7dee21
7af88b
7df208
683453
739621
69bc0b
6cc473
6d06cb
7da06e
6274ae
6dd2d4
6e923b
6bdce0
7a4c7d
6a308f
6c3ea6
7d8862
6b605d
73be72
63f05e
74563c
7e5e47
65e0c3
62fc16
73f0ea
7d9644
7ad6d0
6abe8c
6da091
6eda07
7d70ac
616e28
78e018
72fae4
757697
60fec6
62f24b
77946e
69009a
6230bf
7a4a31
729621
779a12
7a18e6
761e75
7bea41
638455
72e8cc
7dfcbc
62e207
7e3229
7f625c
629ef3
781abf
7d9066
754677
7bb827
72a08c
6eb449
697c4d
626ae8
71b4c2
6c28ce
7c5809
7c4066
6c58aa
76b2f3
72dabc
778c98
6a3610
71ca3d
658811
7d0425
6298ca
7dacc2
75d243
758adf
737449
6fd61e
7642bd
7378fc
661ce8
7bc45b
721c06
6b5ae7
7e4442
7ce24b
7daafb
71f229
6dd4a0
7d3a9a
712457
78ce5b
7094f9
6ba0b1
6ad241
7a2e60
62240c
7a664f
603455
6e4445
7dc642
7c10aa
62a8df
7484c6
704610
6f0c97
613630
7920e0
7f38fa
6e22bd
688e63
7c66a3
608e41
7f52b1
7056a5
61d0cf
7b3abd
6fbaca
76828b
7f3640
6c2666
74dec5
659421
7810cf
6f1e8e
6492ca
60829d
6f8c8b
69a4e7
7dba21
7fc615
606c17
613a35
68ca00
736c8b
65e435
7bec67
6638a4
7128e2
60020c
7e7af2
769259
7ccc67
61ecf2
6f9ef7
644499
7666e7
7d8e94
7cb22c
77f0fd
7a4c4e
6af867
685c01
75c8fe
77682a
6d0ae1
7c0284
666ed1
7462b0
7d46af
6bc655
712a7b
6aa0e8
6b42aa
77ba10
67207d
7260ed
633c9f
673c4d
7a6ae5
61f4ac
641808
78bae3
7ab40f
7e5e65
602c3a
6ebc6c
6f98a5
6f102a
795209
6faa75
74a4c4
6238d5
6af234
651209
7b2c08
702abc
6d786c
716c08
6a4849
679813
620eea
6ac42a
6a5e69
789831
7b10e6
6c3e04
71e450
789456
6634cd
684262
67b2da
7abed8
7e8ce6
6f0427
76f046
68feb8
791279
635a9c
6448ad
69c41b
7acac8
6110db
78d242
71a6f2
709ace
68d08b
79c40c
71c891
718a4f
606a8b
7b8211
7a9043
6712b5
62d2d1
710cef
7fa4c4
689636
753e49
74b089
6e58dd
6bfa1b
7f586a
7c421c
647cf3
6fd294
710077
65a8a1
68483f
67c667
77f470
65c67b
7f58f0
65ea71
6ae2fb
717a4d
6f1efc
641ea2
727c34
7b925b
7f340e
6f4c1c
7a66c4
7c5c9e
7f8eea
6e92bf
615404
779c7a
741807
74bc51
788e84
6c1828
695ad9
6852aa
725226
7fd8f3
6cf077
607ea3
6e4eb0
6b42cd
63e81c
711c29
6c1209
66b2b3
7f4e49
7e14c2
65d8ca
76082e
79980e
7f4cbd
7074fc
787e99
7674d3
69b28c
6bde2e
6d34e0
7854d1
638834
77901c
70c824
605813
6f98e4
76a015
6fb4a4
76726b
66c0e5
709401
768692
63e0a1
63d016
613874
6ed41a
6d3221
6da831
6c104a
79142c
6dca61
7658ce
77dc08
7fca2c
79f033
7422be
684430
671c4d
621ec2
6ae218
6df6a2
7154e0
77be99
730a86
6afc19
74bc49
611087
6e5e6c
719a61
7c7c1f
72f48f
665247
74d4cb
7aa850
6b42fe
66c21a
71b8c5
78a646
77c22b
6118b3
698c9b
7830c2
6ec60e
6a34e0
729ed7
66fc02
6b8c4a
74a289
6b9063
771ceb
7e409e
605c67
6cf64e
62c095
7edc42
63daa7
649a6a
723651
7c5ccf
6cc4a4
76e4ba
6de88e
78f877
7b3844
72f88b
709086
60b243
7cf650
63e401
666a91
6e3a9d
7bd66f
7c5057
7ac289
6e80bc
6ba823
6c60e9
78b683
779863
6ce665
718e3c
79824a
785ef2
6070fe
789087
6d9231
7c2257
6242ba
6042f3
778cba
76a63e
64e4f6
6c70fe
78644b
670034
73c4f3
668a06
714038
684601
685087
7bae01
76e8e1
7afaf1
64d4e2
734a30
71045e
6cb441
6ce614
7e3439
7c2ac1
7f54cd
6f1aee
7c8e70
711a5f
7a04bc
6fc812
607006
75accc
680cdd
7e9224
7f162f
624a15
73cafb
7cf8c6
7c9a8f
6c6a11
6c0ece
7a0e4e
603ac9
78d047
7c7866
784230
75423a
609275
70f802
65e6d2
6bd4ba
69d4cf
730e21
7c686b
7b1476
69aaa6
7bc6b4
6996bd
730ec4
7306e8
64cc93
70a6a5
66163a
7ae079
79044d
781452
7ca4b6
61741d
669e78
7fe60f
6572c5
6c3283
750e07
6e5437
703caf
78aa18
61ce23
7eeca8
701c30
6a9eef
6ad2b4
663c12
7bf807
68e816
7e0699
765e07
6cae2d
664ee5
7d7eae
62080e
68f289
7380a2
7a4047
7fc01c
7390c3
6e889e
6c2204
795036
6348ad
6436e9
7d1656
7482b6
7f2aa2
64467f
7a502a
75d0c5
640a14
7cd0f6
75f4ed
6ece70
78d4a0
6b2887
63a00d
636828
675ec8
74f40d
6d7260
7a84c1
7c86e4
7026ec
7dbc1d
77d082
608c3f
69346c
6c2893
795463
74b840
6d9ae9
6806ad
60680f
6966e6
68404e
792210
6eec84
74f885
7ecae4
7220bf
7a16c9
7098b4
7a18c4
702e06
7fda68
6d70a1
67100f
7c3c11
6aaed8
61845d
6c06a2
6df62c
7626c5
646ab6
71201f
6edcd0
6adc47
7d18ff
7388b5
6360e4
792e1b
7092f5
7f0633
6072a7
62709a
6e16ee
6c246c
797ed4
65a4e3
71ee87
65f4bb
7ab6bc
63b678
7d5661
77481f
6cfe56
758004
608651
7a0c7c
641abb
692e33
799441
7884f5
7742d6
76dee8
7ac0a6
7aaaa5
7002a1
6a102f
7868ab
66f43e
73361a
79c4b0
717089
6abce6
6cc6c7
67d615
73b80d
7a22cc
6cb432
6130b8
74ec9e
71e411
6942f7
7e94cd
7226bc
73d83c
647a8f
6bb83b
7bb4ec
65260c
7c3a62
66dc0b
786694
6192f6
796427
659434
6b3675
7544a2
7296ea
77d8a4
7bf019
632881
6d6219
70fca6
612ae7
618609
75c6ef
6b4451
6928a6
64fabc
68907a
7db6d7
77980a
7428c2
687635
76fc5f
7748c6
61f837
6960bb
67c8d9
7cf2d6
77ae65
6e6e62
6f08eb
69ea06
790c5a
6bea09
718c57
6e3477
67fee1
608a40
6d6009
655264
7f048d
7474b3
66ec44
64541d
6d081a
63607a
638a7b
74ec38
696080
67fc13
69085b
65dc80
69b61a
7e2602
64d8db
7e9efd
625899
793cc5
75a653
781410
7826b4
6a0029
6ee668
6f064e
6b8e02
6db8d6
669a77
649c80
670ea4
7982b6
601ece
772ac1
7ecabd
602c35
62a295
661691
7c7229
7750fd
793600
711caf
7f4a92
6b6e75
7152da
73b8d6
6070eb
7d7c2e
793eb0
77c03e
6efab0
668ce3
61f4b0
6e58f4
7fbeed
7df220
756482
7770e3
6fe03a
781813
6a4a88
6fbc60
63f437
6a243d
7588fd
6544b2
7e4644
6a7ac6
64dc6c
611412
6ba47b
65dcbc
7de0f6
77acc6
6a2eda
78c8c3
6d26c8
6e0030
6deab4
72bad9
631a63
6d2602
7f0a94
7bf0fe
733622
66242d
663477
79ac70
64b0ed
67b619
7db6f2
6bf6c7
6b1efc
617af6
6f8ad7
7b9e08
6396ef
799851
6b0464
7a06ff
612a02
743edf
778a93
7a4e10
7a029e
7f1249
7ff8ac
696e4e
6d2e41
62ea08
6b34bd
6c3022
66f82b
761677
6b6aad
7e46c5
6e3471
782c39
60f616
75cc36
7a6e6a
72c68c
70ea26
6880ed
65a279
7c4216
7036ea
6afa3f
7d862e
7fa84f
6acce2
6e5220
6a7c13
631630
6bca54
6532ad
7c14c9
6c4864
73a456
708e8d
6f58d4
6dd2f6
6cfa47
681ad6
773c25
7b62dc
63a801
63f0d7
6a74e0
7426a0
6f2e78
7c8abe
794e70
7acc02
690e72
6a5a1f
705c19
72680b
742299
7c4ab0
615070
693ae7
69d69b
770003
7492d2
73d000
70e08b
76ea64
63e60e
657cea
63f8d1
694a72
61ae2a
6a9c9b
7b5c91
6372b9
750e7c
78f8f4
780ee9
728c88
779c4f
6c3448
7b7c7b
65d0bf
6332c6
74363e
639029
71301c
626ebb
62de24
7ecc65
7792bb
656851
72fa4c
66d83b
600ece
787af7
7908cb
692224
6e60a7
67a492
680a28
6bc6d2
648c34
75667c
7566fc
7e4819
74e887
6e0a6c
7a7a0e
79e6db
73ec4e
74bc30
68da86
6ba2fb
620e43
6db6ca
7e180b
7cc819
7680cc
644c25
63dab2
77a049
70d2e1
68962a
7aba1b
7a4439
700e3a
6e5ad1
63b818
617028
7f10d9
7b0aca
7f2413
6fd041
7a2427
6efc63
679e08
63e016
7b4e3a
76246a
7cf633
691e42
60e44c
62eccb
786eed
79b047
6a0a89
6fe233
73c21e
6eb893
6ad6b6
658088
75ecb4
7640de
62c0c6
6e902c
7bb4e3
6740eb
7bce50
71a24c
6f3aa1
797aa5
61ac12
661e4e
619c90
6e6aa0
7eb21d
6e1ac1
6ba01b
79587b
7a6e24
66d095
62f857
7572ad
636423
62a433
65ee47
7cc23f
725074
70de73
765699
73d8ec
707e46
73fa8e
6ae24f
678e86
7cb60c
774418
752a4e
7934aa
677e13
6278aa
7e2488
6d98ff
7610eb
7f7ab7
736247
79c408
751011
7f5a7b
763af3
6f4c63
6b1019
7dee92
6ff075
61a693
791a0e
7a4eb8
7010db
6a4078
7d80bd
73b47a
67904f
77c041
792ca3
772ce7
7ae04e
78ec83
7af85d
7dae2e
7860f9
70e2b2
6c6255
6110c5
6c722d
7ea606
6860ed
740c46
641cca
6be4f2
650656
66444b
682c1e
7c26b0
6366cf
778650
6478f7
718649
765e59
665c1d
6cd490
763840
72e02d
7e4874
7a66b0
6c76cd
63666e
79e414
720e1d
754c8c
7b36f0
69505b
749e97
6778e8
751483
710473
7caace
6e1822
652ecc
63765b
7c747e
7a262a
6260ab
76e83b
6c243b
76a01f
74c60d
67027d
685a24
64ec8f
7b48a8
6d8252
6bf83b
7d9447
741e56
6f124a
68a25a
7fe8b5
6f0a56
64d405
6c2049
68d880
655a55
7056f6
7f9434
6696d1
7dfa58
7aea1d
6706a2
7e9285
68b0d1
7132f9
672a2c
6dced7
73d860
70ac30
7e8ea6
7bf41a
6a6cb8
737460
763c00
64acdf
61b6f8
6036fe
6ac2ea
747ef8
7ad028
76eeeb
61b8e9
61f6a1
788ad3
793ac9
675071
751014
67fcc7
7042a0
7154da
6fc6f7
6c1e6e
656ae6
7b3a6b
6c84d2
6b408d
66268c
6428d3
653a7e
6392f7
75acf6
792205
656221
6e36ce
702e6c
7a76b6
604e57
7df41c
71f204
7206f7
7d3c57
777e0e
698a92
7f464a
752e73
79aa0b
7fa45d
7aae78
779aa9
7d6453
75b642
6dba3b
63a4bc
6796b5
72e00e
6be63b
7ad08b
70fca7
762e3d
64a0fe
758a59
65fea3
7c46b2
71befa
70a857
7706c3
7860fd
79b4b9
642656
7b1c57
61b47b
7bc894
714631
749419
737244
78a0dd
6deeec
7d2c19
6c7c85
7ce4c2
740e4d
636e9b
70623a
710e74
7cfc7f
6ec483
673caa
7f50a9
724ac0
6e02cc
6738b7
65fa63
663ab8
602a0d
74fc94
6802dc
7822e2
65c072
7fbc3e
686c5b
7f067e
7a60ad
6b7c3c
71b60d
7d7ac2
720a70
66ea85
7886b7
6210a0
6f3227
747458
6af632
62f0ff
75e426
61d8ce
66ec6a
788a56
6f0050
7ca6dd
65c268
63329f
71ea02
7e0e42
7cba25
72d2f6
7f9e22
6e68ba
677262
7e1ae2
6c6232
6cea74
6e7256
779ca9
74fe76
6e7e57
7c0288
75b26c
6138f3
60609d
645667
6dc401
6690e5
6946b7
728871
780a2f
6746ec
626663
7f5ee7
6bd298
6a00d9
71225d
716673
722a4f
6ef287
684861
641692
7594c5
76e2be
64aa9d
7502b5
66ec96
739694
77802d
72f285
6f14b4
642886
6626dd
66a684
6ae667
6a56af
7052a7
7f5280
6e7ee0
777a10
777832
654c24
7696c1
73ecad
61345b
7c9817
757224
742085
74d6b9
6bec97
606267
793a90
67a624
741093
64223b
708c88
6e16b7
79c87f
774cc9
62824b
7b2cd5
7deccb
767ee5
720858
75b47e
684427
79804a
63ea5b
7cceb0
66a45a
7d3e09
682ebb
6b5ee3
67c012
6efa9b
7e54aa
60fc70
71b6f7
6484f1
6090ff
74c48e
7f18bd
7fe619
735ae3
675e14
6c8896
703c68
6cee8c
73f82f
749297
634057
75c8a7
6cba5f
620a4e
7ede4e
66002f
79fa85
61ac35
76603b
6a22b7
7cb461
7fd096
605487
7de865
726413
6c000b
6be4f8
7b7ea5
72ae76
7562dd
7accf0
711e77
7f7851
64c03f
61c656
789451
78b276
62e867
644849
6e5e33
65ec94
6032a5
67be4b
66409d
733e68
7a4017
716018
62961c
6c6056
63b2f6
6768d5
600cfa
678e00
603284
70a618
78067a
6d6061
770a05
65847c
75588f
6bf4d7
6f2839
73487f
76183c
7fc013
71e482
7fe052
7a9c0b
6e7047
68948c
60fcaf
687c29
6f0c51
7124e7
6c5c31
6be6be
6c1cf4
787029
61c625
63f6ff
667629
6af44e
78c256
6b6c84
65f40d
78727b
715a90
6720f3
75ccde
69e6b2
6c50a8
6a462f
7dfed4
797a65
7dc486
713a34
6f126c
696451
755401
73524a
6ff009
610a27
7986de
713e6f
64d09b
7eca56
65fe6d
6de8c2
70a05d
62d682
73a8b2
781a9f
7406aa
6a9236
74789c
7814fa
7dfee0
6ddc82
64243d
725ce3
6b1490
6c086e
6bd0cc
627e4f
7d3483
6ad491
6b64e0
6c3850
777277
7f7c03
6fb2a4
6c8a0e
71e0e9
64766c
6f981d
7b121e
61a0f0
77aab2
75f813
6aa67d
6db6fa
7296c8
6b321b
68ac06
64d487
73842b
71aec8
72723c
626cf5
60cc5d
625e60
6e6efd
771c57
633437
67b060
74764f
6c8ea2
63649e
66aac5
6e3884
7c28ca
66f026
6f16b6
6ada9a
69102e
7e4267
6dde10
6bdefa
71fe9a
622893
6a6023
611e58
6b0c57
7938f7
6520cd
73ee9d
69b0e3
6e6449
7cd4c0
62d26c
7d70f7
7ce26c
7fee66
6b0812
616e52
65123b
7f8c29
797e85
67680e
7d466b
63a66f
6fb499
767aa5
70b0d5
758203
6a16ca
73e266
71c8e3
7124e0
7672f6
6882f1
63d6d0
75824b
683ebc
674c11
7e8635
63bad1
62ac90
7e405b
67c672
7c86a6
6874ef
6fdc88
618805
696260
6640ec
6fcc19
63f2a3
7ed60d
6e7c2c
70ee45
745010
73eab1
77fa10
7df48c
685831
789c4e
737c9b
721687
6178bf
6d963f
650ee9
7c92c8
6d7ec9
75cad5
634a12
6cd6f5
699edd
798690
7c68bb
72ea9c
7ef6e8
6116f2
7666d9
72748b
6a388b
654e9e
79dc6f
790ec5
7110c0
6b5651
72bc68
67f44c
71faa9
7cf001
609e83
6e7e8f
70b848
6c62c7
693ecb
78b283
7f049c
618a2f
7690ed
7b1e78
6594ab
6a1a8b
718015
794a24
73b4b1
67d055
638402
6cfadd
6e0089
744040
7a38a0
75e4db
6438bc
7d58fe
72e094
697e87
6334d6
7e7cf0
776aaf
79b886
6a7802
6736fb
6efcfd
64aae8
7c1611
63fccc
63acdd
7f38c3
7a0cd5
736447
647c54
732c22
67e60a
6832ab
686e09
61c4e9
6b9a1e
76c66f
70c006
6b66b7
6302f8
7a9ef3
66e2c5
77da7a
6c4ae5
6c0c7c
7fc2b5
73b643
60ac33
686439
65fe3e
745091
7aaadc
7b442d
74e6c3
6b183d
7630d9
6cee86
688c1e
678e38
75ece2
652eca
684248
6c7022
71a48f
6a2a5c
6c14d0
697afe
7eb002
67944e
6bc845
686228
751238
67c6ac
60f4f6
60fcfa
7b1850
788278
7ba48e
6b9e6f
7dfc16
6d9eb3
7a5253
64fec9
75fcc5
7d9687
7b8834
77ecc9
77fca0
6cb4e1
7ce8f3
6aacb3
6bec65
709ee5
645496
698ef8
6d242c
72ce6e
752e71
6d0623
609a90
74b6f7
77122f
68aee6
7152a3
657cfa
7ee427
7434f2
6962aa
7e8a80
69dc7d
7af284
6af665
660c1f
7e72ae
7956d5
72a4e5
7728b2
757e5c
70e0ed
71cedb
7f8a8f
646232
7b4637
6d4490
6aace6
7d98ef
675c38
7f38b9
636e2c
75460c
6358ec
6566eb
716c05
61ba1d
78d258
7d9cd3
6c8e22
7de6a7
78da90
6a882d
6fe806
6bf467
6484e4
74de8d
77661d
61f89e
6fc45b
6da26b
63f2e7
73223d
7726af
7ae610
78c03b
673ca6
6654c6
61f8b1
7a1adc
6f6c77
73fc2a
6dde17
7d2436
678e5d
79405b
77781a
7f4459
793a91
761444
734e52
72380a
756ad0
6526e4
6d801e
6afc8d
6a86db
66fa79
6408d4
6510b1
7f46ef
643eff
6054fa
6640ee
79c2d7
72444c
700c4e
7a0880
77f001
6ae206
6a4841
6fd0c4
6f2a51
61e8ed
7d0467
68d649
6126ce
7f146c
7ecc08
6dd812
75bae8
6388df
7ec0fc
61aea2
63340f
6cdeff
7432f3
6e1a39
67c088
63224c
7204c9
624c9d
69a283
60be13
64dec2
6c6e30
7618c2
6de8aa
7752d5
6f344d
72ec40
6a0098
61f0e9
687c6d
7e3618
798e26
61b605
752639
68520d
62d439
6d2882
758e3d
696832
71c035
73ceff
780e32
6f5ecf
731c8a
6702f0
67eebc
7764ba
7bc86d
6d9460
74bc8e
6bc04d
6fe691
73b645
63ca87
7b9445
6a7a6e
6f98b7
7f6214
769e9f
6f9a64
628c22
780621
76a45e
6b2a8d
66ae36
63aec4
65d058
6176ea
758619
606635
6ef687
6216a1
7e1019
71e453
78aa53
78de67
63c2ed
7012aa
6c3a24
71a823
6d761b
629eea
7f9444
78144a
6b2293
7aaec6
7b1a9b
663ccf
68982b
7156f0
6e28da
6a82dd
6028d8
76468a
6ce0fc
7934bf
65144d
72ccee
67cc93
75284b
746437
710ece
675829
7cf43b
73e83f
7350ad
72f8ee
74a2bd
751825
6bc4f1
772cbb
633439
74fe24
77b429
6b4471
7b5070
67105c
636a19
6b6c2a
6fb60d
71ee47
7dd6f8
7f34f1
6a7cb3
7c6466
78b41d
603884
648ebb
6e8a60
7f4cd9
7fc4b3
78b40f
69d4a2
6138e5
7b1ec6
65c22a
7f7e01
7a5259
7d7213
7c702c
64fce7
78565b
631216
787cb4
652220
72acce
628220
61ec51
734c5f
6fc8c9
6ef46e
75ba36
7a8eab
6f0a0e
7cde58
71d65f
7ebca5
766c9f
608a1b
6f14df
667c9e
7726a6
6004e5
621208
7680f8
71e4b2
7ce05a
6f90ba
6cb4f5
62b275
6f920e
648e1e
639023
6e941f
663ed1
6a908a
7f763c
6ad298
604ad0
675a54
6f365b
75ca8d
7150eb
7e52c1
668496
7d8602
673c6b
729888
71d0fb
64124f
6f485a
75c88f
619e98
63f226
60b6a4
604240
753e31
6da2d7
7f7cd8
759e81
7140f1
752236
652e16
65e262
648c6e
626057
7e904a
61d851
6ffce5
7c061c
6b18dc
7b7847
6c8a30
706a7c
67c0f2
7616b8
6bc4e9
636c58
6ea02e
6d780f
65aae0
79d460
717c92
7a8aa7
746e4a
66600f
77aa0d
7344b4
78966c
789a93
76beb3
6a1263
7d86b9
677031
6302e8
6e0a73
69441f
7db4b5
7d7aa1
761e85
6dfa76
7664fa
6b2eb7
6ee824
6b6c5c
7beed8
7fbe84
7686d8
7382a5
7ecc3b
76743d
781067
6398b6
7f6c15
72dcb3
642ebc
7eacfa
6e44c3
7b6a64
7d906b
6bb887
7684e8
790c8a
68569b
6d6885
6bfc90
7fbae2
7d7082
61c643
74fe01
6476cd
6e2439
6eca4c
74a67a
70c23d
71e2dc
61aca5
7414b8
6e4293
6448e9
776a4c
705af2
633877
75f20d
696425
632a21
6e7e21
69e8f7
6a4c64
75b04d
6ecc8a
6744e9
6864fc
7210f3
638602
65744a
6b04d5
644821
607c40
6c3e89
627a13
73082a
70444d
723876
762ab3
690652
684a5a
7ebc04
77d850
755a0d
6a38e7
623eba
737053
686a21
7fea78
71c0da
61c497
7a967e
735cf0
666081
60b4d4
6f34cf
727ced
789ef2
71b044
713a87
7d40ef
6cd688
7eae78
7d306b
646aed
666a7c
65ce7f
767635
6ddab6
735ea3
7f7ed7
68a646
705224
70d452
62004a
637071
7f0224
7bba6c
6f8c74
66d873
697849
63c88f
7af461
695abd
78a86b
6ad822
733ece
60fe33
69e48d
6d32ef
63ec3a
695eb7
620695
653a2d
60de82
6a583e
610e6f
6dd62b
6eb0f4
70226d
7a9455
73308d
7aeaf5
68fa60
7998cb
76540e
76665a
7a628f
61ee05
601c9d
6be8ed
77840e
6946e7
6dfa29
774cec
6c3c98
63f434
69eed9
641ce9
690ad4
640298
768ae9
7efa29
78be20
6bfc14
68fecb
7b3c8b
6894d2
7026e4
7df2c0
6bec02
7a2052
787829
61c0e2
784248
6938e3
627e8a
6f302d
69b6f9
71e8f2
771830
618013
7670a4
7bb2ec
6e5a32
66dc3f
680c02
6bd81b
6f9e20
77585c
7daeb0
778e44
6cca48
6b7052
6bf63d
729e65
65708a
784a40
79a6fb
6eaa8d
64c41a
77c076
7b92ac
6cea11
6864ad
716e6e
7ee069
60025c
7eda7e
7b9a99
6e5cbc
7edec6
7ff616
715617
7fee5b
76fc68
77cce8
6aea6d
638686
6de686
67301c
632888
7c1080
74e8e6
612658
703ea8
7d6a5c
69fcb0
6b5624
7c1c32
743003
62942b
6d1c60
73e05e
61ba5f
752e9a
7722a9
698c62
79aeda
7a8c71
796ad9
71108d
6ae63f
71b08f
798438
7ba26e
660665
769e06
748059
7878ed
7bc2dc
7128d8
744c41
70d0c7
648487
66443b
704efa
7796cc
67a25e
63a242
6f4659
7c520c
788206
75e683
6dc4f8
7cd29a
7fc8f6
77b097
6d8600
78eef5
74886d
7efe1f
7f24b9
761ca4
7db6ed
75e469
73a8b3
74080d
7b52ba
7a2a24
779002
6e0c4d
6f5012
6b2c11
69e883
6f5472
687023
734864
7dc200
6b88ed
60ca3f
62920c
66baa9
740ec7
78e2be
65e66d
65a628
66d278
760ca6
748c10
74da2f
7d3018
6d626d
71d05e
65389b
6df672
653e26
6fca7b
6fb051
7c42c8
6ceea9
73e2fa
73ca24
7db4ee
7eba77
681240
63a82d
668ad6
7348f0
72e8f9
63c8d1
7c20d4
7e8c50
75b033
69687c
60e2d3
75ecc6
7cf862
76dc2c
647482
7eb64a
79bc31
6c74ab
725827
73022f
6f2897
653817
7e647b
66b652
63303b
6fc2dd
628c14
6a62f6
6cec77
638616
7c8654
65bcb2
719633
6d666f
69d4a5
64361f
753482
6c9ee2
6c06b8
730039
6f8c46
708c7e
6a0414
6464f2
6f7615
627053
77cc92
666cb4
7d3a97
711800
63aab7
6d02f0
63149b
6f74a1
6fe2d4
6faa4c
76e075
6c76c9
6a5276
6b1e09
77c403
773850
720019
7abe3e
635e7e
6b907f
615044
6bfee1
7b7e21
6dc01f
6dec24
7b4c49
767408
712a90
6954c5
64f60b
7cac1e
7b1c05
671659
7ec4d0
70f2de
624e13
7eae1e
72385c
62f20e
68f862
777281
6d868f
781a86
735847
732658
65488e
7008c1
6a4a7e
754a1e
62d015
6a9234
6530d9
65007e
7fd600
6fda97
77468d
746072
7f2466
6600b2
7da84d
7f8819
698e34
6cd254
6e66bb
675277
6bb278
771091
6cc2e6
7056be
6f8e1f
78d62c
6a68ff
79fcd0
7d1474
75cac9
61d6cf
766e56
716e2d
731ed2
7ac852
7eecec
643afb
644cd0
6022d2
6f80cc
734a55
7c6822
686a35
7e5211
6b4c91
6798b7
7cde46
7a1ea7
6a164f
6c5273
771a38
64704e
77d8d4
772a07
6f70a0
61048c
60e4ae
623cd9
64da2d
648695
6e3afb
7efed1
72ea31
64a0a9
7efa91
7a7e45
633009
64065e
71fcac
750e3b
7bd435
610e42
6f2ac4
62f00b
7080aa
75c8ff
71e888
651838
7fb4e5
635280
659815
6da4f4
68402b
751c42
696830
77f6be
7c06b4
7aaa00
744627
6ec6f5
7a0e90
74ca5d
722ce3
7826c9
61320c
6de22c
62a810
625a78
6c40af
6b8275
65789f
6a34a9
66042e
787a92
7bb49b
621e24
6256a5
6c426f
658e2b
6e6822
7a94ee
640c73
65c030
70a85d
6a3244
6a5816
7ddec6
77e4a2
6fb223
6b1805
715c93
6c1eec
7adc97
74044b
617ea1
7ae2b7
616c07
628cc3
7252be
7606a8
79369e
7ca4d5
6544c4
6496c1
7da6f9
64b666
66fc65
68a68a
60b4dc
76dc69
715655
74e89e
6b4a2a
70bccc
752a79
78aad3
674c51
6b9487
7e7412
764415
739e2b
7a1092
692a4a
77d6e7
762008
729aab
7194c5
6994a5
6248e3
780470
6a42e2
62d28c
71a2e9
77728c
612638
7c2e9d
7eec02
64481f
7818ec
795ad7
763874
7c6af1
6e78b7
736850
7f3478
6c3290
6f62bb
69d08f
60521a
75ba87
71587c
60185c
68048e
71d08c
6f14c8
7d3878
6faedd
60106c
7640b4
746869
738af7
646e10
67fab3
6ece21
71da69
62da3b
78e2da
6ddc90
7784d5
625c86
758a65
7ac215
6e2c3e
7504aa
7f4473
7b5a69
636cf3
69ca70
705c2c
69587d
752684
6bc280
713880
626655
60c017
68cc5f
7a4c9d
7f0045
67ac10
77b604
6342a6
7aca2d
72bef5
63a64c
780607
791434
7fd898
7f8c23
7c28b7
6f7cae
727cf6
6630db
7e1620
7cd8ed
728e95
7c620e
7d1664
7222ed
678088
72f426
605aa6
7d8484
72924a
70a44d
7cdc6b
6fbe6e
7d74bc
78fc31
69184d
767e25
7f6eeb
634c41
661201
784c85
6526cb
6efe64
6c80b6
7f12d1
6a7256
7684e4
62f210
62e2c8
62b0f0
690480
6bd0d3
6e3686
