7460dd
64248c
79a60b
7f5cd5
6ef41d
641cf5
76e816
6a629c
704885
750e14
6f72b9
71740c
6622e7
723c01
733e83
724ce5
7baa99
62be0b
742637
705e45
644463
68e250
7cd479
63d407
7270e7
783cde
67bae1
780c6b
602c7b
77acf4
7e8218
7fa222
64ecc2
76fe5d
7a4cb9
70b8c5
684e31
72f641
7b82f1
71840d
6ab628
7bfeeb
710e3c
6ba818
6d6873
6d9c67
797487
6716cc
627857
635034
708623
6cd431
6190b7
7a04e4
608846
6f1439
6274fd
671e9b
655c05
6d4c86
6be02a
63bcbd
77009c
7a2ad8
6d3e13
71e272
657629
62d849
63d8c5
6c5a39
74483f
66f2a3
68e610
656c99
6e2254
731a00
7202fd
7b4436
6b5ca2
7f0612
61c426
7c9287
6d6aa5
666c12
7c626f
6eacf4
7e488d
7d86f8
795897
7e500a
783a4c
7d346a
7f00ed
7f182d
6af8c6
738666
65964a
7edef0
78d231
7892e9
6d729f
73883c
6ffe40
7a6a39
639457
672ee3
649237
7c7c97
7526dd
79ca04
6faecd
65fe34
6c6849
646a8b
7b980e
77a4a7
76feaf
7868cd
69ac0e
6a46a9
625a30
6d1a9c
627eff
73967a
7beaae
67ee92
68c657
7d5aa0
676c50
6a922e
620c0e
6c3c59
722864
6f6259
7f10ea
66aa78
708609
63024b
6d64da
67c247
7660cd
643a18
68f0f4
72dece
6d32f0
73463e
78a019
7c2a21
7f8446
675405
66b6b0
624601
6f46d6
6792c5
724c0e
7c7607
6864ff
65c85c
65b2df
7aaecb
61c491
677e75
731025
7a8024
63307d
672aef
60c049
61b4ff
67eef8
7da468
76c6a3
74b268
61a4ae
759a0f
7b5813
70a0e6
66a2de
733a97
6cc205
742c28
6b721b
7b9c89
770af8
6fdc51
7adcf8
6720cc
72ba21
6588ad
6cd2bb
6304cd
675a6b
70b802
6f56d4
66868a
6dc2a0
7d2687
7f12e7
7c2ac4
629e08
6b008d
757ed0
77fc03
62d288
6ca834
61989e
7f08d1
65e223
7e5ce4
6fb0e8
7f446f
7c3e53
7856c9
7d740b
7bda57
7f56de
6ca0e8
6100a3
6a3c0e
7fb6a4
638af9
66c6a1
744ac5
644875
72340e
6efaad
662054
743855
730614
790a50
6b467e
737c8a
7a7689
7fd4f1
6e38ad
64a84b
6bea0b
6380b9
7cac4d
6206e1
78162d
7f3453
638cf8
698683
7ca0b9
736a72
642c3d
61aa54
7ed4e3
6c8afd
7704dd
78dcdb
6098c6
6814aa
715a75
60a26e
7d2825
7874cf
709476
793684
66740b
60e24b
6dd473
766ebe
7be070
70feba
66681c
7076d6
7b6cda
65e277
6876ca
6196be
64a8d0
72cab4
736662
7a18aa
69b290
7f4075
67c2ea
7a1c13
6cf4ca
6d123a
6a30ef
630a12
63c810
7c04e6
799860
6cfe3a
686a91
62dc23
603291
60f0c2
674ed3
6c08c2
748e1d
7f92e3
6cf41e
723422
7ce638
7fa672
655643
748035
79aeca
7b04a5
774c2e
7e4206
6b5c86
73d894
72f048
764e58
666e5a
7d40ae
6ab6e7
6e1c5c
73f4b9
6da06d
6904db
789e3b
6648b0
628408
7328f2
634a83
782c5d
6b7645
7126c3
6c4e42
6da4ba
62c696
7234db
73440d
649c94
759076
65e6fc
6a96c9
6ee87a
61026b
6ad059
638263
70b821
78f0ba
7a38d7
742843
6d2a1a
787ad0
7a8a61
790229
657c9a
7524a0
6c7cc8
6cc277
6afe24
6768b1
7ba27d
685609
749c59
634e3e
6b2241
606e2f
778c24
6a503e
704e73
69aab9
7b5a9d
7fc45a
69de10
60c098
6c0ef4
6f02c1
689699
7978ad
7c88c7
73ee6a
74181f
71228d
7e7cc5
67daf8
759003
77f826
6c2a0a
60e276
7e223a
7504d6
720adf
6cac7a
7c84de
6f3ed3
6d5a91
67e4c8
77c8a0
7cfe9e
6e141b
6fd6ea
63e853
6764d2
77106e
71183d
7a363e
69dae5
6d92fb
7646cf
6a6e84
7200d9
753ac0
770ae5
7ee226
65b696
6ee4d0
64acc1
709e00
7b0ce5
76d293
72569d
6070a3
638272
69744d
6d00d5
7c8a3f
673098
735e3b
71cca3
76e6ed
76b25d
62722d
71765f
710079
65c4e4
705cbb
7db87e
762429
6dac73
63fefc
6aba86
6aba54
79daec
7d40c6
7f140e
735852
6c9ef2
72a23c
7b4800
67f0bf
7f4ad1
6a1ae7
76b2fd
767a8f
692833
6aa4c0
72bad7
7ca01f
7f4e80
6ec2ec
670c20
6748af
781ed3
75381f
6c28d5
73a8e1
74c25f
687aa1
727400
7598a4
761c50
66c8cc
6c0422
6b86b8
65d853
7d9847
794c16
7358d2
633a7b
7038ab
7bc09a
6ed470
73dcde
685665
65d28d
7c8663
7c54b3
64c2b6
610e01
62be35
6d528c
78e012
6c502e
7404ea
7c181a
615458
7d10e1
78c484
604ede
7c6610
68eef9
74285d
7f0084
7848e0
696c7e
63a07c
6a4404
7e0243
66e8cb
6168e1
61ea90
610e5b
7a5632
674217
618641
60a6ca
79dab4
76e0dc
7566b0
7c066a
6f625f
71fcb3
7aea39
7798bb
74f632
7e5cc8
7b163b
76243d
712a31
64a860
6b84d3
7d88dd
73a698
75e6a9
6324b9
7c5aff
659aa5
68d406
6534f5
785a5f
7e8ae7
6598c3
62e6b7
7dfc2b
70ace4
6446e4
6bac83
6df806
7892d7
690a7e
6b142a
717c2e
6620ac
76b8f6
6d842a
7ec0ff
60d67c
7bbec7
74b063
6b2a7b
743c3a
67e2d9
7bac35
7fdc65
7a728c
6e1edb
635c27
779a9a
70c2f7
712865
78aea4
798eb1
7d38ac
7160dd
6f3079
65ecd2
70408d
6e80bb
7f3ae1
73fcd6
6df201
6fbef5
6f144c
65b81c
6970ce
7beef5
75e2eb
7a1096
6d4891
6c88b0
704a55
7260e3
7a0280
706e4f
6ebaa4
783ebc
6238e4
7754db
6e3850
788a10
65c848
681c5c
6570e6
65ba45
75ec47
71a668
631a16
6b7234
6434fa
651e78
7308c3
73bcea
6e908d
674853
7368e7
628254
6afeb4
7038a1
748a3b
6c18ca
787e45
781a57
78fc5f
645ef8
61f21b
665a21
6b1ab0
6f206d
6f8806
672642
6e86c2
65b0f5
7628ec
77ba41
739828
601068
73785b
79980f
772a74
68e092
748038
7c9c98
6cde78
65b217
65e2cf
6e5ca8
62ce62
779ade
72fcbd
702410
7aaec5
7a06a5
6a7e6f
69cc1d
727474
641a57
726246
60b473
76c6e4
7e0e9b
74004b
79404d
62f26e
6fb6c2
6ad072
630233
700c17
6e321f
669a1d
6010e1
7a7ea5
7534c0
662ab6
762236
7618f4
67e60b
7e4881
7544d6
74be6f
7cbaca
7da856
7b6c79
749e9e
780e6e
768857
669ced
62044d
7f6248
7a4038
757cce
76a609
77943f
63705e
6cbefb
7b12ae
73dc91
6ca05b
741854
67d8d1
764423
7aba62
7cb83e
62aa25
669a37
694689
736abe
736e25
61a835
641ee8
7d2e7e
6396a1
78e426
78c2c1
73e458
7a4e6b
6a12d3
6986d1
641a32
7f1091
6042e4
6ace27
7fa6f1
67c2e5
72d215
6b3450
7d44e8
6eb4e3
63b632
614657
6aa23e
77baf7
775a4b
603638
7186f5
636ce1
73b8d9
77b24a
632ceb
60ca27
640a81
71609a
732e15
63d2d8
71eac6
610ada
7148eb
65d42f
721051
715811
7222c9
670e0d
762af2
76cca8
7ba083
668c23
764e0d
7fc0be
76364a
700051
7db4b9
691614
716ca4
650a6d
71a8f9
651070
7db2dc
70e6b2
7e1032
7c3a79
71303c
7ea83a
694e1a
7a2ed8
6df40e
76169c
7990ef
720869
781afc
73b2dd
61005b
65ce9c
7c80e2
7f0ac2
67dc3a
744800
7c62c9
6c701b
727059
71c29d
739cf1
7d3050
71466d
73166c
6260f4
7e1ed7
771c7f
760e07
64a0a6
7bfa3a
7312dc
619a9e
6bb653
6c284f
7ad240
7734da
7bf238
6956ee
7ba856
7cea7d
740038
6202c5
6d2e8d
7ed600
6c8cc2
704493
7834ee
619288
6ca42a
744c9b
61f62b
663802
644645
73faf6
642ad4
645a61
7bec14
6f4488
6ab21b
678884
6e0258
6daabf
662642
601efc
715879
77a4a5
680875
6288b5
78b2c4
7dcccf
61a891
7cbefe
6384a7
73e0df
6caaaa
6dc874
6eaa52
6bf278
793668
699c3c
7616ae
71a859
64b25e
7592d0
75a092
650843
710e3a
745658
6c34e9
78de61
799037
6e3e71
7fe863
79b486
6db07f
6f7039
68fac1
7e8627
616267
621a54
75d024
6a6a15
68b253
7d20cc
77b8f6
605c0c
70da5a
669eef
7354b5
713004
64d6cd
7ae0ff
68142b
728620
64b07b
6a4494
754822
78629d
601816
765494
7676f7
6eaa33
6c88aa
658aaf
7e5eaf
661679
67ac05
7a3873
759c8a
609827
6bb21c
730e1b
71c235
64a677
656edb
6f908d
7c18cd
6224db
6f1cab
779851
7f4808
7c7aa4
76dc24
60bee5
6e36ec
75921b
6af245
653c18
7e30dc
72f852
7c9cdd
79e247
72be67
678487
7b9cf4
6f26ed
65bc68
67a22e
66d056
7772d4
6fe441
6866ba
777ab9
6ea2b0
6ceaa7
7c3642
6538d8
6810fb
669445
744c05
7e06d9
6bba31
719217
7c0c0b
6c8072
78c4c9
7cbe4b
70865b
60c4db
760e0d
674a53
7c344e
67ce00
64d8ed
6f9ee7
6e5441
60ace8
74807a
6f9473
6ea69f
6ea0f1
6c3c0c
77a891
6ce055
729242
615cbc
6da40f
69d279
611c51
795c21
7910ef
7c9030
777a11
67bc50
714823
7f94db
742096
7bc294
71aea8
7a368d
66c4a5
70a21e
686862
7310c3
70d8c2
677a0a
7b66a6
7a921e
7690bd
7378d3
6e9eba
6f4630
7018e1
67787a
66f227
736af6
6f9af1
7236d1
6c32c4
6c28a9
608e05
709666
62844b
6ea8c2
7c985e
7b96df
754ce9
62443d
7d3c97
7fe6b6
65e695
6572a8
6ed2af
68cca6
7328e6
6976ad
72e00d
7eb294
7da6ae
6b22ff
783235
67466b
7212e7
72fc47
6a682d
6bd057
7488b4
7252fd
6a3afc
72f48f
7a9822
61364b
745078
6d8e0e
61603e
6d1275
655c63
71dcee
6b74da
6ec253
79d4c1
7cdaaf
68f01f
777c00
6afa8a
66901f
7f0883
688008
763a57
74523d
738ecb
75309d
759c49
77dea9
779c64
66742c
626a4e
74bc73
730697
7970d3
634867
63ea39
7fa480
600618
76aa79
6cf8a5
653000
7f4418
6708d7
62a07b
6b0afc
709412
7ceac9
7b6c07
6d4c8f
749eb8
67be49
7dc016
68421e
7352c6
752409
65aa35
6ede5c
7bd4ff
76a6c1
751cab
612457
77a0e4
63f4ae
6d8cfd
7adccb
6e1054
7c1a32
6c9047
72ba69
757648
732664
7578e1
703036
64fc69
6b6057
6d82cc
793651
7318f1
712e4d
7806e6
674e86
63e03a
757e43
7c8252
7fd6d7
74c216
721290
7bec1a
7630ba
683269
7c9854
6cc4ad
7ea2f0
6cc457
6c5ecd
7a8c2b
6adc61
67ecfd
7a0472
7204aa
7940c8
7f94ba
6db821
6dc4b2
75561b
66c0a3
7dd0db
64c602
71fc76
6598ea
60880d
63b6e4
7a4214
7c8209
6c20af
6b4a4c
6c5428
7f601d
6eae30
7b0634
740849
747054
7076f6
60f816
603817
768027
6324eb
665c4f
658e20
6a8272
69ec7d
61b64e
64a67a
6902db
6af84b
7320e7
6bc4b2
6624ff
65ac69
6a36e3
76b0a9
757ea4
746000
6322c9
7c6c2c
60044e
6e825d
71e4d8
6fd20f
7cf2fc
673412
7164e0
6d524e
7e7cd7
6aa627
66b6b4
7e8e98
7274d2
77a04e
684c88
6638f8
71266b
6f2e4b
689e12
65467d
6b7086
73483f
6b84fa
6df0fd
60f411
62f267
636cb0
7e7c2f
7bdefb
7e0cc6
79d8da
6fb83a
65768b
7d4021
6f2e6f
67bec8
6668d9
6ef038
6e74aa
77a860
661cdb
7802ae
7ee8d4
634aef
605ee6
61dade
7b1e8e
6ce4c2
613208
728659
70eeaa
66b657
7f789a
7ede4d
611c70
62e6eb
6f7229
72d28c
673a7b
7886ab
7a5881
7cde7b
7696d4
607834
69204c
632613
6b8c90
7a664e
63f4cd
60ce25
7e48fb
6dd6c9
66d241
78e680
6f72d8
7e5669
627e27
699277
6f0611
746e50
670a64
6bde7e
6780bc
7b689d
75624e
736c38
60b25e
77588b
663c3f
74fa98
6e0cd4
6ee808
63cc87
686ea0
67ba2a
6754b6
712e32
763809
727226
709e43
68687d
633808
6e9250
6e62cc
7da4f7
64f816
7cd879
7e84b1
7e74b8
742acb
645c28
7bf643
6a2a9a
70b219
792cc0
7ed21c
72026d
7ae852
7b5203
62de64
72cec6
7f5cfe
7f1ae5
6d8a5b
6158ec
7e30c6
72c0bd
6aa8bc
7ad4ae
676c30
6d4c67
725a73
7f6c54
70f6ca
672697
792249
71967e
64dc70
7ed2bd
6ef4bd
