794825
66cabe
73e09c
7dc297
6dd42f
6252fc
72c4ed
71f416
76b452
68ec73
7a3e09
6cf4cf
61d498
77a097
7ce0cd
7646d5
63a6c5
7c780c
6172ef
7b503f
71761c
6ec0a1
6180fa
6742f4
6c381b
7c2ed4
764023
7d14d1
75a05d
66ca7b
691e67
609cad
7c605a
794ad4
7d864a
62429e
718859
6b4a1e
7e86a4
720eef
6c3ac8
66209f
793e18
6fe64d
7c3e1c
76b4ec
66beea
7fb064
6d684c
6c66dc
74f2f6
6f1862
6bb08d
660afd
6966ef
6b20ed
79dc70
794ee7
7f3aa7
739e08
6186df
641a88
7004c9
755ac4
7a2aa4
763e0d
6e2226
6b4850
7bd058
6678ed
7fc8c9
71aabf
7456b2
64b071
78ba63
7db245
7722b1
738afb
6c5486
68028a
69ea78
676c73
7d8a8e
6ef680
7b8637
652a9a
769af5
60fe3c
7c5cb3
63d4ce
622cd4
61284f
61d4e2
65fc03
67ae1a
6d18cf
7f200c
739073
776a9f
6ada8c
7e0efb
770283
6c2411
6b760b
6a8cc1
7972e3
79c661
6a08fc
78c8a0
6baebd
67aaa0
658462
7d7ab2
71c24d
77d24d
6c1e10
7f0c31
7edc91
6722a9
66c21e
6fa02e
63701a
6712e9
66cadf
7ad478
7dbe3f
74e8ea
6bd8f7
6fb4e1
6a2486
7eca3e
6a5243
679614
794a08
6c02ee
6964fe
61dc71
652a24
78cc23
6ca8d1
615c6a
6248de
667ee9
78d23e
6a9eda
77eae6
726c21
6700d3
7a3228
6114c8
7bfe97
6a228d
777a9b
6dd2c4
7b36d9
69305a
71bafd
6308f4
727e94
7a4ada
7b7c5b
6f6800
69d2c1
7d6a08
60aef8
738663
6dd08b
678896
6b0eb0
6b864f
681e59
6988b5
7dcc66
69dc38
7ec811
65e007
7d16bc
68e25f
74a425
6fe07d
6ae4a3
657055
6c4600
6e40e0
767c0a
67c289
7908ea
786e20
68e4af
63ba0a
6eda15
651a41
79348b
756a27
723aa8
7218db
7050a9
793eef
735c7d
6b78a2
66b087
6f1231
7e803e
689699
6566d9
7e6428
72e87c
760429
623ac9
67182c
7d24fe
7a583c
615ae3
7b6a6a
718674
6f625c
7d9e3f
72cee2
76be28
6ac855
70a4fe
66b695
6be075
7a6ac7
782485
6b0424
629ebe
720c9e
6bb61d
71768d
6ea8c1
68be1f
6de0c1
61eedf
6dae1e
602cb0
77e01a
72e8d1
68bc66
6106aa
77ee50
78ec89
7196f9
75bc85
662a16
7320ee
78645c
6c9ce3
638638
7b5e7e
6e1c49
692c62
645a29
6fe60c
668acd
615c04
6548cb
764e75
62ac21
629e28
797809
7f9cbb
676ab9
776c0c
636e74
7f6423
6dc606
6a6a51
7102e9
63ac7b
7cf84a
7f8426
656892
79ec88
7ff080
662225
61fa0b
6304d2
62d211
748ecf
6af2fe
6a3e87
7e4ac6
7986b5
72dc2e
67ee9a
70b2a6
6456e3
7228bb
6f9e46
6c0ed7
624c28
67be5a
650444
74203d
7830ef
70aca8
697e2e
729403
7ec8d7
7a8e4b
627814
72b4ff
77e09c
609657
6e5e82
63a0a2
705401
6ca260
668a4b
6d80ea
6e44db
7e0ef4
6bd2e3
7f2a3d
687254
616259
6004f5
6be0e7
6d5acb
699a3e
6cdef9
7d0e96
79a685
66daba
645cca
62f834
65d82e
7ffea1
6f1a49
6d766b
6a3cac
6b084b
64f497
7ad0d2
7ec280
6a3af8
63a6e8
6646c7
6c3819
692a3a
64e670
7328d4
677a4f
74ee63
7840e3
65f088
737072
7c3268
6e6aef
6cb8b8
7a36ad
77a26a
710249
726c8c
65fab8
7e6c3e
7a9440
6ee624
604438
79462d
675461
624836
6da688
7ad879
6712ca
76d414
7048bd
63c2c8
69e072
6ffe2f
7c7ea4
6fc018
62be9d
6eae81
79803d
7aa07b
76fe7c
76c2c4
6e9066
6554db
7bd098
7eb237
686cfb
632eb2
7cc83e
7ee8b6
71e842
77a623
7e1e21
6348d5
65e8fd
614845
771605
77769a
6bc8af
74ea43
6026ce
679eee
74c480
767244
771873
63e268
679cc1
6f5ce7
72d894
64fe5d
608e22
628a4e
6608dc
734cb5
77b487
6c7c26
69525f
701856
75929e
642e26
7a561a
740612
742a09
74e8b8
7cfef9
775466
744859
7cae22
7b423a
77c267
6fd2ee
64a4fa
661208
7164f6
6212b3
6528fb
7568a1
6698d5
68043d
69b07e
6fc27d
7e28bc
762ef7
61902c
7f94f8
679c08
7ad4fa
7f0e41
605019
7b3800
7e226c
681c75
6f28e0
7da8f6
7f5615
667e20
789ebe
739ef0
674a4a
7f70d0
600ecd
7622a6
796e75
7df648
743469
7c7612
6b0828
778cae
680423
7a98b6
600600
7cf85d
6b9abc
6a7a64
736aad
744801
616865
603633
7b16a6
6a305e
664a13
66eac7
65f26f
7c2cf3
6e0075
7f98cc
764c5a
65b2e8
7628fc
606ac4
64ace2
762027
6f189c
6f38a3
7480e9
60a0a7
750c1d
7ae6be
649aca
7a16ab
750444
754a0c
728a8f
67aeee
72caab
62221e
659cc2
6de227
770ea5
79a0e5
647a07
617ea5
766a80
635c16
783430
68fae0
64401d
6eb2f9
6d1edd
796e37
62829b
6ec84e
6d6c3f
605489
71fa01
718ecf
6e9ccb
74629f
78fe43
6714a8
71c608
7b24a5
6fc826
6354fb
6f504b
61fc1b
7a567d
72022f
73ced1
6dc872
74da22
6a966f
76b411
6d8480
788a2b
6f3af4
64648a
646652
628015
776047
649eb9
7d941a
66d061
603ce8
6216af
6ee6dc
6dc869
6c86f2
69fc50
63b230
67b486
777c1a
628e6b
63e287
7932cf
67c23f
618c20
69309e
6a4c75
6454df
6e6603
7cd235
784245
68d65d
65942c
6d4c2e
7da47c
681c7f
705ac0
6982f4
716c11
76305d
688293
6a1634
7e447b
78a4d0
665a55
6cda0b
7a1418
6264cb
6d7ee3
7c9420
630884
7f824d
61fac3
6f0e32
75a6c4
74f2ae
7a2222
7ab231
7f8203
6b0638
753e5a
604e52
650403
7b1ab5
73ae9f
6e9492
7d0653
7c9614
7d7a99
688c22
7534a7
70d4c1
75b40e
62f216
687802
64ce13
7d5ea2
7d8ec9
76eaf9
6db48c
72d222
6ba2d4
6676da
7c6830
60d85c
7aacf2
72588d
7c80cf
75fcf5
6d7e47
636a5f
76561e
7e4e81
6bf206
6fe464
718cc1
7758df
6ff48e
6cc243
6b8650
734c3a
7cae0e
734446
610079
7a40df
698024
78804b
7d0861
64bc93
76ec61
7402b8
6ac26d
7dc47c
7c04f9
6da442
66deed
7544a1
610205
606c3e
637e9e
7fc459
6cfeaa
730012
7d02a0
616ea3
7a7cd6
6a98c0
7b0a89
7420c1
766a21
6e94b6
6962d5
6bea7a
6d60ad
7a2c81
73fef2
7cea5f
7ad07a
7264d1
6e28b7
678cae
70ae80
7d00b1
7d8e5d
679689
62fea2
6b42cd
7b1c63
759edb
6c3adb
6d1075
7f8ebc
66f841
7ef4bf
7ad2a1
6346ce
60f0e9
7c127b
691cb8
63e87f
786206
602429
690403
7226cb
73c4ed
69a60b
7f7c3c
76a8ca
6ca069
7324cd
7712a2
644ce2
70acb6
64442e
6aac28
7f4213
7f30dc
65f843
69a6ae
76b699
6956bb
663094
7a3048
60fe26
662c51
63a4c9
72984a
64e467
737258
7fa64a
7c3050
7e4ae9
783298
7de6ab
68deb2
6370d0
7f9e40
635070
6c22d9
7692c4
690a92
72b28e
79f020
7d3030
6fdee8
6b3cb7
76ecbf
7fc05c
6ec01d
70b896
7fb412
7dba36
7e2e81
61462f
6c58f8
66d2a3
74ca83
74eaa1
695c98
66fac0
6bd257
70a250
6d08d2
6ff063
62e4f8
6f5c35
6b58ed
76e40e
6bb057
7236e7
6638f6
668c65
62a0fc
66009b
6c62e7
7cc67d
77628c
7efac3
6a9c8f
67fa05
671401
693471
6ea684
62fcd0
72f8c1
6d1c9e
7e2445
76d498
759654
6b486f
67fe40
68f48d
71029b
6ec259
69a297
716403
7060ce
6e46ff
62de5c
7b9664
6a0a3a
66f823
642634
73cce4
703099
6d345e
637ec3
754e99
6b4e34
69943f
731212
6d80cb
67a662
7a280a
6acc1c
7c621b
68cee8
711eac
71ba47
726c47
643e46
7b3aa1
752617
65eee0
6fb013
6b50e4
70b605
602c5a
72ca80
641672
732440
73e80c
638e7c
78baa7
6320fb
735c2c
717cc5
69e457
6b0e07
7626a1
75e8a2
6fd858
636212
735cc9
713a8e
627c8f
69be32
7de080
61e6c9
71d07a
7d1caf
67ac7e
62284f
710a8f
7608d8
6ec69a
654a15
63068d
63b0a5
6736b9
6c8015
670495
61defd
6d8e6c
714a84
67bca3
7634bc
68d04a
67dc5c
7b14d9
789e8b
6cbcdd
67307f
77c4a3
675099
6368cb
7e2290
60a4f4
74dcc0
74b0db
767aa4
7f125e
702243
6be6db
71765e
7e72bd
72cca3
7eb2c1
6d56b8
7f4824
7d64cf
73e636
70f8ff
70e2c0
7c7cc5
6722e4
646645
7f0850
604445
787893
6c80d7
6ec4f8
77c434
716004
6b2a16
7bc0a7
63e297
693628
628a69
71283b
75aca1
61ca0a
750898
780e4e
64a008
71fe9e
794a35
70a4f5
68cc39
753205
625427
722089
7d3cc6
70ea28
7a84ea
7ec47d
7362d4
6618b4
76fcbc
706233
6b0042
691a23
71baef
74f00f
7440c6
62fa21
624ca7
758a3e
62a032
6d56f7
7770ca
722e51
7fca02
6b547a
6c7aeb
6fe021
7f466d
678029
6c0c83
7ba8ee
6bb817
6dc4e1
6ca045
700275
71fa1c
61ac79
683adc
7ecc12
730667
77dcdc
7ca4d8
75d227
7d9a7a
7e8833
6dc49b
69b499
6df065
775621
65ca37
636eea
7b1ec4
7af8ea
7866f2
69de98
71ecfa
7fcabe
7b64fc
6dfe16
69c609
6994d1
6e3cf4
7ca056
6a505a
6cace0
6b0667
6bf866
798a4a
6a8440
7f20c6
7b9e5c
748270
7f2a3a
70a462
6a3e19
7e5c92
67085d
68f81e
727044
7d3edf
7ccc13
6a6aa4
779c69
7672c1
7e9281
74fa12
6b8ed6
6a2e0a
654c32
77d24d
7b001a
613200
65629e
693a4e
6eaaca
6320f6
631c89
6e90bf
7afa37
68b0f6
73e6b4
7e4400
6f543d
7974ab
766468
786861
760239
6c9890
709cc8
7e5278
738220
6fe8ce
639a41
7e1a52
7cc605
7d6250
79be5f
7bcace
6ccc05
6ba8ef
6b369b
6692a8
689e90
6ec6ef
71e8fd
626cd6
79909a
73b010
68cec2
729e75
7da400
69d28f
7332eb
6b80aa
73ceda
6d2a13
67ecf0
71b478
627aec
787e63
6c22a8
785605
72189f
70d218
7f0269
6a40a0
718e50
60b0ba
7d8a18
692c91
661006
7e3e41
7070cb
71e40a
7066a6
7bfe73
7aa0dc
785227
79bab1
6094b7
719894
7a12ad
7ebc8f
66fee3
6ca0d6
64504f
70b2ce
72ac72
684ae4
6ae0c5
7ce4f0
6aca65
6e18a3
646863
6b82b9
65a846
7470cc
7ca01f
6bf4ff
785814
7fd08e
7f2e48
7d326f
7f8ebc
70ba01
7308a0
7efaef
79b023
74e07b
7ea274
699eac
6e9af7
76ac85
7ec4ca
7cfc08
7816a3
71407b
69c0be
7e4ce5
66d21f
796099
70e0ea
635447
62ac3d
7142c6
63a26d
60defe
69b0f8
6d0aea
7326af
61267f
6aba08
7ccabe
7ea428
62660f
7e52e6
7c7a8d
7c6487
74f8c8
66ee69
7c122d
61ee60
708aa8
7804c8
6a9c7e
74e829
6daeca
607ae2
630aa1
7a443f
72d695
7db8c8
6946a1
7a5a4a
6ff026
6d500c
6f8eed
7e5aa7
639c5d
7648a4
6e8ca6
64e0df
7c9ccf
6b6ae0
6bfa92
62d033
6c4e5d
6004cd
7a5035
657e92
7ef6c8
78ca03
71ac58
6f28d4
7b04aa
6c7069
6a7a6f
793003
7700eb
7958da
755631
7cc076
600ef5
6bba5b
6ce4ff
7752d9
7f7af3
68da4e
787213
7e8e74
6cde97
75befd
7db61b
67b890
7a32f9
6b90bc
6a4c63
73686f
61d2d4
75a80e
73c0f4
7914e2
797e44
7c5cb0
71e879
6fdc3a
7e66a4
6d0abc
6aa8a5
7f6cb6
7c3418
70f07b
7e167c
7f4a5e
612a8a
7336c3
7e7899
778678
7d96fa
6e8c85
7bca98
601cc8
6d2a2c
62325a
6afa67
75fe3b
660e69
6ed498
6cae9e
74b268
686ee0
611c56
62fc7f
6fa080
6352af
65f0d0
6c1220
6be0b3
75a224
73de67
6da22a
65f66e
798462
60cc7b
6bda97
6a0ecc
7270d8
6f5a0a
7720a3
7c202c
6e2427
7a72f4
7a2241
747eca
6a4cee
7c6aa7
7f1620
67723b
7b3abe
7a1e84
79f69c
737e97
7bb62e
73e497
7782f8
75b8c7
73decd
7a7c23
7032d4
7538b1
6bc2c9
72a653
7a82bc
7346d0
69182b
6a302a
6feebb
6c824c
6a0071
6fe6b4
7d3e4f
670693
71f0d6
741ad8
67e4bf
788ef2
71e245
77d4bd
6b0e60
7c6a11
65cea8
7c9c34
76ca93
74cc59
764077
6460d4
63f892
7772e4
6ae4b1
60b692
682a2a
7d801a
6da644
7cb4bf
6c065b
687c47
61ea68
629a44
649c62
686c91
7b7809
7c787e
74c488
65d4a5
7946fd
742ecd
759a76
7b186b
75dad2
64ec9d
6ce83b
72ca7f
7a927f
7d5457
6062ce
702ec9
69f005
71e08c
67bab7
64c8ce
71b8f9
75fa75
686602
62be1c
665cd8
64a471
669e56
70583b
75a490
6c745f
6da86d
6decdf
79ee8e
768eab
70f061
7c86c2
7f9a4f
6428d6
78c6fc
630e1f
76c45d
7bb4a7
65f6d5
763642
726ecc
627afe
6cf891
7ef6de
788268
765077
64f04c
6aa0ec
6980f3
70723d
613c97
7d6eed
607cda
7ac87b
7daac2
7b16fb
6578d8
791011
60a6ba
718afd
61d813
60d2dc
66400b
67a024
6fb0dd
60ce1c
73e090
7376c9
694475
623c67
7d32fa
69bef3
704817
63f6b0
707a7e
7f4cd5
7288aa
73ac5c
6d363c
7a0802
62b052
668264
77f666
7a404e
76a627
6da4eb
7d66f7
60f444
