763659
687c18
60ccf3
657a2d
70beb9
75d28a
7f8e14
63fc2d
662691
7f7088
6052b4
67f0d0
6dd6ec
693a4c
6bc8c3
707c2a
6be8db
7bfe65
768285
79ce58
64fa03
7624ec
6c0cf1
72dc6d
7d540d
60765e
799847
6450cb
756e8e
7a64ae
6ad671
7d5a27
6f5aa4
652c80
76d07a
78c488
7bc8f0
70b81b
646e83
6c1088
79bc83
6f8805
66c458
624cba
649c05
75f0a7
612eb2
740e61
6906fb
75da12
6594cf
710ec8
7c6453
6de402
6c5e1a
7eb21a
6c146a
6f948c
77a413
669a7d
793069
6ade7a
720099
7e242a
6436eb
60249a
727e84
6d2cae
760867
695206
6af679
7e2628
77ce2c
627ac9
77221b
6b285d
65d861
78b286
6366a9
606aa1
6a6291
7c862a
623c89
6ab23f
6c0e52
68b841
7a02b2
691e3d
6220b2
7acc0b
74c0e4
6526cd
62200f
69ae7f
6e428f
73c8f8
63029d
6c54c4
7c64ed
706c16
6d4eff
771a99
6ab0fd
798cda
7a68c6
6a3243
7722ba
75f88a
7e7039
61fa7c
6cc235
68086b
680cb6
72bac9
7840b2
6a10b5
734efc
7b7082
60d223
79eaa7
672a83
744a2d
7c2a32
74fea6
785423
7f98aa
7f66c8
7d98a8
6cbc1d
6eec13
6522f1
6f2272
6d123f
6db643
6af4d6
65f4cc
6644e9
7da857
6df0c5
79d2cf
62e003
68a264
6afcb1
6ade55
6d4eed
6752bc
706007
6b80ff
661c8a
7122fd
6622da
7a9028
749ee9
65a6c8
6f5cd7
62dcc1
74b6bb
62d086
7d5a18
769a82
7dd035
737c31
7a6ede
69a2d7
6dd279
6ca8bb
7e1a38
6ec266
744696
6e3ac7
755006
710e25
666ef6
6a8038
7ec609
715623
683a55
72c415
74720d
774696
7dbe06
69cadd
7eba95
788cac
727aa8
6b346a
6e7ed6
71fcc9
6a8ee8
6d62cb
6e1a50
70f4f2
72a8df
6c028b
674cbe
67da06
764ef6
70f84d
63b490
609275
7fb6a5
70ce2f
61baac
7aa0d4
6aec19
74f2b9
722c41
772893
755eea
7c64b2
748eab
7f0c47
73d451
60b4ec
60b46c
6e2023
7e0e40
6720c0
616e1e
6feae0
64126a
6c3870
76c02d
699862
74fcb1
7b0e28
7c3c87
7da06b
72d458
65d8e5
6d1699
794e89
71fcba
68f6e1
775838
6a5c87
7eaa45
788076
6e92e8
66fe5b
7d6258
664054
6c1ce3
6da87d
7436d7
7bc277
6d922b
796c0d
6528fe
7efe08
7cc060
633a28
69087a
7cfe13
6a5829
727645
7b5632
79fed8
6cf232
6b44c6
62aeb1
7bf8c1
616e5e
6a22ba
6df6c2
627c39
6f6cde
7286b2
6d206f
7cb0d4
6dca31
66ba92
786c60
66dabd
7a90e9
6eda96
799e87
6fdc2e
76b2ed
68c2ad
6fe62c
74ba7e
790ae5
7ba8a9
7ffcad
753649
63f688
7eb0fe
7a8e04
63f67a
6bec35
641412
650693
6004a4
72ae10
6bfa46
7b441f
68e04a
622ce2
66b851
630a3c
7b2023
7a8ec9
6098c5
7cc43a
7572ae
7cf45f
6f9ab6
712482
707aa9
6c9ad5
623606
637e71
7238af
63182f
781689
7390e2
79e420
746c0c
7d8a1a
7ef2ca
7cc473
6dc4ac
73ead3
705236
6e5409
6b9881
72189b
6306a7
720497
6fd8ef
735af2
6712ae
6f7e59
7714df
65408f
77588a
788e5b
784246
6354cb
73ceb5
73b407
756a8e
67e2ed
6e8aea
7d7e61
737ec6
6b0e29
7e2ee1
6e0436
64a607
70b082
7ef6ac
703224
6c9e1f
6fe258
7fb651
6f3879
794a74
6c740b
631808
615a3a
713a2f
7792e1
7840a3
793680
6832f9
711a49
71e0b6
7b849a
6d949d
637807
6f3623
7bdac0
7ae275
71b22e
6f38f9
6b0072
7adc9d
71a287
753aa1
6f728e
6f08b8
7af633
7fea1b
70ec0a
74a6e2
61e094
676cb5
78ecb7
6a5879
6c404b
6576ed
6fea22
7082bc
7ff8d3
6b701f
625828
6b1892
70e0d4
774a10
703039
7a3213
667a67
7e02ff
7f3c9b
6c7e3d
75caf7
75c015
6e0ac9
7f1e0d
7a0e2e
6a86b9
762a42
7a6a06
7d6062
7c2017
6e7ed4
6098c6
624ca0
7d6267
7104fc
61300d
7e02f9
6ad2f4
6ef282
6f10d2
6b5662
71f8d6
638c9d
61008e
7e7229
6d68e2
7200b7
7f8214
710af9
7ca8df
7b80e3
7f64e3
6ae82f
7592a1
7bb41b
7e4c3f
778886
6f2e1b
6224a0
694a02
73f495
7e3216
7c7e3d
6fc80a
7f0084
6d62b9
70ea7f
7fa8f3
75e8bf
782278
6a56dc
761821
7980ce
721290
702639
6e3aff
637e65
6eb0f3
6d843b
777ea6
732c9a
76f4e2
7fd669
76ce48
679616
6880b3
74cc6e
78e2b0
7f8a1c
77f45d
6d8643
672cb6
687803
694eda
75fa85
6e6290
6ab44c
656888
6dd2a8
796eaa
69f63b
76da0f
7c8cab
66b21b
646cf6
62a835
6676a0
632284
6bb21e
6c309c
6f3ade
6eb66c
78aa83
7de69f
6eb65e
7142bd
6b9ef0
7ceedc
6300aa
71365a
63cef7
6a88e2
7a245d
6cacf1
726024
7df070
7204be
6f0ed0
7596c1
763e21
78368d
6b4678
7b0611
6bf4a9
7710c3
6c10dc
6c7c96
6eb499
6a6e1c
651498
7440a7
79b089
76ce86
6bbe57
7bde03
665602
6bd6b9
67e068
674e0d
7c18c3
6ab8f0
64aeca
76188b
6cb62d
6d6a63
785cdf
72a2bd
7a060d
6d68d8
646624
68fe7e
7818ab
7af839
6e14b6
6f044b
61d2e5
607eb0
6d48bd
6d3468
708e33
6d461c
76284c
74d694
623056
6b364c
600e8d
77e2b8
66f604
6294d5
74c2b9
748cb0
63ba6a
64fa27
6c2ec2
6dd418
76a604
7aaa88
607868
68407c
7d2c51
61fecd
77a8b9
795822
7c3ce0
654296
79cee5
749aa8
704adb
620695
623e95
75a63b
6450ac
76b44c
79f219
79441a
68fc42
736072
7fb684
72900b
7e484b
7cb66c
783095
7bdca4
637edb
7a5278
6f3820
77003d
77429d
60164a
648853
634282
746262
7aec02
79e095
606088
6d9afe
6cf04f
77047c
674e1f
670e8f
7d92be
6b56af
76ba19
744031
7f8a26
6c9c4e
7a7408
6d68c0
74b699
764c26
790096
6a1c5c
740665
743a32
6018f9
67a038
7200e6
6a7a9c
642a9d
796e48
62165c
746c6d
68beca
7a7057
6e26ac
6c0adf
6bd67c
76c0e4
671e38
6f4093
6f5e3e
6628cd
6a22d1
78807a
69a4a4
695ad8
64d497
642e41
6c28db
6ff674
7ad453
705acf
6f4eb8
69c4ff
7d76de
65fe95
6c7a85
7132b8
629c9f
692ceb
6128ef
6e5651
65aa0f
6a1a11
62526b
7db492
619abd
6c8419
6ce046
7f8ab7
6efee5
769e13
6eeac2
792007
6d8a42
6eaa93
6a36e8
7402a7
7d9e42
712e4c
74069d
6e0ef8
76b8b3
79d6e0
734a48
7c0a6b
791eee
78b0c0
71d037
7edca8
674621
705af1
7e20cc
6d5068
6ac20f
714ecb
69ca10
78fefa
75e03d
662c00
684e68
666a00
61d02d
6df869
75c638
7aa443
6ab223
7886e0
6baac2
61c805
6c6eda
6b3e7b
6554e9
666e1b
7000a7
74826a
686402
62546a
7d92a3
62da98
64ee9f
6864ff
7632e6
73ae32
7406de
60b039
77accb
61443f
60f228
6b9274
683c8c
64f2b1
616ee4
72d0e0
6eac0e
6a0087
716807
7f3459
6e4cc3
7e5805
702aaf
7c52b8
7c62c2
7f1829
737047
687eee
7cdac1
7346d0
703e90
6a96d4
7fac32
780284
738602
794487
73bcae
72863f
6f8852
6316ad
7fb6a8
7ffc05
770ed1
750ae4
6b843f
6cec27
6dd839
75c888
7ab60c
7b843e
6cbc1a
755caf
74ccb1
6044c3
78ac6b
731c85
6eac35
6e5007
74345a
7c0663
77b2e1
7e4cbd
781843
6932c7
7260cb
77e249
63c622
6bea7e
7d645e
68748f
60b807
6d6edb
7d0c20
7b4e19
6e56ca
788630
66904c
64c8e0
7a8eae
65ecff
7606e5
605c87
7e2423
674aba
6e8c2b
7b7611
7a92e8
6eaeb5
624400
7bba71
7cbeea
728807
74821a
658603
7448d6
68dca7
785e32
78940d
656a5a
6c4228
70566f
7ae026
613efd
660a00
6cfa89
7ae045
6438c0
79f432
754071
6b9039
7f1622
72e8d2
73e80c
762ea2
745074
6534f1
635a61
642cdb
7d3a7c
73cca6
7a4c1c
72fa4f
6d3686
715ae4
7c20c1
7bbc72
6c9cff
70f038
673a8e
6f08c6
62cebb
70a224
6fb82e
6f0261
614689
7b1c6e
66e007
7ece88
7d1297
66123e
73d8a4
6b5a1c
6ddc55
7ffecd
74e4fd
764e3f
72d024
70c642
622021
68d2a0
793e99
64f436
6570a6
768a57
6bf8d3
73dcae
7b36d0
61444a
78b243
6b289f
699c9f
6b6419
65a2a3
739c26
6b74a3
79d4f7
649e42
6ce638
7616c9
70bcfd
7528e2
6afe9e
6d52ca
76cef5
66306d
79505e
7730dd
608cc3
6c363f
7ffc10
6416b6
76749a
7c368e
78aecf
6ace5e
790c0a
634096
629c6b
774824
73064c
62ee51
71a4eb
769e76
7430df
7c9453
69ec43
7e2c19
754036
76c6c0
7b4016
6e7eb2
738c73
66dc5f
6e48fc
733cdb
7be866
75bca3
74ea0b
77980a
705a90
709272
6996f7
7b2620
62a8b4
607672
787099
7238e8
66e4e0
73c6fc
7ec2e6
6ef0f8
7d9630
7a20f2
6918a0
6fd822
7d2021
79fc1a
605a11
60bcf5
713edb
7bb667
68d8e6
64ba52
71c824
6e2ea1
64acb7
7dbe03
794400
6e88db
70f02a
67be16
789e76
64906d
7f025e
6352e8
7d2a04
62b8fc
657a8c
740ee5
757c5c
623880
7a6ac1
6ef608
799048
79240b
630287
7d02f8
6d3480
62f02a
6af046
7b80ca
6baa7e
6830de
6342ad
60ea61
6d3a78
624860
635ce7
7a164b
798a2a
61d2b9
6e6e67
6e286d
6de694
73769a
6b7a17
634002
7076b8
6a1e79
619667
70eec9
723c85
7acc1c
6472fc
781033
752a9d
712e80
763477
61e24b
60c825
666e7f
799ca5
7fbaed
64d057
7cb819
7002d0
7836e5
6eb6cf
6db0b6
