6f60b1
773274
7d2008
784aee
66b242
7562cb
78d661
7372ad
79967a
6a5827
7ca09f
781630
6d1eed
68ce26
6098ae
69a05a
7bfeb9
7ade7f
627ad7
6bea71
7f268f
64085b
7fd646
636c58
7bf898
6ec407
738c24
7d6672
62fefd
6c14d1
761400
779e2e
7d2ec4
6598cc
640652
7348d0
7e3ce0
736e0d
6a1a76
6bb43d
632cc5
7f7abd
738e0f
6a0cd3
753ea3
7f0058
64105d
74aad1
7ae0cd
65247f
6df019
7a5c33
66a864
783ca6
730e8a
640eaa
77bc3a
7284b8
7228cf
7580ff
7edcd4
6cfa5c
6424a2
739ac5
6284a9
6c1264
6a62b2
6d2ac0
6fc493
66067b
7dee5b
7ed494
64fe15
7b9aa2
736226
77729a
7fda84
737c0e
7f28a8
7f560f
6ae602
6a66ac
72e030
7c4e54
6d14ad
6c863e
796663
7c8a3e
65d69a
66cebd
6352b4
731adf
72601e
74f606
7a003e
60aef2
785288
6f12c6
6fb212
724e74
7d4ed5
7c2a4e
671095
6f5440
70968b
7bd87d
736e2f
6a72ee
6400b1
7cc0be
674e7a
73e8b7
628ee8
609ce9
6d4e85
6ce8ee
6938bb
769eb6
720a5f
636c28
732632
6f2e31
6e548f
746ab6
7138cf
69fe56
6cb6f2
71806c
658481
6a68e5
7ad83e
6df0b5
633e5a
76586d
685c75
62b66f
7d8648
69e042
73a825
7842f5
60842a
6fae9d
6e567b
644eb0
79befa
6796a0
7d4881
7eec75
64ecc6
73423e
7d42b2
6516b8
6be096
7a5469
707e80
6024d9
6aba3c
6ca4db
6706df
753e72
7fb2a8
78a43d
649ca4
722a0d
62a21c
77c082
723c22
72f057
68d42d
67b8d3
6650b1
65f008
7f0491
7776dc
7dc4dd
7c62c4
7a96aa
6f2414
78a04a
65d689
6cf2b6
6912d1
666e95
77c0c2
718e9b
689e51
797605
67d28e
6162af
73ec0c
7e22be
65105c
72644b
613072
7e2ac7
653cc4
658a40
61c2f7
6b9ec2
653276
6a463f
7a9224
69ccdc
6096dc
7c2aa5
683873
7efedd
6df4c9
607c4c
615c4a
726e24
7c62ae
7f0a09
6ebaa5
6bd0ff
7d3443
6fdcab
692cf0
7e0c5e
6e5e60
73de26
778a8a
7b9ce5
6b3a8a
61be98
6c5246
7b2a74
7d666b
78c4c0
76f468
6062b8
613ea4
604847
71c698
7fc85d
6a9ef2
69e2fb
75562f
743ef3
7e883d
6b50f1
7eee30
7ec2a7
6f8039
76beba
728471
680e7c
790e8c
707ef9
6c3642
612cc7
704468
7474f6
76ea4e
79a86f
78b0b1
6b7407
740c14
65cabe
7adad8
66cec7
6e2034
70bac6
683804
76942d
6620c4
64bc9f
64f4e9
7a9440
6e807f
7a1694
7e72b3
67607d
76c068
6e249b
64ba09
7f3a8b
7e9893
702e01
7014c7
62e084
7a9a5c
71b8d4
7a6a99
65e859
758822
645203
79e45d
60eef0
6b542f
703caf
73c037
63ce1b
67b668
74ecfa
76fc8d
700c73
7bdaab
76d059
64ccae
6c6ec9
7aea38
699635
6a9e2c
6804aa
620226
7ed6de
789205
71d27f
6b7241
6bcc94
603821
72f04b
7d1eff
713446
679abf
6ef06c
7da0b1
721af1
7ff0f3
6a1c15
71ba68
7a1cf1
67d87d
6d4ce0
645a91
773ed9
6718c7
6a0e3e
76582c
60f029
7ac486
646490
7042a7
612c59
78e2fb
6152a1
60cef8
6bf859
7b2a3a
619040
77fe3c
65bca4
6886e9
6ba0d8
68ba31
64a61e
603243
6e0afa
73061f
724eae
63aca8
7f6841
78d4c3
6778c9
69a0c5
76e845
7366bb
735c89
7cbec4
68d250
6a0a31
62fafe
654669
631ace
7cdac9
6f7ca3
76045b
68aa87
7b085a
6e1e01
7de867
6ad491
6a3ed8
737ce3
7a0caf
6612e3
6548da
6308ab
6e44c6
613816
65dc8b
606cdb
6a023e
7b0203
63105c
71009c
6f222f
7e3cbb
706649
6f14c8
681ac2
730af9
730839
621825
6ce629
6542b1
7ecaf3
618e54
78840f
74482d
67aa43
6f9edb
6eaa6d
729ebc
7cda4c
684c9b
646e55
7b2469
6fa866
71623f
6d9e96
746c58
6ba0be
6d0606
71662b
7d7c4b
6e6eb3
764e9f
678822
6e0e00
6efa87
6868bf
74bc25
6a1811
7e7646
7d9025
63c2a7
72e27f
63b852
701a27
67728e
6c6ebf
7e0e2d
7cba57
773404
66a239
731451
7f94ce
61ba13
73089a
618ed6
7c5418
7f3802
78c490
60a899
7eb6bd
7334f9
667c83
745831
6946a0
6b4246
72da48
7e48e1
7abc8f
72e8cd
776268
739a14
66e843
60fa52
6eb8ec
6930a5
7c248e
609688
7a9a06
68e271
76c478
67b650
6cc610
74185d
76dac1
7ed6dd
722ad6
6440d0
7858e3
70d8f0
7f5acf
7300f3
76645c
797689
7014fd
65b810
644061
77406e
71063f
6678d3
66202f
682acb
651ce5
73ac95
75c66a
7f9673
61087c
63c693
6eaaa6
78480b
77a6cd
67ee79
7512e7
78ccf5
64b038
71840b
7ab472
766ea1
65807b
6d64d1
69649c
7b30e5
7a9eb3
686c84
628438
70020f
7fb8d5
7acc8d
60a85d
6b1401
651aa8
724029
741071
72c84e
73908c
7af62f
65acbe
60f8b6
798eaa
6d8429
6190a4
7b68de
7ff8e0
6a82eb
74e003
74dcb2
7ab498
74d823
675e88
7d6e59
728635
787438
62841a
786629
64f0c0
779c82
64a2eb
7658db
7f8ad2
6a4627
68b6cd
6db4c2
7d5acf
7440e3
6794f1
6c2275
6c6265
71d65c
6970b8
70e6b1
651ac1
614c9d
7df641
78eebd
611aef
7154f1
6308c9
6e44ed
75aca1
79fc2f
75e43a
732c40
7c98b7
7a9c17
635cf9
7848e4
605092
787c39
78dc94
6ed47c
7fd6d3
6092a8
617e15
760c02
6592fa
61f62b
66224b
6198bd
7c2cf5
6b52ff
7ff6cc
7b70c0
7f909e
7daebc
6bd29c
69401c
7cc844
784e15
7ce2ba
6d0016
7d9668
70061a
6518cc
742ce3
706cb9
7fb2f0
60f48f
69a4ce
7a689c
75a475
62a6fa
6b7683
723e03
793a32
6f10ec
63024c
75c4ee
60eeae
6a7ac0
76e66d
744a50
7ffa7d
6a964b
61564c
7e60d6
754a82
6b1ea9
61d263
606a15
7eca7e
6664da
7c50b1
63ce66
63dc82
6ab250
64c826
6a3869
731eac
65ce14
7d3c59
7e8a50
7ad8f2
707881
6fda80
690c25
6718da
73e23f
6564a0
7fca36
609ca1
7fe8c9
6a3c24
6684a8
7bcc98
75883d
792237
6f0482
6ee2f1
77c62a
636496
67fed9
70165c
6eea61
73bc01
6a84c2
716cb9
629686
6150da
657a14
6e3c9a
79de98
7b4afe
67d48f
7d34f5
690e6f
7fe2f5
7eae3a
73de3d
7b0087
751845
7bacd2
699e4d
674637
77c442
751e35
73009f
7be29e
6ed098
6730c2
699e05
66c845
6beea4
63fa31
78f6d1
655054
7f4a30
63e6bc
674cd5
6dc072
6f5481
7b52df
67d81d
78d0fe
752e58
6bb204
77d001
7236d5
74e00e
61f4d9
6bb42b
7f6224
668a64
771a2b
7df289
6cc448
6ee822
7e64ec
7768e1
7ffcd4
7586c9
649c04
6a2ed8
7d1ad3
6a444f
605e64
7c68f3
7f72a2
60724d
677a57
749697
6b6e5e
6b5422
679e2b
7ef656
725cfa
732a7d
69a0dc
6b2610
7d7401
6cee7c
710e60
6c302e
675416
6fa0df
788872
644881
7958dc
7f723f
693677
7c0085
6046b6
6bdcc7
6df094
701612
623a0e
62e6e0
6708de
65a436
6390a0
708637
70546b
7dc0f7
6a565e
6284d7
73c446
61d09f
7f9295
675e32
6d3cc3
71242e
78cc97
76541f
7c34de
60f8d2
6ba240
77f627
6f7c1d
6eb0ef
6dd45b
7e9448
75e2bb
6aa465
6baed2
703ed5
6a6663
79e017
7460bc
763eae
6d5405
7eded8
788270
7024c1
616877
6060de
6b8c9e
61b659
727628
7d742d
617247
784a50
751ec7
7244fb
617463
739455
7274ff
61e230
6cf276
752e5f
6a3058
72547b
7ab29f
735403
63e47e
7018b7
7a5038
604c3a
77304c
7576e2
6daefb
6d5a54
6fea3b
6efc69
6312f2
786282
7c62b5
699cc1
6262f4
734220
61ec27
7fc8c6
7f42a8
6c8e3e
788c0c
64fca1
63f224
77643e
6c4c55
7caeac
75fa85
7ed661
7e8858
778a87
6aecd2
789815
63ce8b
6f4e93
67a0ca
6db228
791a35
61e255
6db4e0
601235
6d64dd
75527e
7956d8
60f8ea
65e450
64342a
781a75
7f6492
6bac3a
75d84b
7ba083
7ee890
6f6663
744aa3
786eb8
756c02
6f52c3
71c8c4
7ba05f
6afa3d
663833
657814
7b743b
70a275
61c890
724289
67f62b
7298ff
78a6ad
6a245e
78b22d
66ee98
712eeb
648a62
623a07
668aee
75ee09
6e6a84
709209
6c04bd
6f743f
664a5a
7be0be
6cb8b0
76ba03
62805f
783099
692063
77aa42
636066
7d92f8
63fe1d
661e7c
7d0a34
7eae6a
7126a6
63243d
6850e0
7d3667
6d908c
703cf9
6f7882
7eb6cd
6f34bd
725a5a
6fcaf2
609cb1
7446b4
736876
7ae688
6b80fe
67b05e
643ad3
6b362d
685cf1
64c6d9
6cb4ff
7494f8
743e4c
64228b
6cf2b1
6608fa
7bacdd
7b2e93
73ece5
758c30
71a0ff
64eea4
746679
67464a
636e3d
74d815
7cb6e4
7fb420
6564ad
657e57
72a41f
7eb40c
757e31
619079
71583d
7eca05
7aacbb
6b1203
6976d8
680e05
67aedf
7528e4
7b5a79
698009
6d1635
79607c
6f2c2d
6d445f
7fcc9a
74b255
63c238
6de4be
72a87d
749ccc
7d0028
717289
6a7273
715e15
79322a
72aa94
71ee75
6f3a54
7ef03a
72242f
70c403
668c53
6d7679
726ac9
77ac98
7afcae
744eca
708c11
78f441
71001d
639422
615873
64b6ef
7838ce
6c8633
733c37
6fca6a
60d69f
625e9a
705c73
6fea47
71c2d4
6b9c75
7626ed
6548ec
726e97
709a82
7dfcfc
633495
7b362a
6ef466
71743e
60a800
6baeba
789419
67f8c9
6a5ec7
68249d
63bae0
64f204
7df07b
72ee7e
64d2ad
6cc025
704af1
796c09
729ab9
6c7857
6d8c84
63fcdb
77ae12
6b06e6
796c73
609ed4
777c91
6a82a6
7a246e
636cac
758a2a
74aa48
749635
711048
60f6c8
680241
706213
643ad1
72c606
6f1eb8
7b648a
760489
6e969d
6fa08a
75f497
7034d8
63d4cc
6fac22
764a13
6edef3
6e1491
7c3ad1
601e4e
7e3805
68b213
755c47
7754a2
7040b0
771e04
6730d0
6d9ee7
7a86dd
7bea3e
77dc7d
65e03f
7a385f
66da87
6a52f3
7dbcc4
7190d8
7a5664
78d4d5
6eeced
76c01e
7eb6fb
722a02
7ffa8f
7e72bd
6cb62a
7a2698
6e10b7
6332a0
64b400
7be876
67f833
63f446
70c49a
73a6bb
643685
7de4dd
7890aa
6248ca
6300de
691eff
697c41
6dc867
62188e
67d008
797edf
7b6253
7ba894
6048a3
783ea2
7e6625
6234e4
72609b
7c68e9
63f8ce
784055
74c8c1
60ca1e
6652fa
6c82e0
7e201f
6c5c46
65b41e
68242a
73aaba
6d1071
66a020
615c1d
6a3669
7a3ad1
7bbc88
723090
763638
77ea25
62de81
7c9876
6a0232
710c7d
66521a
62f035
6cf6b2
7cb403
6bd00d
6cdee8
6bc287
7ba494
743aa7
783626
7022d1
74a2bc
689036
6f6a95
73e45e
61d405
7b544a
6b88bc
75dec5
72d6f4
66a09c
7360bf
775c93
7b6cfb
70e2a3
7f38a3
73e007
6bdec2
6192a9
6214bd
7de22b
66b6a6
7972c6
61fc4d
661484
6b5053
78946e
78be34
6f8e5c
64c071
63de76
6b9ca3
7744a0
6c68dd
6248b3
683630
759028
64be93
62a805
7430ad
65fc27
7d12f3
71c479
7dd8b8
7d928f
6ab406
7ac237
617c68
70f6f6
7e3628
75d014
7e7a59
7de281
7ef272
7e2644
6f666d
797810
67746d
62b2c8
6ec2c6
62f6a8
69f498
752050
786632
6856e5
782247
7c5a09
76a2d8
6a9e34
672498
6d38df
7a3ad1
74fcd7
6732a9
639a5a
7a3060
6fc26a
6d02c2
6d58ca
6b1a15
640203
6c7c34
7b3050
665ca7
7926ea
78e6ef
75843b
69e414
7a1423
654461
676c63
77ce54
6848af
794498
6ce831
61903f
612631
73c874
6074ae
7dd6a5
7ab26a
6bc2e0
7d86a9
70ca08
67385c
64caaf
781aab
6a369b
6ee2a7
6f60ab
65dc54
696422
746610
66f2d7
688041
64502a
6c668b
7a1204
79a6f3
79c8d0
661c29
6eb666
62b08a
60e891
64b229
73620b
755e00
6344b3
6bb02e
7610d6
780a7e
76225f
6d0ae3
67545b
72dc68
708ef6
645ef6
6df4df
6f2ac8
615a60
640273
638830
6006fe
6a0623
766258
712e6a
714eeb
7edc03
75daaa
6930f3
6ec660
7e96d4
71ae83
70cccc
61d43f
68aa77
7d5c0d
7cfcb1
65f86b
6e3eff
6db859
684c47
662e21
678c26
65aad9
6e10f5
660cf7
780e02
7760f0
6bc6bd
6fcada
6daac0
6cca3f
67ea48
6264ba
7e5c1f
6f246c
674ad7
6aa25e
7b1018
63d4d3
6df616
64a66b
6c04b1
7ac6a6
64a8c6
768212
63c86c
62a680
6a1426
6e360a
634293
7fd249
71f048
7eb4cc
71a81c
6b46e4
7816e0
675687
69e2fa
71e8a5
70964d
732688
6258da
7454c4
771e54
63b84c
7eda49
618e1b
6dc86b
6d3ec8
60b8c5
735eb7
77725b
6a143c
750eec
624ab6
797a70
652ea8
6692d6
771211
7ec41d
67545e
7f9892
7a6279
7f76fb
720402
6baa01
68d853
6628c4
676ce2
6304fd
70b44d
719024
79f4dc
6edcf2
72183b
7ebeac
7f4c2d
68ca47
670e4a
6b1457
6bfade
76aacf
77fe52
60b833
6d1014
7f2ac7
79ea60
7d200a
7aceb3
67d49d
62b009
6af410
68266c
749aca
700408
7ae242
64e00d
745e99
7d4e0d
65aaf7
7d2c5d
77f6e9
61b031
6d0ed2
78ca7e
7004c1
7f4624
67acf6
79fe37
7aeef3
6266e7
6788a6
602cc1
683a44
7b2a3f
7684b0
6e1c6d
706641
7b840c
765a2e
669248
73ce93
65d810
70081d
706453
66d280
70ecf5
75402b
7f1a68
6ab6a5
7a061c
6b8ad5
7e0e7f
7f18c4
74f2ed
7ada57
74aaa0
682ae6
790225
6ecc39
67423f
7a9044
7188c4
70aadb
62bc8d
6192af
61d439
6d8253
7f9454
7da885
779ad4
63be4c
6d18e4
6c3e14
7486b3
720673
6fde0a
794e40
7024de
7e583a
671676
7166a1
71fa53
721a0e
66c009
7cf289
67ae8f
6b82da
7b4632
658a7d
737a10
641084
7d54a4
750ce2
72aa5f
711210
654088
6b4a53
73be3b
63922f
666a8e
77e0de
6450ac
601898
69f4db
70f8e7
76487f
605a33
66ee8b
7430e2
69ac01
7b0eba
7a2c48
66988f
7b38e5
6bb682
76a67d
723a04
68f0ba
68aa20
772aa3
78a6bb
7e2261
718abf
7c4253
697262
6958ee
742a33
75ac63
74089d
799ea6
7ff2bf
69cc0f
6b8e2d
654ae1
6398cf
6564f1
636a7d
614657
742c66
6f9c1b
