6f3601
64e6c8
616ac3
780494
68ba6e
68aa8d
6f3a0f
6d5402
6352ef
7070ae
7c26b7
6b626c
781491
71b8c2
671026
7b3c25
73d0aa
6c302c
69d4a9
7334d2
7f886a
7c7437
744ccf
68b8b0
740eef
7be4cd
7ccc58
76762c
7e6618
7c8c69
627200
757cbe
6620d8
6f065c
794a39
6cd093
7c2218
7f803f
739aff
74f682
774847
70aa02
79c2f4
6f48e0
646061
6be696
75a0c9
7c1414
7f5679
76ec4b
62c4b1
64a43e
6156e0
744edb
7f90d8
701064
610674
68f06f
645805
68e29e
60449b
76e68b
7e261e
7930a9
69d409
7f44fb
7f442c
7c04f5
70bc9e
6ac66d
7378b2
77d445
764a38
7fcc92
6e0c93
626c7d
63e219
73f2ca
750eac
6e645f
7e6881
7c6249
67c4d0
60707a
6d043f
7ed02c
7ae45f
7d4e57
72ce88
75fe2f
754637
72c8cb
61ae9c
6020f9
76bc48
71fedc
7200fe
7910df
7e9220
70427e
766237
75ca1b
63fc8e
6348c8
6f9e50
69b4cf
66eae8
6e4456
75085b
6e8650
710cf3
6c4859
75d48a
6fbe84
753ceb
7b4ab9
68d098
7e1492
7da064
7b7c16
7be6a6
73c80a
6ec244
693ea6
7330ed
796ab0
6e9499
79a0c7
62ee42
67d47e
6576c1
7ef474
75e84c
79da43
7b3699
7d44b2
6baa8f
75c6ab
7202f1
60427e
6346fa
6a3641
6cc245
72fc37
75d005
61ea6b
7ad6bc
733001
6ec0df
645e9c
63c64a
7c684c
719a82
73e466
7e842b
611c95
7df270
790a03
73cc97
7a5adf
75c022
6cde20
69e4cf
660218
71f05b
69cefa
6bc0f9
7478a5
7212a4
6c988f
7eec21
6efa9f
6cee64
79a2bf
6bc2a3
7c5220
6a92ee
6e66d6
73b0bd
6814d5
73dc87
7e0477
7292d9
63aaf3
739420
7b4631
64dc5f
7be61d
69c882
7aa0ef
665e25
60d89b
661239
64bcfd
6d5e2d
62c09b
71b2c2
6e1037
6e7609
74aa9a
608267
796457
693448
753cff
7dd2a0
619a4d
715e14
6786cc
6328b8
6bc286
74ec59
699084
7b44c4
73ce43
64ee4e
7558ff
7ea2bd
639045
7966c1
62ae5a
767a0a
67ac59
7d9ea1
69ec58
7296a7
6b1cc1
719ef6
6b7602
7f4a57
6bc824
6cd6f3
6cbebd
77b834
736ab8
66325c
6d4cee
7bd2eb
76dc31
7f76f8
706207
76b63a
65820c
7734e7
6cd6e1
6b2058
7e2833
7eaee0
6b3ed6
7e101f
6616ba
77ca16
6ec8b0
7ce20a
75fc95
607e1e
685040
7ffeb8
7e168c
774ea9
64186e
63aec1
68c2c8
7fc684
7fd260
601a7f
7550f3
74727e
6ef2d5
778e26
64466f
76cceb
67f4df
739ac9
614c44
7b3adf
7c5430
640aa6
6b761d
6e8ca8
7e0c8f
6b2226
6c3afb
68cc49
75461a
75c4b4
73501e
734e94
6b8232
7fa248
6fd274
777e2d
7d501f
778019
7ff041
612835
723ecf
7232c5
72b453
6a6ec9
7630e6
71e4dc
6b543a
761cf5
6b9623
6ff201
6f708d
7d7a27
63ce54
66c2f9
731647
6ada88
64f469
658a7b
755eb4
71d431
652cf1
6c0a62
6ec2f7
61c05a
7ef4df
77baeb
77f052
7032d3
6daa23
68bab3
7336c2
6d967f
671074
7d44bc
6de651
7e4498
7dbc62
6b16a8
7ba02b
7eb6bb
7e8cd5
6a965e
75c241
658cf5
7376e9
6e7e9e
7ee2da
7aae5a
79dae1
7fae91
6f26b1
7df677
6ffab9
7c46e4
6e1076
688c36
61a288
6b1cdc
78e4b9
6f061f
6ba0bc
661011
678842
6ffc33
7bdadb
67b893
726a77
631e21
6b68f5
7ff0ea
6a2ed8
6ec808
6d6e9b
7170a4
658ab7
728066
6c921a
654696
7cb28b
76329f
6b6680
6e5289
7950f6
6736f8
607028
745c1c
6b689c
72fe0a
634809
7b9ea6
6fdc83
7e3a14
7f6c1c
610037
6f723b
7aced4
778a0c
7d80a5
7ca46f
76e4c9
7d94fa
7734d8
78d4ee
6fcc57
770a0f
6cfe4e
603a78
6284f5
778ebc
7ae01a
63eea3
71a4b2
6efc93
609a9f
745076
6af697
776c58
712ad8
65f086
7b22e3
71bae0
783c59
773a1d
6160ee
74b42b
733eb9
70f45a
7fe023
66f85f
7e902d
692ae5
69925c
78cc3f
65b8bd
7cd8c8
63c2a5
73acc8
7ee03a
6a7673
6d4037
6d4ebe
6f9eb0
769431
658aee
7d0c95
6eda66
682676
6eae3c
71d2a5
71eeb9
66807a
6e4686
66c44b
6c9850
6e9c28
72f459
6eb420
74a42e
7afcc9
70dc02
63b2b9
6abc6d
696ac4
7fb63b
61da84
7b00fb
7b48d4
784e72
6d76bb
6694e3
60dc2f
6386f5
7f723d
6c427e
60b048
6ef607
7eaad1
7acca6
79c22e
70da3b
76b2a4
735467
752e86
69e8e2
71186e
60cced
6b0858
6eec9b
75e4cc
676cdf
7ee2a9
7e9278
63d854
7a8a30
6e5ab2
7ac4ea
600e79
6e2e51
6c7227
62dc75
70eec9
7576b6
66b8e7
715203
7362e0
778e9b
6e82ea
7364f5
645a17
776273
7a7c8d
66c25b
7b20c8
740a7f
683eba
7b287b
7076cd
61e24c
62f218
644a24
645e0e
776202
624af2
7cac93
61b6d9
68ec94
6af453
7b4c1d
7b5cda
6d4e9c
7f3e21
72102b
69f6cb
63cacc
6f66da
7260fb
6c1443
7486d6
6e1239
6b40e8
793e75
693a8c
6d7850
6e7c56
6f5e1c
768805
7dcc2e
7c061c
73ca0b
7946cd
6e222a
695416
6eb0d5
6f60e2
71b234
702e5f
73c8f7
6b8871
691e7d
634ca0
7cb446
7dde4b
722a3c
761c9f
6b3ae9
624c21
7c2ca0
6e3299
6fcca7
60d879
7f7448
77a887
6f1efb
6c2c66
614292
738269
7b96bf
76c419
6504cf
6a3077
79285b
7f2c9c
6b4c5a
745a10
662adc
783066
6f021d
6b0624
6fb22a
69a432
7fae1f
6510a5
7bd2ed
793a4a
73e206
7fc050
7fd04f
657ed0
722e77
66a4a9
65103d
6efa2e
67e417
62dc7a
61d422
6c9af6
772ef7
67787e
6ea227
74ca1d
68ccc9
6a7e2e
69e4e1
689cbb
66a838
6d5c99
6736f8
7c6c95
67fea8
7d3266
7068eb
7f7648
7e0800
614cca
765266
65207c
72a47a
61c612
62b089
79a818
6d8a58
7f685e
67ca90
62ae02
7bd2d1
644287
777261
64762c
7ff44a
6fb484
6110ea
723cb1
717a9d
75de84
6064cf
7eee28
66c2d4
64f697
78cc6e
799c73
7828df
73aef3
62b6d0
76125e
7226ea
759831
657029
7032a3
60ea44
6d9602
7e2c03
738ead
630a30
62004a
662c71
621437
6da2be
7a2ef9
6d4c67
6e1cff
65f067
6664a0
799e83
78eeff
7c601f
74fc15
77b4a3
668053
7a98a6
7d8af5
7a08bf
7c82a3
601a7a
7670e5
755ed1
743ac2
6a8c23
633635
68d69a
7c08c1
78502c
70fa60
72303e
79d0fa
62cec9
618a39
6b622b
76c27c
64402a
644e84
61d4d9
6e6cf0
6d68cf
753230
6a824f
7a4837
6c302e
670071
706e02
61dc39
73f8e0
6c1218
6e92cd
64c600
7d8e28
674a93
691286
74cc20
6e2063
6840a5
705070
60e490
7ad2f9
6c26f8
7f301b
6538d5
77a0c3
78aea9
66d6b5
7966b2
68d428
79787f
66c46f
65b630
63d081
6af6a3
7cc86a
6cd075
68920c
6ba81a
69040b
7dba79
7290ae
7d9896
728e30
62866c
7ca416
7c084e
713042
78e24c
72c8f3
7aaa69
7b60af
71e659
695c1b
70c600
61cab6
601a41
7d247b
6e4019
7ee69e
73e6e7
673069
6590f6
70d895
601045
7ec68a
7f64b9
6e2c6d
70a4ad
75f621
7e2086
7e10de
6d2ed7
77a277
6154c1
6c5615
66f646
6d169a
78f487
6158bf
722630
66c0a0
61f698
732c6d
6448f6
71bc77
63b825
7bcc66
6a2add
792c91
7f5495
613469
679820
732eb1
7406d6
613eeb
60ce38
6e9ad6
6be842
62cef0
72d6b2
62d640
61282b
7120f6
7ee6fb
604e2f
704ad9
68a6a2
68a0cd
7da612
7aa296
6c7449
7a4c60
7cacc6
62dc98
63fa2d
6112ab
625e83
68f22f
673a3e
7958b7
7994d7
6b6283
6d72a9
759c57
7e4a74
69cca0
651c9a
60d616
65fc4d
7570cb
69dc15
7304d0
7528e4
70e282
7d0242
7a00cd
7a9259
7044f2
687875
6ac2a5
74be75
7d282a
77ba8d
73c243
7c522f
699a4c
7bde3c
72c6f3
772059
6af6ca
755e1b
69320d
773ea2
6686be
7b7edc
6eb6dc
6b8cad
620a74
6d1c9c
7bf025
6e4ef3
6b4caa
6bbce2
6ada1d
776438
622cc8
75347e
7bda78
61340e
7f50de
7eda81
60d455
793045
623c9f
6440e7
719ef9
73a65b
6192ae
6d1630
675aa0
78ae21
646c5c
6d623c
787ef7
735afb
644210
714e14
638617
6e2887
636e51
651a68
643ce5
703669
69a2e8
6c12d8
6a9621
6eaed2
7b9428
721680
6df89f
668aa0
79e86f
6df677
7300ff
7f90b8
7426c5
75220c
6c7483
67e624
7fb026
6dea5d
7128b7
600a65
7c789a
700c05
7e9c96
62523c
7646eb
7b8a55
7b3030
7ec2d5
63908a
761c8a
719eeb
6a0af9
72dc97
6ff691
637818
7a82f7
747ada
7396f0
6abea9
72a0d0
795c10
75b4b0
65ea6b
70269d
6b2a42
77a8ee
66661f
6780a2
6b0a9f
62f264
6c084d
6a58bb
61e2eb
6c4286
624a80
670afd
7b220d
66f2c6
63dc76
7e6679
6ec84b
7cf69c
7b70db
7a7e2c
6d3e47
79b613
75bc29
76322e
7c12fd
796a79
66d03c
6b7cfe
621039
7c0e14
7b6eb1
6bacee
656a0c
6aaa23
739605
626226
652251
6abc30
71c0b3
7ff433
703277
7126f7
6e907c
662e59
6154be
66dae2
6810a8
75565e
7694c4
72da2e
7d9418
6018b5
7d0230
6a8270
705c07
7a8e40
77e0e8
7472c1
61f886
619ac5
6e0c04
7f122b
6eee05
75c05b
712ecd
6a1c95
75220b
6046de
6a663c
7f4661
66d46e
74c647
79e8bc
60640f
7bda07
647a6f
71b811
706467
650aca
715654
62264a
6e52e6
6f8625
6aaa96
62e8a8
6ec6fe
7c5c39
694ad5
74d215
7fd076
6f62c0
60a67d
6016a7
774854
6f1c63
7eb0c8
7fec3e
686c3e
70909b
6ace20
64f2bd
6774e9
651c26
7be8de
66f0da
79460a
697c7d
7daaf1
7dfab5
7dbafe
773a33
62d832
7616fe
78e032
6e2ab8
676c85
725e31
62f09c
69c078
79f056
65a019
7008ae
7ea82b
7c14ce
789243
72f02e
7b1a22
634869
784ab6
6b70db
6ce486
66949d
7a4667
6080f3
74765c
724202
71be17
603cee
738619
763c28
728079
6098e1
75fe0a
6b80ac
70b6a7
643aee
78002f
61c65e
76bed7
7c362e
69de8c
61a647
60964b
75e0fe
78e042
6ee464
603626
6caeb2
73e268
65e426
76d841
68f6a9
615a79
74e858
6cd08c
65724d
7d5241
656ee1
625038
7d24da
7e86a4
70a4f3
6e0452
74742b
738ed0
786a4b
672896
699ab3
6f62f9
69f2d9
66701a
737a41
7c8cce
72a63a
744aa3
63ca3d
6c2ea6
7f4a40
6cde0f
7848ba
7cda70
719281
6d20cf
6bfc09
7e3272
7a8c6a
71b455
7a864d
6e480b
729cf2
66b82c
6a2a43
7bded0
73627f
6574a9
6b1eca
612895
663ac2
6beace
6d30a0
6b3ea0
71e00a
7a6422
64a4bc
6828fa
619485
7b782b
70e4b4
7a2438
6c1490
78b845
7c0615
71587c
765494
6b96a2
71f2f4
619e82
646022
657224
69baff
6a802f
656c28
6d30f4
655eff
69aa57
771eca
748a6d
7f5200
7e08d6
748e28
70a279
6ed44d
7a44ab
7bece8
680e6c
6f0653
7e84c0
74bc13
658860
72b895
7c122f
725c18
7ab428
6f28b7
660a57
75cc63
6b9aa3
7acc16
7d3cf3
6a9288
674ed5
6ff45b
79c676
67f22c
725815
6f7e54
76666d
6b04c4
7318d6
7176ee
62bc3f
62c2b9
6aecc3
780a8d
6c1c34
6b1ae8
7ee00e
78f441
643e47
7820da
7d9ad0
7320ba
630c21
6548f8
7ae6f6
770aa6
691063
7470ca
656670
7ea067
65a68c
7ceec2
6b9032
7de48d
7c72d2
7340d0
668842
6e68ff
7092c3
746487
697e49
7cb608
6dbc3b
79cea2
6544d6
7546a9
61ec30
66d0b9
66bc99
7c428d
74e8c9
660e3e
7ba4b1
692aaa
7ed832
7fca57
7daea9
7f10ec
7b20f9
6140b4
601af3
71b430
7c485f
7aa601
699430
6e3afb
7448b5
6b6051
763474
7caad3
6ca8d3
6ec037
62acfe
63f2d9
6c8459
69c6f9
627e97
7506cf
6c8c1a
78be5d
719ac0
67b64c
6d5457
7722f7
6ff69b
7afac7
6c30b4
770a0a
7c2a1d
609c2c
7f8840
607448
61508c
79802e
6c12d7
65b260
7a72c1
6ecee6
7fe69b
69b4e0
778a72
67e4f9
7f8c3f
74bed5
784648
7f1cc4
7a54eb
75663a
719e77
74460d
7a86a1
755c56
6d3800
6dfe17
7fae19
7ec244
64021a
71884f
6be86b
76b627
77e029
7d22a7
769224
685891
7b6a09
71884c
735a9c
752471
6e2243
69cadf
71ac29
7b6a66
7b7830
7632d4
68ec7f
77788f
68b40e
67caa8
7a500c
6d58a5
7b906a
70f605
777294
6c8c90
7e8e1a
77f2b7
792caf
619234
7e72c6
7bf0da
7d4626
79f401
7b1241
7af8f6
65e8f1
6250c9
7936d7
765c16
65b288
601618
73842e
6b6ce0
7694a0
75a6e5
69a067
6dd6b2
7be05d
7a3cd5
74daec
6b0239
79da69
62ee98
709846
75106e
7ad639
7b76a5
743ce7
6360a3
79b4cb
6554c6
62a66a
6b9a84
61dc86
7300d5
72decd
623c42
6a243b
6696e6
68c20f
629697
73deac
696030
77628f
6d5c79
72a6f8
618685
7908da
70260f
79de3e
7720da
6fb07c
7c1c4d
7e28f2
7f02f1
6a463e
79703f
69febe
6dece5
614082
6eaa21
6b4412
658641
7f863f
732c4d
73a658
7fe6e9
6f6097
693613
700e51
78c276
7ad477
617ede
7f0ada
667cdb
600a32
78a852
6fa6e8
6c3cec
6f64dd
717a36
733c03
764c81
70e4d5
61da2a
7d927d
7d84f9
79985b
71c0e9
6478d4
664629
620673
7d9658
6430b8
7bd28e
6792da
7058d3
7344e7
7ec67a
740ad3
7526af
7c3443
62fa47
77e489
63cc3c
6234c1
7b1a07
6e6e54
6bf414
6664dd
6dead2
74f46b
6fe275
772a38
7efa24
77d24e
66acac
6ab23b
78cae6
73f87a
69aa46
7e565c
6c4415
69ac9f
637475
767031
6ec8d9
75e897
77dee5
69e894
7eb242
622eeb
7db6ca
7eda68
623485
7f50bf
612cda
6bc677
60bafe
67ae2f
666258
74da20
679a48
79be72
7724a3
680cce
64e641
732c87
69d6f4
7bbc30
76122d
6c2444
6fa47a
7a30e0
635653
7022b4
66e6c0
7bc4ad
7f40bf
72a80c
648416
77ac77
7040b5
683ad7
6b721f
6cd025
7b8a29
62ca59
79e056
61669e
654ee6
72c869
658a58
7aa250
685a0c
6764a3
7d8ac5
65008a
773c4a
67cc3a
7b3e8c
7b326e
6f24c4
699822
63ccff
6ee26d
79f8bc
7b5c04
7a00cb
79fef1
6ee891
72c238
7702bc
623e1e
7d161f
680651
6b1277
731626
77defb
7e384a
66ee97
7a4a45
7744ac
62c20c
741e93
696e99
7442de
