61ce62
6372bd
628a74
7de85e
74524c
6c441a
7dae4c
609c85
73d237
705eb7
706a72
6628ef
79542e
7db0f7
67dec1
6bb0bb
617aea
6f36b5
67b85d
60383f
6ea419
77fe50
69465c
70a607
78883d
73bc91
643012
763cca
7286da
77acd4
65c618
7cccff
6da6d0
7ef4c1
717ea9
700ae6
6262f2
6a36e7
696432
7f92e0
73b68c
6d68d5
75b24d
7626ad
7af2e1
704a15
7aca36
7ee619
74a6db
7b02e7
6cfa03
6cba77
6160d3
625876
69e65c
7d6272
6e9cd9
775ab6
769697
69fceb
79d02e
74a436
6b8aec
77cec3
7cca19
6584f2
6e727b
66744f
6b1aa7
746285
7afe08
75f680
699a57
71b8c6
7a145a
799442
63ae7a
6b38ad
625eb8
7a2a63
764009
6326e6
79c6e5
61aa63
70eab7
693e21
7a6059
6838b0
63f8cb
62fe9e
6d4894
7b6863
70d6b7
60d87a
63b075
71eef4
7c2439
6ade87
61d225
6506e8
62e216
6d26e1
713ac3
689e42
77ce68
6664fa
78ec85
6ffc35
7aeea3
6fcafa
7c70d1
6d3a9d
60c49a
76d830
7dc877
769c89
661ce0
7330db
6e0ef5
71e213
7ceadc
749cb8
65bc69
6bc4ad
7afe26
72bcd0
64f0f2
740871
723060
7c9cac
662402
6fd882
7a2c8c
7c5624
64a67a
7ea227
70f298
699639
6a326a
79bc61
6684f7
7eb457
619440
6f8aeb
6c865c
69da0c
77badf
67b4e6
7de674
6f76c0
63f8aa
7b9662
730efe
699295
6d5e5a
661c33
7a8ef5
6f6c84
795e04
72dad4
743850
78cc36
7ab897
742079
7d0864
754ea0
6efa7d
772084
72c272
7d688a
6eb62f
73fabd
75c29d
7132d7
6c3220
6f84c0
698cd5
74fcd6
7f2497
6aaa9d
7dc273
6bf646
732087
799ecc
70ae15
69146d
747a76
6524e3
6c0ec9
735cef
684884
6d5e82
620266
6844d9
752441
69bc4e
692e7d
7ce0f4
65ea92
71ca2b
62be0a
63b467
71dca1
65d43f
746afa
6f86cc
7908db
6acea3
7a6e69
70c2b4
6816af
68383a
7a4e88
63f899
7b4065
677265
6db400
7fda83
6a8278
7b04d0
76f6a7
6f96ae
6a84fc
6038f3
724a51
7c782f
61ee8c
663c7d
79b421
6a68ad
7238d3
70fe0f
7ba6f9
730a7a
794688
64eafd
767a8c
608251
78a4e6
798c86
7482c2
7686a1
729053
7c72d6
6032c3
77423d
63fc54
66b06c
6068e8
7b2622
67d86d
779ce7
6f6c44
71441e
6b0468
66bed2
7be037
7586fe
7164ea
671ecf
71da26
693262
61e2ae
6dda5f
6444c9
7ae2d9
775021
652e2d
6f5075
63183d
763cc4
739087
7a0eb6
6fe669
774ab4
6f74f9
625407
74ee0f
7bc4a6
65e6c7
7afaf6
770e17
777c77
77f8ff
608a8c
72ac46
6ee253
7d64e8
7ce2ea
687c3e
6510cd
742094
795441
75a677
6f8ea4
7e56ff
681eab
6b66ce
717e12
6be81e
7c26ab
6a5216
6cb86e
7bb4e4
7ecaa2
62f802
72b2fb
6bb6f7
679eb0
797e99
672efb
7002d6
6edcea
706076
6842f3
74d213
6a0e01
7c149c
79560e
71066f
66e09c
7746ff
7b2adc
670c9b
74b614
724a67
73d640
7c4e01
62eef7
7bc627
7b341e
7cfeb1
79f83a
68aaba
748e86
76de02
65be10
6288b5
6afe9c
689650
7aa66e
62ba9f
78de21
6d7074
79a855
7ecedb
70a474
6f0a64
6ac253
7a0456
724293
70a823
633c93
6c2856
712c46
786e2c
6a0a7e
78dcde
773e93
772ebd
6d9288
675837
667e97
720e84
759e23
77bea4
73147a
72e497
77f4f9
7edc39
6186d2
720817
661cea
6bc229
73e0fa
697e94
78b6f6
7f0a25
75ceec
78e267
64d035
6ad251
60e84b
76f4bb
61f6eb
7f9a17
762c40
65c254
618a0d
7c6a6b
686cb6
7bc651
6e5ef7
75f023
73e6e3
7b5436
7a2e3d
61168a
7d8cc3
74661e
7df013
79c4e6
679431
795463
6bba4c
62361c
6f52f5
73e435
7ed63d
7e2c76
655080
7d325d
6f0413
64fec3
782628
77c601
7efab7
6e500f
7238d2
6632b6
6584ef
718449
62ba7f
7feccb
6c4463
6188b8
7230e6
7bf0b7
6f9635
6ef67b
654e39
6afa85
689675
794ecd
708811
7ad083
7bfc12
7536e0
68e053
7aec5f
6284e4
61061f
6d0617
6d3ab7
66c4ab
76ecc6
725adb
68a8fc
7f88e0
7564e2
71143d
64aec1
66bec9
64ea9a
66d249
680a8b
706cb9
673c2f
70082e
79ca5d
732e1c
75f8b2
782a41
6f2469
78b468
7cf609
7c8677
65901c
7aaaa0
70aae5
6a2a2e
743420
6af240
794c00
6a54fc
7cde67
6376c0
747e5c
61300e
6abc48
7f18d2
7b820e
756207
6b6272
62a225
79149a
6a2853
753657
795063
7aca39
65ae8f
63fa8a
75729f
789880
6aa624
62d8f0
7ae2c1
7b7642
7bdef4
7c2676
6d4414
649079
6b74b3
678a2a
788ea6
7eecad
6a64f5
6fca3a
683834
7c304d
6438d2
6a22c0
6b22cd
6a4094
6d64be
6e1838
77b225
79e439
763c6c
6c5ceb
7be228
68a250
64f6c9
6f7c60
701223
7fd2b6
7352f0
678a53
608cd7
655673
6df861
6ed46a
6b8281
69a0fc
67c857
6ab61b
661638
60322a
69ca70
7f9c0d
71ae0e
72a8ac
706e4f
6afe5f
7cd6ee
686a7e
7686cf
73a05e
67c6f5
78301d
683867
6cdec0
7720ac
7100c1
65eca8
760270
6e7632
6a2613
77b241
66ea66
7cec4e
790663
760cef
6b844d
6084f7
65be9d
6bdab9
7d460e
60fe29
7c6afd
7df277
733e3c
6abc9b
7ad4c4
68ec70
7d66ec
64a877
628244
62d4c0
6cbeca
743628
7a8a50
622456
7de899
665ae7
67d2c4
602e82
63c270
751a30
71cc9e
620e60
6aeaf2
6d746b
6ad2f0
6ff810
6ff85e
698ee9
6bdc3f
6f44bf
790452
