7dbc1c
604ca9
762ef2
6bae75
7a9045
783a77
6e38e4
66fc7f
7f5253
62f6b9
6cf6a0
6e3ab1
7246bd
737203
72fe8d
702248
7878f8
7a686e
71de23
7490b5
65eaf8
7596c1
754447
64fc9b
7ae23d
6780da
7ceab8
7ab49e
6c5657
6c5085
6dcc10
760632
7d3ed2
778ea3
6d1c65
7f22d9
7d7464
79bcbc
7798e1
6656da
719890
6794c9
739a4d
77b2f7
74ccd9
6500e5
71ce83
6e5461
7e9831
7d0a4b
