61d6f0
6d704e
73e097
639616
776223
780a21
7f5e9e
68a450
71d4ad
7eb071
6a40f5
66a4e3
7588ac
6da476
67924e
6d4078
742ee5
617465
6baa68
696c21
6f4a8b
64faa0
6e9220
7c3495
7c6adb
678827
76485d
608014
697e76
760285
797251
61c6d8
648a80
7872fc
751ea9
7f3877
6bb602
7ae855
715a83
6f62b2
6cceb8
7878a4
72c858
7bf8c3
652697
7188e6
6fd0cb
7f340d
7a4068
649c91
6d6864
6d58ca
70ba2c
621cfc
74c801
628cb0
642207
770a89
642efe
6e60ff
70d6a5
6576ca
6cda44
6094eb
756e52
670449
7b0a8f
79d29e
66e2ef
65500f
61aaf8
6ff810
721020
692255
62962d
72ec6a
7eda6d
61f643
755c4a
720e06
771aa4
7536c6
7efa65
6f6e03
73be41
7652d9
673c56
717a6b
7238cb
6b58fd
7d1eb1
7334bd
719678
6a0aac
7cac62
6818bd
62b207
7f5c56
68f689
6e1ce8
6cbcc5
7e4ec3
715c9a
703e30
73cc3d
72b84e
669652
7676d3
798c8f
7c82fc
61245e
7aacba
73dc9b
611e92
7fe4aa
6bb694
6b7ca5
70cc89
7b1285
67b41f
647457
7b9a4a
713aef
644606
67cc8b
734a5c
68920a
729cba
663246
6db24c
737ce6
75c653
77b640
7286a8
6740af
6b4076
7bd6b4
677ad9
76ce6e
6baa12
7f2ea0
76aa9c
603a92
7a8cc5
7a1638
7794d8
6f1662
728c76
6ef407
67f6f3
66d242
77b27e
6932c0
70c475
623499
6fd8e0
691292
65f83b
76aa1b
61ca7f
668e9d
6e24af
6ed089
7572f1
6b06bc
7f3e9b
6d02a5
612e9c
71f4d5
6be81a
7e6ede
6c3a31
6070d3
603c10
6b7e2e
7722c5
76eeb8
73b650
64240b
64d46a
7238be
6c5c47
7feca8
633041
7dccee
63508d
6bc40a
7b0cae
7c1e1a
7e9853
6218a7
6aae03
7832da
6ef674
761820
7b08e0
714063
62406d
605075
765cbf
69727c
752a64
6abeab
7be4f5
73226c
7f26dd
69286c
664292
728c7b
6f2ec2
73aac6
72102c
6aee55
7a0ee5
78187d
600afa
701032
66763f
65a820
78740f
70c475
7c843d
7e2689
7d42d9
6df486
66a4d4
7c62c8
7df661
73cab2
612610
73e6e1
612085
766cd7
72d094
778c21
704699
795028
623a20
6b9681
6b120f
60ba19
736ca3
78cc44
7650ec
75e2d6
6498ae
6d321a
7a6cdd
6d429b
6048b1
6d5cf6
71c2e3
6c5e6b
7a7234
64c03b
7318a1
7bd4b9
7ed613
7f3a92
7858d8
6eea78
6212e0
62e81a
77f41f
72308f
7e642c
7768b1
691e38
706415
6820e5
75e87c
708622
6d9a37
710cd3
69f697
7b48ad
698cc2
77a0ba
6c5a55
622852
652644
72f4c7
68bcf4
68acfb
76b69d
62eafd
682c2b
65f607
77b221
66e873
7e08fe
75368f
743234
6e581a
7f46c3
788ed8
68e0d0
68ca7e
7f9451
621e90
7daaa4
7866cc
7a200a
788e17
66d853
626627
608ed3
64603c
66304b
76b2e6
7a8a8a
7620bb
64c20a
722821
68bcce
7d6c6c
719666
6f968b
77f417
7a5427
660459
72e8b8
6b082e
6c3e59
7b40ce
669ca5
7dcce4
74ee22
6b2ab0
6a3a36
7fa200
7af0ed
79a240
7a3225
79bcb6
771c33
786a80
6fe83a
64ce5b
662e7a
785254
769697
7b868c
66281b
643646
6a7e11
7c4c0c
6caabc
7950eb
6fbea5
68cc3c
6c1662
63d044
7342f8
7970a9
64d828
658a67
64dcb1
7d48b2
765092
71a6ea
642e1a
7500cf
7a70ee
6fec1c
72309f
7f46ba
72ea75
7b8cde
6fc2fc
716e63
771825
617ca2
738cdf
7b8e6e
77cefe
6a04ba
72cec3
74268c
780c71
7844c9
6c060a
7be414
617efc
62a075
75782c
675637
6a709a
7ffefb
6d9244
6d2a39
68bc9a
77d0a1
6a7c21
78f67f
6e2a1c
6d28a7
7ffca8
6df40a
6d64a4
726046
790c4f
638688
73b83a
7e4e9f
745cda
6a4600
634e66
7726df
6a4c42
71801b
7e2210
60ea9f
68a074
69a8f6
6b8a9e
6f260b
744c30
66e090
729088
6b68ed
6a6cf2
7c3486
789a76
7908f7
788841
69b8ae
67f094
70a6e8
6234d0
768e5f
7db2f2
6a166f
7e5e2d
6e96ab
7e8ac5
6fd236
62fa37
7c906b
69e436
698443
6ffa7e
69c002
6f1433
609ceb
77e073
6eccf5
616c7f
7f1c55
721cb6
6cfc83
610ce2
7c30d5
729c9e
710474
780e31
728824
6e5650
7e0efc
650c33
7cae70
7e424e
743a73
67f49b
6ceeb0
719ac4
7398d6
6a76a4
76ae44
66661e
6a88c5
6808fb
62d0b3
715cae
6bbe18
7bb463
7b543a
6da29f
6f40d7
6a6635
7a7e1c
7d4e11
69f23d
66329a
6b1e6f
71e650
7de887
7988e8
784231
765263
7062ff
6e085a
76eadd
6c0027
6f142b
6f664a
6a2cd7
70ac30
6638fe
69926a
621c8b
6bd875
66965b
74a60a
715827
68b6de
6cf6e7
682a0e
78160e
724a94
7b5685
74405c
66163b
681cbf
6ae076
7a466b
651073
6e3efe
7f6cb2
60be34
63b614
6d204f
7f521d
61f00e
7eaecd
648cad
7794c3
7650c9
7180f6
7f645a
75ac4c
601a91
741664
75a66e
709ad4
672024
6eaade
7da8e6
697422
7f8a9e
68e46a
7a78bc
6b3842
67e0ba
69d683
657afa
7c9495
755c73
7d32e3
7de24b
70d2dd
79b20e
6178b4
774451
7b80fe
77065e
7e0016
74cc6d
767ad2
7b9681
69042f
609ca1
60ac7b
7a1412
6926ee
632869
68d8aa
7a6abe
6584be
7ce053
6702cb
60680f
73dade
70724b
6c7e82
62f04b
6c3c8c
60b447
61848c
7148e0
624459
71e609
67f04d
6262ec
69e253
738aea
72b220
6b6e61
6beef9
618a67
6c8492
76d821
7fc6ff
6cf6e1
745423
6818e5
6d78a4
6310a4
6fac9b
68b89c
76ccee
6dd07d
79a85b
63721e
743c9f
74b465
6b3cf5
78347d
6fe670
633e81
7d12a2
7574a4
66d8c3
623cd0
6da260
7f96d7
641210
61e04f
771ec2
68f48c
725837
676aa7
62fe54
6de495
6744ff
77243e
73141f
606e4c
784c64
634ce4
6c8058
680ec9
65f45b
6b9eab
628a67
6870c0
6910aa
7b3c57
63e071
7e7691
7efe0e
7f14da
76a232
7118c7
676664
60e2a5
714423
75801a
6ea003
64a897
6afc04
780295
6c1280
748a48
6f8c8f
77e666
74d633
6e1ab7
702cca
6436b3
60e22c
7ae43a
78e4b6
6dd87a
78f6af
6db264
62c899
706ef4
79d68f
7386e7
680226
68dc14
6f7649
799e2d
7e1879
63d66c
7356f8
611add
7e9697
7fccce
6dbe6a
673049
6f9c1a
799a96
7fba59
72b0bb
60924f
7f1a5a
765021
67e8d9
65aa3a
606a75
7494cc
6f3ac5
7942a6
7ca6be
7d4cb5
7af24d
61bae0
7aae6d
7a1a6b
71e2c6
6af205
67aa05
69b4ad
63be13
79b451
7b487d
72f2bf
751a82
70feed
749220
6e2e3b
64a0e5
7bd0ad
6a9827
6e92a0
6d4873
625ec4
6a62d8
72f032
769c28
79740f
654608
7740de
650409
63e83c
7cde0b
705e5e
7c7277
72be42
70bc84
6fe839
6fa403
7a36cb
6b364a
7aa8bd
6e4007
6cfa4b
64bc5f
704ef6
67068d
7c20c7
60e62f
6c6ae3
63b00f
6a82ba
6af8ea
76c011
6e1e67
7b0c5a
61ace2
6d7c1d
6f0219
7ac0fe
6a38e6
7e227a
681455
6344f3
79aa1d
7d1c00
6c3ee1
6e2072
63d0ad
64c6b3
7c12a0
789af3
6c0491
70087b
7b7c9e
7dec22
747ae5
63c281
771218
64ca8c
6cd0d1
625a8f
60883c
6d5c3d
7b9a9b
68f885
7c2abd
66603d
7a4201
79d62c
60d05e
7f0a64
7d6465
7c4c86
757c17
6bd25e
7ff62d
734c1f
772836
6c64ce
6e14c0
773ce1
655033
7c4e94
6f2e6d
60d034
69a47e
7a768c
617e4b
64aacf
7fd055
7d98ad
73de44
691602
7c927c
610085
72fc13
6c3e9b
677014
691e4a
7d1a3e
7cc29b
679a58
73de03
64e683
7e7a5a
7b9a4f
671e3f
6eae99
7fd6fe
7772ea
6a94da
6820b3
7c2843
669c2c
751c6b
7db299
608499
7a9aa9
70383e
7c8468
7d4818
66e69f
6940ac
7ca04e
7efcb8
72ca88
7080ce
6700eb
68681d
6c0e94
6a1a21
6bf018
70844b
6d7e04
60125e
7c08ec
613ca0
796ca5
752a45
736887
7e4ed5
6b1a8f
6878cd
77d450
71fe7b
78e00d
77e24c
6c50c5
7710b0
72aaeb
6c5e54
7a3099
7ffc10
630ae5
753211
6b9093
79ece1
6db4ad
7fda9d
6fa236
61d0a9
6a62f8
6ca8c3
68bc2b
6266bd
6efcd2
7c7ca1
68283f
6644a3
6af0e5
67222b
6fba5d
7ede44
7cfa14
794082
715e42
65e679
65be0b
6372d8
67e205
7e3453
6a14ab
60f08b
680e9a
62107e
71e2ae
70246f
6dc078
63ccdd
73cccb
718682
77e63d
7c0e1d
67ece8
6824a0
6e62a8
627a7f
63a4ca
70a25c
681c83
7ff2ad
7c10e5
6eb0b1
7ff4b7
6924c5
6efc55
796092
640880
6732f4
6f322c
6466f2
68bcb2
6e3287
69d63d
681221
6f2438
61f4b9
7e0667
659227
7986a2
675a2d
6fa6e7
6366f0
663aea
751286
6bce37
6f3407
793ec1
6a5ea7
7668f8
6a8e1e
60043f
6912f1
6e3ce3
679ed4
6c7ab2
6e3e2b
726e95
7c0a58
76b206
648e18
71984a
693462
74f26e
6bf8e9
7fccce
77665d
757cee
65f642
6c147c
6bd00f
7decfc
69ea87
60fa19
7964cc
7dc0bf
7be6f0
731c0e
6c7e81
7d8cf8
6ec8e6
66b634
7e6420
6620a4
79d6ee
71ea2a
6dd6e7
7ee4f9
76fee0
653eb2
6b587b
6ef890
7ac2ed
7dc6f7
7b18d8
6b3696
7df8f4
72f669
649606
60c228
75fcc0
6c4c4a
6aea6b
71306e
75582c
736cc8
649eb2
68d6b3
6a7a92
634086
6fba80
724000
71e644
66e62a
7ff618
6ada1e
66f837
7c80cf
620087
7b92d2
7908d5
7b5267
6f5600
73a2be
6d76c1
716076
73362b
7148d3
71da86
7ad473
7268b4
771a3e
66703b
771a0d
6aa82b
79668d
751268
710a7a
7e6e4c
62c65b
78ee3d
62065d
6aa4f5
625617
77fc73
67868c
692e97
6810b6
7fac88
7a54e8
617e02
6482bb
7ad252
6ce214
794a75
6af012
7d48d2
72b41d
652483
7f7637
7d167e
6b56c9
6f7604
73ac28
798cb2
6f3606
73404d
6076e0
66a2b8
6a5c48
7c0699
7b8e16
7e7082
7aba56
63d073
61b6f7
796aeb
7d54a8
6d2c6d
76f6a9
655047
74888a
6110a9
688073
62dca5
7a9ef7
7942aa
66f235
7434f1
626479
7ef235
783221
7bc233
60282d
7a3a6c
73fc5c
79c8d3
6c34ec
7ff6c7
63eae4
79cec1
7b64ee
763eaa
71f85e
67a4a1
75d40c
6fee77
657add
788069
63da7b
72cee3
7450ca
6004e4
7d0012
709a80
7d484a
77e01d
68f8cd
71662a
7efa8e
6cf64a
79f001
7e546e
78b000
6a54eb
7a2838
6f1487
7b34aa
776ad1
7e12a0
78b8fd
6d30a1
642452
7cac80
662e0e
7f34d1
7acc4b
7ce452
7dac50
6d34d8
75ea65
65bceb
60d4fb
6a6cf7
61c0d5
6efa2a
6fca72
7d805f
7cb068
77e2d0
7214f1
77c40c
7d9cf9
6c183d
7c06f6
6da0c0
70f0d4
6c6aed
6db8b4
6d9493
666683
7dd81b
705c0e
6d90d7
6bde09
73f49f
7b884e
6f72b8
68b87e
7b860c
682a20
7e9c82
6f44e1
65642b
7c7026
71be17
7d642b
67562d
78b25e
6cc2bc
7160db
6a6037
602a10
6f888c
6a8a8f
6d048b
73acc4
6afad3
75e4de
621856
7ec4b8
69743e
79f2e3
630443
7b0867
6604ce
75be3d
77281d
6fb644
6d5a54
6f8cf6
7da0c9
7a3634
64d699
7c8854
756e91
619286
787421
67e6d1
6d9278
7dccec
7c08de
6a7a8e
6b8a2a
7eea6f
664ef5
7222eb
746409
638c54
7da4f9
758249
6210cc
6956ac
6148c0
7ef665
6cde2f
76fcf3
6fc665
66e0ea
7750a3
626e28
7c0a65
63462b
74a078
6e62ec
760e1f
686e36
765e9a
6c70ef
6ab87f
74b871
7326cd
71223d
7e6c5e
6c9041
6ee008
74fe06
7af4d4
6cecf9
639a5e
6d12ca
79a29e
77fee0
7a303e
7dfa78
66c6d6
661c26
717e61
736e30
6d5a60
7d06e9
6c0204
79cef9
61bc97
6cf2bd
6572f3
71a6f6
70000d
761cea
73dac6
72f61c
7abc7c
7e80fa
7bd661
64664c
71c42e
6a92a6
76c84c
734aa7
7d4203
6b6e41
6f2624
7d9e0c
651e91
76beb6
7ce8b1
7cdc4b
7d7e4c
7354e6
7d78d1
6a6af5
67aef1
72a889
67844c
64768d
652ac1
7b3004
79c42b
6988b2
62f81c
64f830
7d2066
70a889
611a16
647c6f
61cc95
630c2c
68906f
6230f3
67aaa6
720861
65c8d4
7fe8de
6290fc
60b009
721a0b
69de1f
6a9c7e
72e846
749a7c
7e6cda
6a6cae
6c5a28
66eace
74a061
73883b
790ae1
6dc2af
7638cd
6a2029
6dbe4a
7ad8b7
69c8e9
79320e
6c642b
64c2e1
7d50ad
6e9a29
7562e4
7bae92
6bb64b
6ce2da
7d8209
7840f6
63a21f
6ca453
7fce65
795e33
721451
75a2a3
668606
70223c
638a92
6d3268
6ce0cf
6b06f8
6a0eb1
6efe3a
6c2407
6c0066
6f7c07
79eac4
67f6e8
72c662
794080
61ec61
73681f
725c3e
649856
7042bc
65a6b0
77b6a6
7156b0
73ac85
6e5056
7624a8
790426
62c8ce
7fa80f
6a428c
69c295
7b2a05
6b72d3
7bded7
719832
7c06cd
672604
6de807
7f24fc
6c861d
63a0b3
7d60d2
7300f7
730e84
78d271
64d276
6fb091
67926b
6288d2
7bc296
659884
68c6da
6b52db
7b8278
711821
609ce9
6f48af
6c12b4
69eac6
76ae7d
6222d9
6ca6fd
66d2a1
66b061
7894f6
754af1
6caed9
7b60c6
7cce7d
7d58fd
60960b
7f9497
76c81e
6116d5
7ecce3
63d496
6dac94
607401
65aa13
6f883a
642c3f
787e91
739eef
71ca39
6d2ea7
737664
66cc60
7ddccd
73e8b8
626031
695eca
68c428
644a51
7b70a4
7ea05a
78b8d9
7db02d
7358a4
6cc0d7
639a84
6078de
780eab
7868b9
7d96a0
66c258
6ea079
695af1
7334ba
63ea85
6626f8
671eb9
6d6ccd
6ce0c0
705a0b
662013
77c0d9
7dce3f
745051
72a0cb
632023
71b633
7d1aa5
7b2811
7ed684
7ffcfa
62c60a
726663
6fe285
66eab1
6142ea
77dc61
66d27d
7e36fa
635ca1
7a5224
7c32b2
631849
7f749e
6eba8f
701a88
60c8bb
691643
6ff838
7ff2da
7cfa26
64b087
6f68f7
60306e
700072
742a56
610231
692066
72108e
6e7025
7fdc5a
6c1037
707cb3
721239
7bda7e
68363c
6cbc90
6f8e38
7aecc2
6d5ca6
7bbc5d
6514cb
6b2ea0
7518f0
6158cd
7166ce
742ada
6cc800
6b3e13
7ac664
642a51
624204
60a62d
6a16e2
7004db
672e1e
61a2ed
63f26f
794eb8
6b9a0f
720a62
6ee0cf
7c90b0
6a7021
778a74
7d3ed9
75d09f
69ae3e
6e209a
6bc445
6cf245
6e22e8
755242
6aa6f0
708a16
607ebf
6224d5
7fd4f8
708cd8
778ccb
660823
7226af
692840
608ab4
68f0e2
70c07d
609680
636693
7a1e76
7c3486
62723b
6284bf
7d4654
7d7a89
7b72d8
76b6cc
7ce204
75fc8f
7f7c86
7a7249
79303a
60369d
6ba06a
780eba
68d6f8
736671
7c24cb
6582a1
748ae3
75d03f
622a0a
6d5a1c
6cf864
609a42
666a9e
61d847
683ec7
73f2f6
6108c4
6b0a77
74b284
6d7081
61426a
780ef9
7c80e1
77ba8d
63ca54
723e09
78eeac
79120c
63aa70
67b26e
783e9e
6a4409
6392bf
6174f6
643425
7a46e2
6f7c91
6d96cc
677e6e
6f5887
77f853
695284
773e87
731c02
7d9af9
7cf835
749ed4
7f32c2
6dfc58
78f442
7db2e1
7a987b
7e42b6
6a547d
688c78
6e8609
6c1a7e
7162b9
722a9b
71521c
73902c
7f86bd
79604b
6a68d0
762e35
6d4e00
7598dd
6c28ac
69ce73
6408d7
63b09c
64380a
65fab9
692095
60b4d7
6aa054
70ead2
7d7463
6c286a
6f7ad2
6f061c
77920c
68aabd
636e6a
60ec3a
7d8086
63bc61
6226a2
6ddacc
77c6cd
72be3e
7c9834
7bbcc1
6d7e46
65f2b6
737c17
7da440
6ec284
6ac4a3
7fd053
777e9a
63eedc
622c04
6890a4
659269
7ca861
75b4f8
7bee5f
737ee9
707c8c
6dd266
79ca88
6222a3
7c9a43
70440c
67d8fd
7330c8
7d0435
7c4cc0
6accfd
6e90a5
6326b2
7b7c56
6ae067
663876
616840
758ede
6fa0ad
