733cc9
64f2f2
74c267
690618
7b8c02
7d068a
6cb89b
7c863c
6180ff
70340d
61f066
73564d
72f097
6c4aaf
6942b4
78e04b
6fb646
6512a4
69e246
68b6b9
6ac0e8
716a42
6bee28
60fe88
7162ed
7ba606
7f7232
6ce6c7
7a6625
61a8bd
7c74ff
783080
73b288
66b69e
6a2e08
7ca43e
7630f4
77deb3
66ea57
6cec56
714676
7e7a23
6ef0c7
62d4cd
609a6b
7b3040
74febc
66e219
7180dc
7372a0
78a072
633a5d
787657
6be40a
66febb
72b05e
71224a
650ec3
72d25b
77ba03
68f638
72c800
6edefa
7c08e4
7e80fc
71baf7
709aef
681285
65307b
77b8ee
767a9c
7cee34
7a7464
6cd201
7e160c
6296ae
7fa8ca
77ee35
690428
6490d8
73a85e
7d703b
790efa
665c62
6dd42c
6c9edc
70b02d
6b0082
6a58cd
68ace3
61f498
704862
782876
619a4b
7dd438
60ea2f
6ef2eb
6fecb0
607a9d
6114df
6ce033
714250
7d7e42
784434
70ea4e
766406
7d4e5e
793238
7a4633
73a8bf
7acaa6
61702e
6b6c86
694808
67b8bf
663a2e
731a45
643e9f
65e232
60d0d2
6bf84d
73c0d5
6fb87e
6758f2
7a9830
772237
6f7431
6c648d
6c88d3
7538ed
65322b
69d436
613cdb
60a6a7
65d03d
7a16d3
684885
71daa1
78ea5b
7e0466
658acb
77a0d6
7c3604
7fb0bd
67b252
7872e6
624849
6b643c
7e8cdc
72a28a
62629c
66c0dd
63b2ed
706817
68fc18
674689
633810
74a0e1
7e1c42
6cd68f
754c4e
790e74
67b0dd
77d093
7cb076
63cc31
7b06ce
7ea850
7c8c49
70a01d
7f1297
6ba640
64b0a3
770af1
622877
7c0060
79b428
670027
6cc6a3
72fe8f
7f9649
64d286
6a3219
633c58
6b8cb4
758a9f
6b704b
6b3806
68d855
774adf
76f45d
710a45
6d2276
644447
69dc2a
638e0e
6c1a70
73a80d
7398e4
72aacf
7d824f
60eab9
740a93
68aab0
78a83e
621852
785c07
6b46c3
7af4ef
6d36d6
766407
6a1075
72c653
602c96
72f449
78ae30
6d0693
664692
7b7efe
7b1eb0
69ca6b
64eaa4
74ead9
6dc45e
70f8b9
7da2bd
616896
7c9631
7de4b0
6ad0a2
68ea4e
6754a3
62386d
6678a7
6bb6b7
7ba0b7
7d7878
75f693
7ab2f2
6a082f
6500f4
6f326c
6f9642
743a11
71f63a
615457
6334a6
690e01
6a8c69
65d2e4
632e8c
799aaa
692e67
6bbcdb
765261
7f2c63
71441e
6a8c76
764872
75529a
7db23c
7c2cb0
65d6d3
78e6e2
64288d
679c29
77a48b
737ec0
712ef9
79329b
62f6b1
68ca78
7e32f1
7ad0bb
614c8b
64fe12
65e496
7cccde
740c1b
776cb6
730a6c
7416aa
76fa09
7596e3
62347b
78d869
7786a4
76980f
77401f
74c060
61acc3
73eac9
7d4ec8
7c1ec0
77381b
66be7a
7c249a
678a4c
7dfaf1
6f6e4d
7c1204
659eb0
66f245
7086a1
70caa9
7ac2e3
77d0f2
61b0fd
7c0ca9
72de2d
71846c
7e447d
717633
705e36
64fc81
6fa459
6de843
611c5e
765ae4
7f303f
606a8c
795087
704e40
683446
6102a6
63d08a
70b85f
61309e
6fdac6
62da7f
7d9ca7
679a2e
7cd04c
7bf494
7de675
6ed473
6f6ad8
70bc74
727a32
639cc9
70040f
6f76e3
6d4e2c
686a6c
77d623
715cd7
6ac41e
7a2484
794adc
6a0abf
7c88f5
767aba
7456d6
77aa26
718ecc
62de51
71a64c
7e10dd
7dca5d
67ba07
79ca01
6178e2
767e2c
7a70cb
638a0a
7332a5
733093
7754fd
6438a2
78d673
612ed1
77f666
7430c0
65881d
71b880
711a46
6674f0
621ece
6ade21
7c9a52
7892e3
6c44d3
78c659
683657
732694
64e674
7b8ebf
744e6c
725c13
634040
696ce9
77764f
7b5037
6812e0
77625f
745c3b
7708e2
73fe93
76caa6
6cc462
60dc46
6cae5a
620a45
7624f5
6474e6
7f9ed7
695e7b
74c41b
786c61
61c2b2
67ee11
655ef7
690e1f
688eaa
635afc
6e9292
735201
7fc4e6
7c5c8f
654233
76f6dc
6c5834
64d889
70a08b
6eca7c
65e6c2
7418ae
75a066
6d72c7
72fab8
61d022
6e7433
6c1857
6b503d
6e0422
77f210
63d62a
70febe
76e035
603859
6dcae2
7a88b5
673c7e
6f4230
66e87e
7d4624
655ac2
7712f1
6d1c3a
7058fb
7eca15
76d432
674e9a
753813
6e2c88
727293
66eeb4
770c97
63c667
6a467e
679e23
6ab626
65a017
64f410
7b4eaf
6f26ee
7850a7
64badb
6540e7
6844d6
7fecf0
7dc62d
791004
751a7b
73b857
79bebe
609652
628854
7e9225
665097
6b3e43
707027
72faf7
663675
7b3c5d
690415
665e8f
784c90
76a6ff
77646c
7a3ca6
77b6e5
7bfe3e
6c7c74
6f909a
7994a2
71ae5e
7c3227
7e88ae
654886
7c5afb
622a25
7d58ce
77ecb8
759a80
647a9e
7f30fb
75b675
77187e
775882
77706a
6ef6dc
79ee6f
7f5c8a
7126cd
741a00
7fdef7
6a307e
6a7e59
7cd406
716052
71541e
7b9cca
69e822
7b0a42
67b481
679070
61dca4
69e681
6af426
6a6060
631e34
6c547c
7e10db
69a264
7b9670
624a31
7d10d4
60d444
7e42d7
79a087
6516d4
6290a2
64e4f6
7e423b
7e5a3f
72e805
78dcc3
725aea
642cfc
72628f
6d9a44
7c264e
6192aa
7c44d3
6d78a0
66ba03
78e0f4
6524d8
66e6c4
78f21b
7f2808
6db23d
75e216
6b98cf
7f0e5b
66489a
6db413
6398d0
6af639
671672
69b823
79e0c2
610ac6
77f495
7fd842
6a9633
6f0017
6ceab1
64e0c8
7c0452
72aaee
7d3027
61aed4
71c4f7
7ebee4
6fde88
71721f
602a82
7e627b
66e0d2
6f84fe
720c5c
6094cb
7e80e0
7ed6b1
6cdef1
704c28
732ec6
71e478
618cde
6e34a4
75fadf
6368be
612a95
6a4213
7398c5
7db284
67c298
71d68a
69d8ed
6a842b
640452
60204f
6e6421
797e2a
7e3a24
7fb09f
740260
704051
6810c6
67f022
7672fb
79e874
6f720c
7078a7
6164f6
7cc24a
6f34f6
66247f
641007
6ed2eb
71e2c2
7442ba
7caa15
69da64
66846a
6c4845
7a0443
79b009
73f486
640a21
65fa75
731247
7faae0
66800c
7d5eca
71e6db
77980c
65a043
7eecb7
604ebb
7102c7
7820b4
6eb4ed
7002b7
69e81f
64c0bb
7e34f8
6926dd
6fcc18
7c1e59
68fa02
61ec11
647203
6c8a23
6cacbf
75baf3
6e163f
630e37
675848
6ad672
6cc479
7d7a6e
6ca0eb
7f6408
6bfae1
68e4aa
78f007
7408ce
74fa9a
74483f
6e0e5e
7ea245
781e55
783406
7a5e46
764e9a
630609
6040ea
658883
7286e9
6628ff
658ae3
6c7c3e
6ee481
7a9a23
764a64
6a902f
703081
7c38ec
624c00
7172f9
6dce17
666e86
7f70e3
715cc2
77bc70
6e8a67
65d60f
770431
7ccea4
7696d1
74280f
73783a
7df4f0
6d70ed
68d603
6f1e00
611ab2
6a426c
7a1454
77fc44
7cbe58
7df2d9
7728d3
7710f8
7acacf
673a30
69388a
6f1420
79de20
7e8237
73b601
796c9b
6a4cd2
74201d
6176b3
679430
7034da
693852
62a82a
77b835
6782ef
6422b6
6be6c1
7b0ee7
661a1d
632a14
6ab8b6
7310dc
6a1697
6f3e09
7e10ff
76c46c
73f40b
7428fa
6bc8c1
7f4609
753e24
62e89e
7af68b
709e20
7c800d
7f1c1d
73128e
68e4ed
723e5e
7a5e9f
70a679
79f2c8
7da0a0
6054a6
6e2ca1
74cae5
6fd033
7ecabb
689e27
661618
729414
75dae7
60240f
68acb5
6ebe50
714a7b
6e0c04
6d9a6b
7a0878
77f0b5
6fde60
6feccb
625683
7af460
782440
7f48f9
718c6d
619add
7a623d
68fa00
6aaa01
6e3ee1
7490cf
74486d
7aa007
6b4615
636ef8
634ccc
618ae7
6dcc65
7e2c9a
7be616
7ad69b
7c6233
737e5b
67943d
6588ea
6a6a2e
65e256
7df4b1
65daa7
7be4f8
7d382f
7f06f2
76a27b
7bda67
6796e6
78863b
610a7a
6a1035
602057
6bec48
6c5003
6040e1
6b26a6
7c68bf
73bc62
6dc647
61344d
7c78e7
705c96
66de60
67a8e9
6ca885
7e5402
75a4ba
666a88
60d689
73026e
7d5448
6f6205
67cca5
631e01
6e469f
7b683d
7420f7
745601
782ae9
6ef07c
686455
6fd69d
747aed
780633
703832
659874
713cbb
783cec
626210
6360fb
7e066f
6360b5
629cdc
6cb2dc
7a044f
614840
765eee
60185c
745693
65e8d6
7a4ee6
6b9655
602aa7
681c8e
743c36
6ece66
6b004d
636413
69800e
72f637
7f7cef
79029a
7b740d
6b8079
726665
7ef020
79bed1
6cb860
72fa09
7d5097
6f583a
75f662
