710e84
61d214
7614f6
7ef661
68e894
64f04e
775eca
783803
733c59
7934e4
6e0462
61b813
69eaeb
71246c
68aea9
744073
649432
696aff
71ca23
7cc650
706885
7deaa7
6ed65b
6c88f0
7ee4a1
7e2ad6
647a81
7bdc3d
614eb9
68960d
78a0b1
67be7b
79bacb
7d04e4
63f6c6
69d85a
7e8e15
6e6067
6b0022
6e4654
6e26ff
65567a
61869d
647c98
7050d2
71a065
6e1e01
6e50e1
6ee447
7e5ee9
636c88
603058
6b4270
606ce4
7138d5
762ca5
7e5075
6b2438
7c0c89
6ca406
6348eb
66945d
770255
78de4b
7f5e6b
69002b
77acb5
6250da
60f0bc
760e0d
671499
74440e
6e84cd
644aef
6ff02a
652423
6c1432
6a36ac
7d88ce
6cb4a4
65f215
780e13
78ba17
7bd427
6ebcd4
6d2078
6836f1
7284aa
683866
729202
6b9a2d
7b8a00
60608a
6cd2c7
78a62b
7e2cf4
66bc84
6cc244
7f6e42
7d1a1d
7de6a3
7d981c
68a2e5
780e52
6f74fb
7f7e4f
7a66b0
7cb0e4
74d419
765e6d
77521e
7ff0ad
632e9e
72c276
70ecd2
78e255
75b437
748e5d
6ec40b
75ced2
7664c9
79c2f0
61e044
6e4012
75a87b
750649
76a0e1
689ce2
7634f7
7adcb0
63000f
733cbf
7bb493
652a5c
638298
7a72ae
6c9e63
6c8add
7bc81f
6cd65d
744acb
69ca12
6b9eb4
7d0200
6ec26b
75143d
6d385d
77cce2
79fee7
753c12
635e12
690e61
7362d2
6d52e6
6cea54
7848b7
6b72a8
768487
68a219
704a2c
72101f
6c66c4
72c8c6
6fac3a
65cad8
71f84f
6778ec
6eb467
7e1ce8
6a4036
7bf0a9
6beaeb
7698b2
75b22a
7490e6
61f8aa
77c2b6
67345e
7dead8
612a5e
6a363d
7ed83d
75503a
613ce1
6a827a
759acf
698ad1
790c37
7a967c
7cca21
739216
739eae
685439
72a8b3
618c3a
7fae5a
64dcba
69909a
651e54
7038c3
6cae84
7ab042
69a440
601614
67620e
6334a0
74f266
7efe09
7874d6
793696
6dae9e
6ff60e
7d4e39
799814
68146d
63fec3
605c2b
6bdeaf
7c74bf
7406d0
7882f8
6dc217
6dec1d
7774fe
77c2a5
758a29
7c3827
6646b6
7584e6
66c027
778ea1
69a235
6360b4
60b0a4
603687
670ce3
7f0cfb
6a08c9
77389d
7cb0ce
751cce
78bef6
74e0b9
652233
6878b6
72aab1
7636be
64a686
774c76
793884
77d488
695a24
795ad7
7f4680
6d7aa0
76fadd
7a721b
617e6d
7816da
73fa46
6618c0
64fa0f
7592c3
68ce86
7b4ee4
61400d
6104fd
799e9e
7d2eb7
78423c
7ce8a5
63e21b
760c48
611ea1
61d613
6de814
747c43
6384e6
7b3676
7e5cb3
79b6ab
7f5236
6b0026
7e9432
749a4e
7492c5
6d0e45
6ec633
7d04e8
7b561e
6344cf
73b2e5
7a9e9f
740059
69cc08
656683
66e079
69c867
6d1ef3
620a72
794455
6e78a9
734c62
727cb4
69025f
7082ba
6fd2ef
7aea06
65065f
68ee3b
743618
6fc2c4
74f2a6
69a676
74d616
78200b
6576c1
73d02b
62a8e6
679cc6
650672
7c9699
651a74
63d6a3
77f04f
63e40a
7f7c82
7b5006
7bfad5
772c57
72f66a
7acaf7
62007a
695e3a
6af896
69a4d3
7ce016
7c88a6
754abb
7300e9
69fe73
7652d5
695084
7af67b
6d7cd6
7dcc81
756a0e
6bd68c
797e8b
74c429
757a94
748283
787c26
6ca0e9
79c89d
7d5e92
7ca4a4
68cc13
7b58e2
72ba8c
6e64ba
710a25
792aa3
71c653
71b824
6bb688
671662
6332c8
7c5cb9
674a61
72a4d3
7c42b8
7ca47b
64d2ea
6c2035
645eab
7dea86
75f262
782490
7fc01c
6fd495
6fb2a2
76d2ad
7d4ee2
6b50a3
70f6e7
77c062
6a3c10
62b697
7458b7
716459
6fb26a
625ccc
763222
666c18
66648f
64888a
61ce0a
6f10a9
6d28bb
7e6ec1
670872
60985e
790812
718868
6c8458
764e0a
67087e
751c4c
63de1b
75006a
7c547d
65f601
770e46
6bd6e2
767e14
67229a
69e282
69def2
7a38df
74b4be
6c0c27
6bb4ba
63c872
6d3e60
7e70f6
7bd427
63c85b
61680b
71a636
680c72
60e2db
658602
7184ea
6568b9
7d7628
6074ab
7c90ac
6a782e
63bc3d
771c70
633a8c
6c9239
6dc47f
710261
682026
70e019
7c0880
7e3854
788494
763add
6708a8
6e4237
66d640
7df6b2
75b845
7fe0e8
7eb4e5
7eb2ed
780084
7ac4b7
628058
6cc4ea
606eb9
628e04
7560d1
6d00af
6b54e9
75e2ad
703adc
637050
7db6a4
7350ab
7f0405
6ee092
699697
769cb3
6eea35
7a4a47
71d6cf
7270a9
793af7
736839
728a0f
600c3e
75c24a
67b632
74dc73
64d6ec
6d7289
7cf4d8
633202
6a44fb
687439
643203
6d28c5
673a18
729ce2
7a027c
6e0670
60cad1
648838
6fe2aa
657ac0
6d641d
65fe95
6774d5
7c3aa5
75d667
7bf469
6a0eed
7d728c
79c2ab
69600c
62067b
7454ea
68bce9
67e4df
7fa260
6d2e83
722c3c
785427
629ca2
7b8e24
629eb1
7db0d8
69b0a8
612c11
7874f6
712cbd
75e423
7650bb
6844ac
6972e1
74508b
71cc1b
76e8d1
7e0636
62f848
7142e2
6ee419
788c78
70d41f
6e1c63
746e7a
78204c
6fc48a
666e1c
7728bc
642cfa
681c8a
6c62dd
60ce1f
7672c4
7c3637
7912c4
684e2e
6aa6b7
6b4c06
77ec8e
626c90
7d38f4
7ad602
793aef
617643
62e49a
7178e3
657481
7aaa33
77dec4
666af6
7fa290
613041
71b809
68d80d
71322e
7820f3
69e8f3
6a080f
630034
752419
66240c
670e64
6ad0f1
6092bb
6af8ea
68e621
6772c9
7ee05c
6fb04c
731070
6a42ca
68103a
674257
7c68bf
77be65
72e432
7c4cec
78f4dd
66c21b
7b62a3
79faab
6aec63
6b5eed
6f2cf6
6c527d
626cd2
6a5892
7db668
639206
70b239
777676
62f2cb
6b7ad0
753201
74307f
7296ac
6efe77
716218
6d0232
65da1d
7a26b6
7b08b6
7ebed0
627a7b
69c8c2
7bd885
6e7a4c
679645
78a8b0
66a0a2
7844b2
752a12
759a9b
7c1a80
7684ee
65c628
6efa0c
73be9c
7a427f
646e1d
7d8e4f
60dc1e
7fc6ee
7244db
7ebcd1
61ee39
6db6d6
668c4a
603e7e
7d761f
7dc8a4
603e93
70525d
6cdcc1
72e051
6bd2ce
71b871
6f8ca6
65262d
6c5ea3
7198ea
7db22c
7e482a
7c24b0
7ff848
75d0b1
782a20
6a9af3
731691
7ef0c4
789aed
62cc86
66165a
75cc33
781674
74c606
788870
7acc16
6842db
717cf3
755ce0
689c64
75ccff
6c04c7
632031
76b033
7182fd
75ca10
65b0ec
6be418
66b0f3
6a0427
79d6d2
63b06c
6f90b0
6a8e2d
6c700e
67560a
669c97
67fe42
69e453
604cd2
723477
65b430
6912bc
62e0a6
629e13
75dece
6414f6
786e3c
723cea
688639
7f7406
6e38dd
7f2677
753c97
7eee74
6b7cae
73b0cc
747488
74a212
7906ef
6440d9
7fd244
68bcc0
60e824
7a44c3
7efc1b
75ce74
75f4de
68cc0d
752c17
6d52a2
7d5029
656c34
6582e8
68d8d4
634ea7
699c9f
6862ee
7036e5
78d8ce
726c78
6f3eb1
6da4b4
64aa8a
6a783d
623233
6c562b
78745c
6aa05f
69421a
65223e
7676b0
637a5c
710253
636419
62d632
6ddc9e
7016ab
6a3e3d
606ecb
68faf4
7b4c3c
7fee5c
68cac7
7d2e13
78eabe
67083f
77221c
6290c3
719ed8
696695
7b66d5
60b4ea
691845
648451
60fce1
71da2d
67d2a3
653ef6
63beda
71a498
688892
631a47
63169a
6160b4
67746c
7a1612
72146d
6d4e30
7e84c9
76180a
705824
71d833
6f9408
7ed2fe
7954ff
6b1eef
71b453
70804a
61f6f4
79acd0
75c059
6432b4
77b295
7c9a95
7c7084
70c0fa
613c21
6ddc61
64a8f8
74d268
769eb9
676c3a
6a2697
663290
6e828a
7ce45b
7494f3
774e7b
748630
70b4ca
6eda18
6446b9
75209d
727284
7a606e
69e26a
75eeb1
6ec2eb
628ce9
77bab1
7e9a33
68befc
7ebcf5
6ee2a4
6af63e
68a6c0
651e4c
6480fb
7e88d3
69de27
6a9cc7
65c0b1
64187b
7ef607
6d82ce
7048a2
64de37
68e0dd
6ab626
634a42
7d7a50
7068c6
6fa620
772a87
6460eb
79866d
7628b0
61b2db
6bca06
665e1d
742811
7c5220
6cb4ca
623c67
65c05e
776467
6e3c5f
74ba54
60cc28
794a47
7a94a9
752e29
620073
6a24d9
71823e
6ce29d
778844
6274d9
73bef3
707260
7d2e6c
765432
629ac5
699ea8
60e403
6a6c89
7dcaa7
61e4fa
76dce0
651efc
6b8cbc
622c34
7654fb
741a66
7d6c95
74fec3
7206ab
650e9e
7b8e73
616c33
648635
694a4b
776efe
6f2cb1
6f7294
6d76de
6db6b9
689c85
7f08c0
7bd2a4
6abe5b
7638e6
79c60d
602cd5
653c6e
78e0f8
611822
6e8a23
625272
6b146f
7b1ed1
6e24b6
753473
64c4b0
75a8a8
7096de
6e027b
7936a9
78922b
6744be
6aa0fa
66faaf
74584d
63a8dd
711637
6fa4fe
791677
6dae4b
753412
6af4ed
6ee6ed
7e7ef4
65bce6
6a0004
737adf
6ec461
7f2656
6b66c4
64cca6
7a7ce8
6f00a8
76d4ea
6e52fc
64ea76
79dcfd
7572e6
6680b5
7a2029
7238ef
608eb4
69ac93
7ce4a9
78aa0e
76e8cf
7aae03
62840b
7b5a04
6ae8d0
7588fb
706e00
621cd9
7f6846
6cec30
76d09a
6f3a46
751049
6e342a
671c65
7a7a5f
69d6a7
6388da
76ded8
6b3ac5
702401
68fa2d
753ae9
6c7400
6438e9
7602ef
75d203
7bd036
667616
64d46b
729ab2
74b022
67666b
72c460
72fee5
64483e
749cb5
6c1457
66c457
7cdc35
6f646a
6456df
637c8d
679a37
7290d8
7c3815
66f284
7c963d
73666f
6e8423
67061a
6c4edf
7d424c
61502c
61bab1
6096d9
760615
65a8ef
625ca9
7b5c24
698a1b
640c45
63745f
69e8b1
6adef9
7544f2
7932b4
7f4078
71e457
6a68c4
67b853
690a95
6c382f
670ea9
7f909b
6da02b
63b83f
6f0ac0
77985c
614cf9
62f4e1
6990e4
64fe6a
7bd86f
67a64e
6dc4a1
61fa16
7a8260
79cceb
6b6884
73d0b9
63147b
67389a
6ac40d
756872
75eebb
75bed3
7f7ea0
648e21
6b5087
77ceb4
7e28e8
7ba0f8
7c0e1a
71f62c
667ce2
6fb274
67b67c
6062cc
625c9a
7fac57
7834d8
69a2d7
612add
7860f4
64e61c
6328c4
64da97
6792ad
73064b
793822
7fdea3
79fea1
67d0d0
60c082
74d613
6e7657
6038fd
702265
72d002
6730c4
6a9c1e
71a89b
6176f7
6724bb
70404b
724aad
64c4c5
63fe4e
623663
6d0c30
7f8c29
731672
62dcbc
623819
784631
659e3b
796cca
7c34b6
6f7642
602c14
796ac7
7b606c
6030e9
70a86f
63d6e9
6f3644
7590b9
789865
67b057
79b00b
6cc88c
7318a7
67c6bf
72c2ef
640424
633222
6cf6e9
68ca9d
7ae802
7c5ac4
7ad44c
636c01
6d76f4
6cf851
677465
6caec8
7258e7
73c8d1
7dda1a
68745d
68ea31
77c8b1
78f6f4
7d02a5
70d6e4
66b461
72b2b9
627407
737a73
64dc44
6dc0be
6d2e91
6e3423
6386a8
7ee068
6e66e8
6b98a8
7208c8
606c99
6ace2e
7350c8
795406
72ba94
64eecc
6494f6
7dfc6a
74b2f6
709672
76d454
67b086
799c95
77fee8
64ec2e
72c412
643c98
662e6c
7924f3
719462
7f6c1e
6072e8
7cfce6
7edaa1
7c101b
73c629
7f6a2b
602a23
75126e
66dac6
78c8ba
6dfa3b
6e742c
6af8d3
6b6843
789432
79f6a0
69b61b
76d830
75bc17
6976aa
7e6cbc
7aec0e
64943c
7c40ba
7580b7
68125c
60681f
7b926e
78e67d
7d7e28
7cc625
629a26
6d2ed2
7fdef0
6ae4ed
6e565f
7b34de
63a0fb
70c487
745658
7eca92
6724a0
7c58eb
7bda6d
77065f
64a09b
7cb292
7fec82
6218e3
6c2892
77b051
6888db
78a063
646c01
6b34b6
7f9456
7a46b0
6c6a69
73b6e7
608c00
67525a
62cc07
6d12f3
78d6fe
6774eb
7a9eec
722ebf
79c271
7aa67a
616a54
622c0f
741649
62ce71
733ab4
79ec8a
6ca090
7a04d2
6e941a
688a1f
7ee84d
6bc004
736660
610606
63cc40
6a2e80
6dfafb
78b4da
68344b
6c6660
6552bf
7e0cd6
62662e
653ce4
650ae9
7a4c55
721268
6cc80d
614445
7db655
73f604
6de046
69eee0
7db0de
6fc4b2
7aa07d
6cacc0
7d6a8a
65340e
61aeb2
78422f
7f6219
7a6865
65ba4f
6964f0
6bf4ba
754ed4
662e41
637a85
755ebf
7dec96
670620
6d4ece
77184c
70e6c2
665c77
77bc8c
794635
766a17
74ae0c
671e00
6b349f
7adcca
6bf487
770467
6806f4
6d52c6
743283
757c42
7f7c52
70b2bf
6dd4f2
77226f
7feac6
781230
60b6f2
73a6a2
7792ba
617236
742a42
67521e
747e74
72a699
6aa610
6d82a4
692cef
6e2c4b
6a9a34
6838ed
768822
60304c
7ec416
620017
62ae5e
793847
64324b
6576c9
6418ad
7d10c3
610043
734e17
720cb8
6234d6
687ac0
695481
61d6a3
72c026
789cdc
7aee4d
6896be
697c9b
6f86fa
6a4ea9
7c5290
6c4838
79340a
70ca3c
7d68ba
6d7804
64a657
747885
77e6f7
78e8a8
6bf032
78e859
70d6c2
757688
74dca4
74f8d0
74deb4
744272
6598f5
67cce4
64cc7d
684e14
677830
788685
79d0c0
633606
662455
6d82a6
72ea27
72347a
607086
6b5292
61669f
61ba3d
68ca36
7a56ac
627889
6f0a58
6b52a2
71028b
736a58
6a5a08
649008
759068
6d3675
6ac28d
7db0b3
7a4402
7bc4bb
670a95
64bad3
70542b
7e904b
7ed03c
74f659
65ce0e
74047a
7a78de
796c1e
6bb28c
76c6b3
7d7600
71bc70
773a73
74ea21
69e4ae
600a50
68f039
6b8894
733018
74e679
632e69
713c77
77d850
6d0831
790ca1
7ac601
602c0a
61c659
7e669a
63bebd
73ded0
67e011
7ba224
75e8b0
6e9299
738e59
782642
6e32e0
661664
6358f3
696407
719054
74ccf5
793249
767a4c
775452
70da14
7dc6f1
701449
69acbc
723aa9
7da68f
66a25e
69c296
72d688
623a50
68020c
762a94
7c8467
672eb9
65f878
703c8d
79c2ff
7000af
774e01
7bf09a
7bd636
631c2f
774830
74086d
7b3af4
7d4e0a
7a087f
7c76eb
7a40a5
688e43
7ed097
7adaa2
7f8649
64b27c
78e010
66a2b4
67a6cb
78aacd
7e2ee1
7cf869
68d43c
7afc94
797ad1
721e18
7142c8
6ac251
600e4f
7e2441
7db2e7
7b3678
678859
693e6a
769edd
66e4dd
7300c1
7c2e7e
7ceaa8
67dcd3
6536c7
727aaa
707418
6d8a40
75ec9e
65b6f8
65d23b
7ba007
6a80e8
685852
7c40a5
636815
6b2c8c
78f07e
79a639
6d38af
7e70ac
6f24ba
6286d9
74825a
732c48
7f3e5f
7708eb
669c93
618e6f
740a73
7d6207
69e07a
6f0e19
6fe4f6
7fbca6
72dc83
6f204d
624c86
7cd2eb
65dc43
625a92
6b5a98
626a02
6710fc
6882b3
660c88
70f698
7496d2
7314f6
6f5eea
63402e
71825c
687088
7a50ef
6200d4
7b4e48
7ffe10
6c8a98
739a51
7d3c5d
7ff26f
7e8c3e
6df28e
65467e
60be6f
639a99
77e07f
738ade
7d2861
629418
750e9b
78829b
616ecb
671c74
670e9d
75ac82
6ff4e7
6ca4b8
643c34
698e4b
6b5c54
76a47d
64864d
794ea6
6b448d
60d02d
72689d
765480
756ac3
643c7c
7270da
65d6cb
6fb2fe
76fe0a
662a8e
6a50a3
7508fa
68789d
63b8ba
6552f8
76a066
6ca2d6
611ca4
6198ab
7ddca1
6cfa86
6c1087
7ba240
768222
6f4a44
6e0ae5
6800af
72ba09
6930e4
7a9a12
724ab7
7bba20
754cba
7f0a8d
7702c1
62d443
669825
7570a4
722ceb
631ad3
77e2da
670e51
7ad0f2
65c8dc
6bd65f
68f6c1
6c6e0b
7cb87c
7936fc
6964c9
60b617
751027
7a44df
7b8064
614eb0
76e871
742eb1
769a31
6f9263
600883
7bc256
67fca1
64c08b
610a1d
6af6b0
6710f1
6676c4
73504d
7fdcde
6af0fc
739433
6bba86
71d2f0
64f68c
7d5c49
60601b
65b802
69dc13
630814
76ae2a
7a6cd6
644432
737640
6f46a0
6688f7
71d677
74fae8
76f2f3
65ca5d
6d3226
75486a
60b421
691e12
648209
61f4e3
64d84a
793e86
6e3820
693a45
60be0e
72b0a2
726e96
664641
6ee09a
74185c
7464fc
73f074
7562ca
75e6e7
63b24a
76f009
713600
641ec8
6c2e7a
6da2a0
72a046
7624d6
785e12
6b42c9
652cc3
6e8475
7cc471
6f647b
7d7cac
70b076
6b38e6
74c633
748022
7f8238
75b844
7c60c6
73b862
7e3a58
6f9e0c
71c671
770a68
7c18ee
79f64e
69f8b9
70ae8d
79480b
60d0b5
6042e8
7ffe75
7d0864
662e7c
602a86
7f6e79
6cf608
789a22
6504d9
72b023
72d4c9
7324c9
7a1252
6360cf
6f0062
7cbc5e
6f5af6
6332d3
6f8ef2
65966a
752e90
7cd614
6d94fa
7e586c
6cde8b
6da0d2
62ca4c
68121e
6bf891
7050b2
73c038
69e2a3
6a8c29
7d5a28
643afc
69da10
7e141e
6390d5
640ea1
69f8a8
633835
6bee57
7f4c99
677cf5
7cace5
7596ae
78fed4
66d4b8
610288
7dca22
7d3a38
6f341b
64b032
64369d
7e34d5
685af1
675e36
64d061
6292c2
7424fb
7cd012
74a0bf
69c68e
7ee49f
66e249
7a2241
69c6b2
7444e8
6d30cc
6736db
6ba627
708e87
67d216
76fca9
611e86
68d60c
7c3064
756839
7062ed
7afae8
71f45a
73e020
756241
6ff49e
716a51
714ad0
6f5cf7
7b569b
7bb062
6d2eff
6cca1a
6d642c
66d807
73300a
75a63c
619ee3
7b2224
7e98fa
6e6a5a
78b69f
79a682
715037
62e630
62466d
7bb6dd
78bc33
7e769b
794a70
6a66b6
65920d
7c3a91
627080
616c69
649eb2
7fd242
640c59
72204c
79d6b3
6628da
6c74b7
6a02a5
784889
6d0cf5
7ba611
60b4f9
638e32
646c6b
7ec0b4
786ebb
6052c9
605eee
75c44e
69f846
6b90be
6c8c1b
7d8098
61d06f
7eb6c9
73d2a6
6c361f
7fd227
7bea4c
7ee64e
79a092
7a06a5
7f966b
7e96f4
6c5625
777289
75c4a6
7b0ec1
64881d
69547c
74c427
659e0a
6a825f
685a2b
64aa50
703000
7ef2f1
67fc11
6214ed
798ed0
7f4888
7fee33
7bae38
65b2c1
6f5414
6bf61b
64ea9f
6a3e66
798a89
624ce3
62aac8
779485
7658fd
6bfca2
7b7c4b
745a6c
7e74eb
68a8ca
63d0fc
6f5aed
650aea
75d2f1
7f3e8b
74467b
7d56b6
763e4a
62840f
72ae3f
71b297
71f466
66a8d7
781495
6b14a2
6382b0
6a3468
685c47
743892
7b5282
61fecc
6d426a
7d1a67
661054
7ecc4b
77562d
6c5e54
72723a
7a5209
7bcc81
71ea38
6198a6
645e3e
732879
62b689
7b7206
773cf6
6ceeb5
78d6e8
777852
7efab3
6658d1
76c8e1
629833
7166e5
68fa35
790e18
72e6a4
71c4cf
777449
790ca8
675ab0
7f44c8
669221
72cac9
73a4fc
73f855
63a2ff
77e88d
690649
7ce2b8
7804d8
70d8b8
6954a3
645aa1
7fa6bc
622cca
7fa4ad
6a544b
6b627c
7dd042
641c68
