73660e
60d689
79b4a8
756a65
68468e
6756d8
7f64b8
6d3a5e
76be59
761422
7ba492
6a8482
792212
730c40
746024
6c2085
61d6d1
767acc
76f447
6ef62c
685265
6442f9
7ce4d6
72aa4b
7836c9
6738e9
6f6206
717ac6
789c6a
79d47e
7dd8c3
6e54b3
6a30c0
7fe43a
7074bd
6ba64a
7e4acc
6c70ba
7c78c7
6e5270
69e26f
6e8e9f
63a6ab
6bfed1
64f8b8
7e8aef
692686
669c98
6fe2a7
6700c9
62fc5e
66ccdb
697cd2
7c785b
6976d6
7512a2
7f3005
769c9f
6c1048
76b241
7c3a4a
6e6c08
63da71
74dadf
6d465b
7b8239
75fa87
60447f
666883
6f4474
776c31
68b86b
6e1816
692433
75269b
7b2a02
73a4ea
7d90ed
7670d3
77dc3c
61f80b
760e60
77d0d3
605a22
798a7b
6e6a1f
71fabb
76c8c4
7bc0fd
6ef489
6d4ec0
6b205c
6afca9
67567d
7a565a
773ea8
6e32da
7e1477
613811
61d2c8
678c1f
6fb206
6856b6
616cf7
6bf2e1
79581c
6e0e1b
6708f7
6a3661
7dbc7d
70ecb7
7e3cec
7ad22b
77f009
643c35
799a41
7100af
685285
71e054
75020c
7b0253
798838
6012c8
71e8d8
60ae0e
66b250
654a00
6d9eee
6afeeb
64a6ef
6e58ea
7bc827
689ce0
6a7821
672870
7a9611
75eacc
6c8e1b
6f526f
6f9e62
6634f4
74d4a8
7948c4
760024
700e06
7ed6d5
637491
763699
6768a3
701a0e
78a62a
6cb286
7c5a0d
6b08cd
6614aa
779c4e
7b10b0
6256a2
681245
68bca9
717e65
75347d
7672c1
7a4010
6a945b
7140e9
7a1efd
622cd7
6e982e
78e2a1
7c8097
702e54
725c78
7ab89c
79e69e
6d4cce
7366b7
6dca3a
7366aa
6e42bc
662c71
724a2e
609e53
66824c
793c31
6e8c03
7ea609
60ea7f
70ead2
647895
6514cb
751ec3
71bc83
70a059
731c0c
68fe01
702251
644eac
6e56cf
6fb8ca
660c5d
7f303f
7ca817
66a09e
667889
620e08
75e8fb
7202ac
7df05a
776289
73427e
7e56e3
7f2836
643415
6c5a83
62f625
632a8a
707ee4
713225
78bea9
7054d2
7a4672
7d5e17
66e028
76301f
73840d
6832e1
63b8dd
73be1a
72d6a1
6bccc4
72f050
7f344f
78b26d
6302fb
738270
7a0e2d
7e027a
72a698
6a9849
76a8b1
729a5b
71ccb4
6888fa
6470db
6e743f
616ca5
69c8b5
735023
66226c
71e8ff
7edcdd
689681
796a4d
758a5f
6b4ae2
7ec203
724014
74329b
78127a
73ea3d
78d016
6b6c86
69d6a6
7ad867
6ed87a
614e8c
6240b2
65c880
74baf0
7820dd
786891
69c475
697e48
6be081
62a04e
794068
755682
774230
7cdc90
60ba05
66cafa
776a63
757ad8
6a4630
63ecfa
629a1a
65429b
6a608a
7172fe
7eac6d
7ff466
659863
6b7405
6bea99
77debd
7e0e04
7e8093
7bb221
774862
76ccdc
6ededc
75b6ff
7cb6de
7fa64d
622469
6f264f
7388b1
7db4b8
7302a7
7ee6ef
726aeb
777aac
60f4a8
6ddc10
68e6bd
65ded2
6d260d
70e458
6496a1
646c4e
6d8e33
798eb3
76ca4d
76523e
6798a9
75d24d
7238d0
67e4ff
6a34eb
6aa299
6d00d2
62e24c
61c861
6d1ae5
7a984c
648ecc
6128c4
684a35
68c67d
60fccc
6e7c9c
7c625a
798a02
7b20c1
701611
6f40e7
7b969a
654ccd
744e66
701cd3
7da483
61b4d3
79b0b5
700add
6b041f
6af082
77ea05
61965b
6d60c0
6e3ce8
716eb0
679a0c
626288
78d4b6
708e38
765ec9
737cf2
6ac67a
6a2454
770ced
7264e6
60b0a3
7faa0e
693038
730848
7874b3
6e0a0e
7f3840
69501d
68ec5f
6f6219
631ca1
79e224
60de9b
6bec55
722afb
656a6c
69fa18
67c4da
794836
60dc36
63d63c
7f3e07
6ed042
7040d2
7cb270
685436
64bc97
764efc
7dc20f
68f293
6960c1
6df008
70620e
7fe462
633a8d
72d468
60546f
6b8836
7e7672
74e03f
7014f5
6bf62e
78021c
76de7b
679830
746cec
67b23d
66e4ef
71c2ea
66b4b0
7a864a
624ecc
6b1cf8
6b6a0e
75a210
69f683
7aa2ef
76cc0d
6670b6
63f087
6eaee8
700cf9
695eda
62f8c6
715290
733e2b
739c31
737480
7b42ba
75cc03
660206
750209
7c265a
7fb8ef
6530d7
7d320e
77f644
6892c0
797e25
6f9048
787a1b
67f679
79a47e
7d168c
760cae
63fa5e
6c8a60
78143e
75faaa
7b3ec1
7e8c16
708079
6256c0
6e5e55
7adeeb
69e0a9
6ef6e3
6deefc
79ccb7
6b9030
7a5e78
6c18fc
64e613
6a62dc
66ba0c
769203
655038
739429
73845e
77386a
77aaaf
7d5682
65140f
609c71
784044
7e6c71
647264
777264
7474f6
62f6df
7d8ae2
70565a
75e28f
77222f
62a670
75784f
6edeeb
668ee6
7490fc
7c70d5
7cc6ba
689010
63f4ac
7f7ace
68b409
6a0245
61c495
770e00
6638c3
773cc4
71825f
638883
6308c0
7b0ad4
672cb9
6a224a
61e0c8
7b80d0
612eb6
6bc026
65820c
767ce4
62243e
66c07b
63549c
7e80d5
606c6a
7324db
7cca1b
66c0c4
6796c5
64ce24
70ea43
79f203
6ca89b
75f06a
736057
61d674
759c82
78a6dd
647eac
7584d7
688a25
60cce0
7c1889
789e13
6d30da
6a943c
67fe9f
60acae
6d8488
752423
61fa50
7b3483
68c23c
74a206
6d02d9
760604
73e649
6920c5
7cce2c
6b509d
71da63
6a84e8
61b841
62b8a8
6cba0b
6fa27e
7bf4e0
69426c
60d4b3
70d876
65a85a
6c0298
710eb8
6e0ce3
76942c
6e50c2
6b224f
6ef2da
6a48d9
7c02b2
782eb4
794215
636a32
6b82ac
75ae56
6e3c63
6282b8
6f64e1
7f7abc
7d3e12
664600
705c89
7b7c44
6e484a
72d856
7dd806
60e201
6a4c3e
7fc02e
6f1ed9
79baa7
6d48d0
7c36df
630427
728adc
6b86a1
7582e6
63fed3
6fecd9
60f426
7278cc
6ffce4
7ffac4
70187a
7fdeaa
62108d
775a96
604cd8
6252f4
687499
6882a0
6d1c70
6b8640
73ccf3
7fc268
662cb0
7f88ae
659abe
689a2f
6c1623
70c011
7e8611
798c97
696210
7e1892
74fc9b
6a40f5
7186b3
76c065
635a9c
78709c
6e14ad
6dd494
6dde02
7fe210
6e0620
65c422
7ea041
7100f0
623cfa
710a33
60289f
793a5a
7d1c7b
7944f5
6a0e50
60c8be
6dc018
667ce6
7d1633
6bca61
6cee91
7fd0be
6b60e6
7266e9
7856ce
7c8ef2
6f0cd3
682cfa
762420
6e9e16
744cc3
6f94c8
66c89e
61e2e5
7a32a0
7c0cb6
762e41
7512a6
70a052
7cdc95
655698
752ed2
7cdc4b
7ada13
7c1296
63ceaa
665c58
646638
72d0ee
6cea03
6bda4e
747ce7
74408d
669ccf
68f40a
71d60c
74baab
78bc8c
62e63f
6a0225
74c436
6e8871
63b02d
7354b3
711444
6d8a23
697cde
7e8aeb
791ed8
644c40
7c48e4
7baa5f
759c49
6d8411
7bd679
73a83e
62f2fc
72b29c
6d7eca
76700b
74521a
764090
717676
75e25f
7f1c4d
6160b7
79f696
7aecd8
7be016
6eccd3
7eec93
734eb8
6f0ec3
72547a
61dcd9
729e68
685e26
6a3819
73d09c
6e787c
6f50b9
64365d
719ad4
6b1867
702015
71f8a5
7a8a3f
6a06f7
719894
79068c
695451
62e6eb
65c8e7
71065d
65001c
605c1a
6c10ec
74aabf
7da8f6
77508e
7318ec
6a9290
7384d5
7bbae8
62da7e
79cad0
6244fe
727672
75ca24
750a40
7a6e29
6aa856
717054
6db6f6
653c60
7a1c07
7d1a42
6d8014
776213
6532d7
7f7419
793e2d
723291
6f704e
758e08
63c656
79c21a
6e682a
63407e
791ea8
7476b5
6f8096
7432b8
77843d
6c94c4
73acd5
7e9e94
6838d6
74a4b4
762652
7aba54
693002
6ea233
6440ec
759038
7596fe
62dcf9
7916be
68829f
744a94
75c8f8
7cb0e7
7a5638
6bd00c
761ce9
6a3a33
70b63c
7fd835
743ec5
7bce7e
7ea634
78d86c
6f104f
70aa5c
639a72
7e5425
7f94b1
60ae8f
6d1e7d
7d2e73
75ac1a
61b087
70de1c
719423
65940b
641c3e
682408
71a40c
77ccfd
6a36d0
7a086d
692e72
7facfc
678ac3
76a497
7c440d
60a8ea
7d1cc7
744ac4
67c03c
7418db
61d442
752ea9
65bee7
6fa846
78c434
665e4b
7b70c8
690cd2
6b2626
6320d0
79d24e
6b14e3
600e53
690627
663e32
64a690
6e90f4
6e8e84
7fd684
6f3cb6
7e1aaf
6d3835
766a91
7bf27e
729434
788cab
768a39
69547c
6f6ed4
6112b2
7bf2a7
6e9e28
759ca5
6df27d
6ed204
7fb294
719416
7728a9
7ee03f
78f253
61acb0
654261
666411
7580de
7a7e41
7a06c5
604440
6044c4
6322a8
7a6e09
62704f
60aebf
7958cc
791233
6c82a0
68f0a5
6100db
76d610
61a68c
671c4d
6d9cc0
61ac71
758eda
725259
710817
7f68fc
720e8c
7cb0ee
7144d4
618800
64a04f
6b1a4d
788a42
7f36d8
7bcad4
665223
7e061f
7fae8b
63a471
6cbc40
77f2df
6c1404
76b0da
72220a
6394cf
71749d
601ecf
72527f
6f7654
7d0ef0
73762f
75206b
605039
6e5aaa
64fa70
71026c
6f78b2
6dd0bd
7ca252
6700a8
74ec52
75a410
7d3498
6d3658
7b1847
6d5e4c
647454
7b249b
6e7419
7ae212
7d1831
7ada53
753066
6db6b8
7e8ce9
67b0a2
7ac284
6e2eb6
702650
6408e1
7e30a3
7bae88
6c2617
682aa5
60aef8
73a653
75621f
7dd2b1
7c0c97
62dca1
7b6c0a
6490fb
69caa5
6d8ecb
79baf3
7f54e5
7a10f4
76080b
7b882e
773421
6db8db
7a74bf
7070bc
76ae1a
744eae
64baa4
764231
6034b7
6a9689
7d0c6b
7bca44
7e6ea1
7db4e9
7e96dc
62d449
73f456
72f8bc
73be42
6ec295
6a0814
6a0497
74e4e1
60e0dc
77a096
6f8c13
6e9e2f
7d908a
7988d4
6f3831
77c8f3
66d6c3
6da218
633ad9
6fca2f
616495
65009b
6ecab4
79a839
6028b9
63125b
62b657
607cb3
66149c
791825
706ac6
768033
6eecb7
7166c9
6f689a
6cb0d5
7f241e
6b6c94
7f4241
6f3450
72c8f3
691e69
6b805c
666c2b
703276
657c67
64c662
7186c0
60a287
72d077
7c9203
75aa36
70087e
613831
63680a
7a56cc
6ce687
7284b0
6c42c2
615620
7984de
736ec4
654a4d
628c26
6b5abf
7f0ac7
65088b
7cb860
659ae1
6868b3
63f4f5
6846c2
65fed9
7cd6c9
7ec2e1
6d6631
7b1055
63fe0b
7a3825
7e5a6e
6d40a4
6cc2dc
62f2f6
70eea3
604683
679af1
781e88
7c40ad
72b867
78ceb3
6cbaa8
6ab417
6ec2ac
68fa04
620c77
7f6aad
63c2b7
7a923d
60eece
7beed9
63c4cf
73acab
64907f
7ec4e3
616806
6296f9
67fe8d
6820c0
619ebb
618082
795cd6
79c2de
742811
7864dc
63da9a
6a3444
7bf2a2
6d92b6
73a4f4
6f5448
6f6684
7fce46
678c04
78a611
743621
7636ef
6df6ef
680aa1
648c2f
652a5b
636a7c
6f7a91
7806a9
6234f6
663e94
7e064c
76f4d6
7e1823
701ce2
6be8e6
62b054
7ee85a
64c4cc
6a3a2c
6f1c82
6de49a
65187e
79c69d
6940b8
6a2ecd
6e88ae
645ad3
7bc2f1
62403e
688ee8
6528f1
6816af
6c687a
6ff0ee
6726c9
726c9f
7c5efe
780eaa
686e2b
7e4ce1
7f5c9f
6a8c51
6fce4e
6bdee0
798e65
797a93
7d4a06
731e53
781ead
6c6439
76da49
727a4f
6642ab
750848
7deac9
73746e
70e469
6b6a61
67e0ad
774aa7
6fc225
6430f0
7a76ff
75040d
78c2ea
6de219
63920a
669465
635ac8
7bde49
79788c
76fc58
717429
793027
62ca05
6e52bd
6ca81c
7956b0
62ec0b
7912e5
60f868
66e209
7dfebc
766c09
737e0b
69583f
607255
7afa34
6f1c7b
69eeec
64fe21
6f626d
69ece4
6c58ab
71204d
7c7845
6f1231
7fda6b
775a95
78d03d
6aa8ac
6a669f
748ace
722cb2
7bb454
6388b1
66a0ae
70f6d4
76e6b4
6ae292
76669f
68a426
76f4e1
698a8c
7bb2f7
641052
7c086c
794a7b
753abd
67c201
6eb47b
747a80
7df25d
63aac3
664240
6a42eb
68e29c
6cb49a
6c266b
68c65e
70164a
6f0eac
76009d
79ca3d
62ba60
6310a9
67eeec
7122ba
72361e
6226fb
6cae57
6af24d
78169c
6ece2a
732290
67149a
63d223
729695
740a76
788052
71e2a9
67c2c4
6fd895
6930f4
7de40a
793858
705468
7b20fa
695e67
7fd2a8
63b85c
6ede42
6326f5
626a23
6c341e
71902e
6d767a
7e02f1
6fc2b0
7898b9
7e088d
73aee7
72d4ac
74b089
72ee5f
797872
6dbebf
70d6c1
653c8c
725cc2
7a9cd2
7f7a11
6bd8dd
744c78
6ac804
77f2eb
7c1ea8
6dfed2
645615
729e30
7f1892
6a0603
68261c
61d206
604c11
7090e3
6ad4b8
633c90
609ad2
6e5abf
63fa9a
61b418
7ff206
741c45
6faa99
7646e4
6a36d9
67ac6a
718082
79e0a0
6e661d
6098a5
7bba84
65b60d
7a12eb
6f3eb2
693e3f
71cc4d
6a5ce3
76621b
6cc0ff
7d48e8
78040e
622c3b
7c5ca1
7c18c1
784eca
763818
6caaec
791e96
778271
6d0223
6fd412
721275
68e466
76568c
6ea478
6ff048
7abe27
6f7287
72a028
775ef9
71c227
76d826
7d7096
62f62d
6bce9d
767ae7
788614
7bf4ef
777cef
690257
698c3b
6b5c24
762404
753289
6b3c0a
611ed8
7e3c5f
6cee9e
6a545e
6fd4c1
744e8a
6c707f
7518c9
6efece
7e5a5b
60d0ff
62a2c5
63cccf
7e44c9
69e883
7d9ac7
7114d2
781ed5
774448
6a543c
7c726a
6138c1
6548a2
6980b2
6ae89f
6be055
715434
6b88bc
79380b
631895
6dc24b
68683d
680289
7a8626
7cc255
7e54ea
6bb03d
6f366f
714a41
745233
607451
60e6eb
6d4a3c
79ac0a
7696f6
7cf60d
758204
6c183a
6f7e6c
684aa6
718843
6916ad
679e2d
7620cd
70f2d3
7e90b5
6190da
7226c2
