6edcd3
7360f6
6e8a53
71f629
7c2880
692aa8
69fab6
6a0ac2
6822e8
766229
687263
666a5c
6ac4e2
743a01
6a4ce3
73367f
7ccc71
69403c
7dc090
61eedd
770261
68d6ea
618aba
6dcec0
7274c3
625a0f
6fc03a
7d8406
683456
78f859
6fc4e9
6bbed9
6b7cb4
6ed41f
7f2c6b
7d46d0
674620
7e9e54
6bd672
7574ef
74221a
603c86
6dd41d
731ec5
7bbc7b
721a29
63a212
67385f
644a48
7f6a88
728a04
7dea62
6e0e06
618407
63e4de
64c223
7c0653
7f3642
792a6d
7970e9
75cef1
625acb
672cd1
77ded3
71fe51
68a430
63de6d
7c9c74
623466
793a24
639ad0
78eeb7
787479
70ca92
678c02
63eadb
7ad4d9
7686f6
69ae8f
7b7a4a
7990ef
73fc79
6d6e43
6f5e81
655af3
69fea4
77b8c2
75f42f
6fb277
72a20d
69e810
75b01b
6f8223
61d0b7
7b3c18
71f4ee
7c18c7
65b46b
77f08a
7cfaf3
6e1eee
64bef5
6d0a82
62d287
7aec3a
6c5896
7d8c39
7dd4bf
655cb3
658a40
63de6b
7c2074
6f122a
60e894
7b4c38
61c4eb
6dd8fe
7640c3
641e6f
63b089
78f4a4
67e654
7b3cae
6f3cdf
6b18ec
7caa26
6d0e80
76d4df
69583e
6646dc
7624e7
79a4c2
64588e
600621
7244ef
6bacb9
7ede54
747c2b
71da88
772c58
676e02
7d0419
760894
72aa9a
6538d2
70aa35
73e2e3
795a17
726c82
70fcbf
6f3ed1
73c62d
674e17
793e08
696c69
7d6c06
65b42f
65d40f
7412f2
79a8e0
71d4fe
7d0e50
77964a
6932bb
6a0059
6c0a60
799685
731497
758ab7
70f6f6
695023
6e5c00
64c67c
6d087a
76d817
7ba608
78f8ac
6f22f9
7e8cf8
730a4b
6bc4e1
6c3cc4
742e11
6652ad
67bedd
6fae19
708069
7c1c1b
7f38df
67dc86
7652d8
67e651
6162f4
61c452
797442
6eda4c
620452
60047d
669860
6dc62b
7aecab
7a50fd
74024d
698e05
68c4b2
739057
678ef8
770ce3
68287f
691cee
7448c1
670e32
76fc8f
600c3d
6b205d
761eed
660e1b
7d50de
65b28e
6d1494
677677
78ce48
6f6695
687491
65b401
62e2ff
7caa39
7d6cc0
7c2255
66685d
6dc66b
661094
61788e
74bc11
6b82e6
67e26d
6afafe
799810
761820
646adc
6c9a45
65ecfa
698e24
7696d9
7ed013
7434c5
712ca3
76e897
744a5c
60249c
7aa0c3
67c6d0
6744e5
669a64
79e277
75c276
67b407
701209
797eb7
66daa9
7e3403
753224
7f6e70
6de49e
70ce35
7d96c9
636c71
63085a
696033
7f0410
6d64ea
6faa9b
759abc
78dc89
720a27
70fecc
758855
741431
7c8841
797e67
761689
711c9c
7c2858
796e34
793aca
6c2c55
7b1824
7c0076
793697
7e54e5
73ca3e
77fa75
6628eb
7de25e
658a09
68b223
6a6e8c
7adca2
7e883c
7ce4da
77ec74
6f587a
61f6bc
621c8a
698824
62423c
75e022
78800f
6eac83
7f463d
7fd455
622af0
7ee648
75aa09
6c7a71
64f21c
682043
796e67
741259
799a57
6fb29a
69ee96
7b7002
69e04d
770007
6356cf
6094c0
7c603c
6cb8c4
74042c
7e064e
72d816
6b8ee9
71cefd
7b863a
7f2e65
6c3abd
60245a
7564c4
6f9446
6fc63a
7ee870
65a044
7d7edd
739015
62489a
7cd4b8
73c4dc
7c5e76
791474
6e4e84
60e6ed
6218d1
74207b
6e02e2
7b9e6d
713064
75aa33
620816
775ef7
63de98
60e891
6d22f5
69bc24
763827
778411
7d7ecd
68dc51
65fcdb
7fec34
6eb672
7c6aae
732445
611c40
7deefd
69b070
7c3a90
6f2ae2
70e48e
660e0a
7a40e7
6fa889
7a248d
7640e6
61ce27
65ec44
713a46
7e506a
7f3c19
77bce5
7e0822
6b249c
7a40f2
755ab3
7f426a
6c2078
77247e
65ec23
7ae23b
685afe
7282d7
7072cf
6e5cbb
655019
76d09f
72241c
6eb458
657a3e
6fe4e3
6626a7
740acf
7efcd3
6f0a43
785c68
767ea1
7e84e7
618237
657823
7fbaf3
6dd876
79dce4
7b18a7
7c7ebb
7834d4
65aea9
76da61
7a6aa6
74d68e
6ec8da
755ed9
7fa263
7e088f
690e03
765ea1
74301f
648a32
68e45e
7ba4a4
71f2f0
60be2d
66b089
744c14
7fc081
61b692
6b069d
7b88b8
7ae8a2
6eacab
668282
6326d1
7a76b9
68748f
6d508a
67ac78
636632
7178fb
702004
7b3c54
7e34ba
71e4ae
63c632
7b9631
620687
78dc8e
61e42c
64ae22
6eb0cc
711a92
7f14d9
6d00b8
7c5a79
6a30fe
6d1abb
691ebe
64e2aa
6fa46e
6fccaa
7e10a6
63741d
70866c
7b58d3
7b682a
6a7061
63d084
7f6c47
6bce63
7996a1
6ff694
6d68e9
753e27
68ced3
6f38f5
63c22e
710e45
627497
699219
6ce027
7b1e97
623671
60e663
6ad2dc
6d4679
68aec5
705082
791cd2
77da2f
79aa1c
627281
670417
6456d6
782a3a
778ea7
7682cd
7dc416
69e68d
7d3879
7b96d8
62acc2
788857
6180c0
755885
7a22f5
6f0407
67cec9
790abf
6f9e9f
6c7073
6d5ae9
7c76d5
6a3084
7652af
758411
680873
7bea7c
650ca6
75b288
6a365d
742eca
7c56b3
7b601c
67825c
68aca6
6f00bc
66aafb
6cdaf6
723e69
7314fe
7eecf4
6726e8
72a274
761e51
7c9217
79801d
713ae0
6738d1
6920f1
6d405c
75f8d8
77b210
6e4029
794eb6
60b067
6866e8
6ba0c2
68d613
6090f1
747c6f
6eec88
644a83
79b6ea
6188fe
6e1294
7e0885
722617
6398a8
7674fb
7de035
609c37
7f0a01
6442d0
6a081f
73aa5c
747258
76c4ef
7b18a9
737c7c
7cb403
6870cd
70e0ba
7eea0e
6a8616
6d4a8d
67d051
686424
688276
68c290
6c9404
6758dc
73e4d5
61d8e0
691af3
7812ec
7caa32
708e1a
7ffcd0
774298
6330ab
6dd0b2
74845f
7b5415
637a9a
79fcf7
780443
65a28a
73b0d7
70168a
7e44fd
79ac1b
6be8e2
7c626f
7d9ed9
602497
6aeaf1
7cb850
726841
60b4a6
67a4cb
7a6223
742eb3
704255
7bf62b
6cc4da
635cdc
70d001
616637
62a8d1
6c5cdb
761ec1
73ec7e
7bf48a
6ba245
678816
6416a9
76c64b
7740de
6de8fa
6f0aa9
726cc6
6bea1c
656cd8
69c24b
624607
7ada3d
6b5e00
752eb1
656207
61a0ca
6a4ab5
7846eb
7d60e2
779a49
76acb4
778ed8
6a5e3d
7c48d5
66ea51
600661
64b8fc
671ac8
796cdd
688691
708084
60b086
623cc9
6d244b
67b04f
6c562a
62c207
7876cc
7ae2ab
7012f7
6090cb
65047a
78aa51
6abe13
6840b0
631409
701885
7cc835
61aaa1
643e94
69ec49
7da08e
7768e2
6c56c4
79909f
6ebe07
7e88b3
6a58e0
6d7220
6c6c76
641603
629214
62e84d
6748cb
6aa8fb
656c1c
7a40e5
6c1256
76b489
735098
795e31
7cb8c0
6ff878
753844
6606e9
685ad5
6c3ac4
6716da
7cbcb6
6aa400
78c2a2
7a7afc
6da859
707886
75fec1
6be2f5
62de36
7a2e9a
61dc6d
602c0f
60e2d7
6c4002
64980a
69a2b0
640e98
65e25f
6bcca2
64284d
7d66b2
618efa
7106a9
6b4263
775c71
6f28a3
7b7ef2
75acb4
7660e9
792681
74e81d
7888ca
708284
7c2892
62e6ba
65a6cd
74fa86
710c71
7d487f
764e76
7db66e
645814
65d280
6e9264
72226a
782a88
67d2c7
660a0c
702e1b
7a549a
72fa82
7de6b4
76346a
795ede
7d5a31
7a0854
6f54f0
62b2a9
6f207c
646096
7074ab
6f9a4c
7a4a10
7c28e3
7b4842
6df2ef
612856
7d381a
6894c2
7d0012
7a68a2
793883
722e4a
742ab9
6a9017
619a83
6d48e2
746c56
71dab8
75f0db
7252b4
6c96fb
6bd250
7d5ca8
7e7607
70ccab
71a60a
752e78
6328ff
6fd409
761280
678255
6c4ee4
7f0669
6ad491
7052b6
6554d8
7e54b1
6ee447
601a79
60ea95
608af0
68ea38
799480
65eab2
675c57
6d1c36
7a261e
60063f
656643
7eb8e6
7cae92
6fc425
64b0ad
71904c
7e781f
73d27a
672267
779287
741824
704ad5
674c5e
61e8a6
7f68e8
6c6e8b
7b7091
796c5a
63aa5c
745c44
717c5c
6eac19
6308bd
6e0001
650296
77ea66
62f053
79a06e
751876
70e246
7ef8b5
6dc266
7580dd
6a6c66
7cee68
7280ff
7230de
6588dc
6c7a3f
7e6043
7d081f
7a26d0
60280c
617e4c
6bf24d
638a75
671ab1
69a4b6
7a62f0
6f9ac4
750622
7a2c94
64f8a1
67b8cd
626c4f
7da414
713ac2
6e7ef0
60205a
7a2ea8
60ba2f
6400a4
634e7b
652c68
6226c3
6ffa61
7e1053
6ac8ee
65aa45
7130f9
7bda09
77c4c8
69e0ba
75587a
716434
76cc01
791c55
60186f
7b6477
61b624
78c0c5
6598cc
7b6c58
69dedc
715024
7730cf
681c52
6eee7d
6dbc70
6e062a
7234ca
7da018
6aba68
7e3ac2
627a2f
75ce82
7bb246
72fc4e
638000
694c0f
7f0240
7e66b7
7e1042
6ef8a4
692cb4
6c169e
6248ad
6d5491
7e4a8e
6d5a28
781ea1
692c0e
66ba8f
60fcee
74aeb3
6c44a8
70f608
684ae8
72c81f
6954e3
6cb053
69b496
72c459
7034e9
7c78a2
745eee
7b18e2
76bad6
74d05d
72248b
7768b1
7b1ccf
77ac58
624c77
79f4a3
75e2c8
65de1a
7cfc74
658eea
71fa7b
7de2c5
656671
7cb8b7
61d4a1
638c2a
77c03f
7586fd
6a2c17
689ac1
7c2426
7ce647
62e4f7
62ca1b
7e76f3
7bdc29
70163e
66b0c6
6ec426
7b88dd
61c04c
608047
7d20bd
6c40f6
76ac32
730407
706ce5
704e21
706e68
622c56
71b298
683eb3
7b4273
74dc20
7e986c
6e82e8
64201c
6430cc
7f04e1
691a0c
66900a
7dca26
7be88a
6d7ac9
73e0fe
77649b
71b27c
74eeb0
6dc6a8
69981a
7c1c55
7132c0
649ee3
733c37
66d8c3
65e44a
6a445c
7f5e52
7690cc
7e6632
7b5ac6
613040
7cb2e8
6592b5
7fd069
744685
7cb6c8
735ab0
7e92d7
6d24ce
7d28f3
6150d8
67a802
7bb2a4
69b01e
606af8
645828
685253
6bf0b6
639e19
65683e
7d069a
718e2e
793caa
69b072
74be97
7b5cea
607e89
73c050
65fa9f
6c74d4
70bc1a
730efb
6898fe
647482
7a7e44
7a48bb
6ca2a1
7e6474
7b4ed2
732af7
6dcc63
79886e
75d44d
644cc5
74489c
7bd8a2
68def9
6efa73
7ac60b
6132c7
7c6ed5
628854
759ee8
6208e9
7f547f
6a8ac5
600e4c
65a2ca
704676
6b1282
79720e
678c83
6f9a5e
63bac7
73f2b3
7d164b
790a4b
7458a8
73f63b
7e904e
6b427d
78fc2d
