641696
65d404
7d80c5
7ab6c3
6c7458
791636
660aae
6266bd
6b26d0
6cf8dc
764470
7ac080
6ef6a9
7c465b
7dd488
7920dd
7d2ed4
6af4aa
7930a6
6e32b8
7cbc20
7bde9a
76088d
61e0f6
70d004
627014
6eaee7
60c45a
6b44b5
6b8406
7cf00b
6e48ce
612ae6
6dfcb1
67f66b
67708f
707454
7918da
69c229
7efadc
73dca2
711e91
7ba4ec
7986cd
65a86b
7ee423
7d565c
6b5a64
68a203
72b83d
6b70e5
796635
75bad6
747a5f
7806bd
6c78b1
6d2cd5
7d42dc
7a4cf0
710614
74ec95
74e028
6b1e11
7b46df
75787b
64104c
7524c5
749048
7f7ee1
770669
7edc4b
647a41
65f66e
6568b0
65a8ec
62fc1b
728083
610a0a
62beb6
7e96da
73689c
69e276
73be56
6c2a5a
69b6a7
7a5c49
6e7823
729c8c
720ac1
743a8a
6b4291
6c4eb2
6008a8
62e674
78b44d
70905f
753ac9
632e50
67ae20
60202a
636ed8
7538cf
67d048
759af8
623a09
6eee96
7a1e4d
7e5e75
62c6e6
7f044e
7fecba
7b2618
61d236
678285
6cb238
6562b0
7da295
77f496
70c285
6a0828
6580dc
69dc07
6b0201
62cac7
612c5e
678e37
71605a
748e1b
77bcb0
7b12be
62def8
73b2e2
6692c6
6d7ccd
692643
723c9b
65729b
71bc86
79840d
6ec868
71ec37
666a3f
760c8b
6f368c
622e11
63d4f7
6b12c8
74f2d2
7674b1
7f9024
7d9c6b
7c8c4f
6b50c9
6772ec
6250fd
7bc2b7
6c940a
6a8848
771c27
698612
7d20a2
76564d
750834
7400c5
674451
7caacc
79b0d3
63600d
7a2800
78c6c6
6610c7
6e2241
6c92c3
60363a
7ed4c9
6f9a8c
68da44
7ec285
6b9403
6abc98
6bdc28
7440cb
778465
77e8e5
657220
7e1aa5
706400
6a8033
785ed2
678ce5
6bac33
7c20ec
6bf089
70c410
7b049c
662a48
785606
694452
68cea5
6e0a0f
783443
749463
701cd7
6cb2dd
7c1ee2
698e73
62d8fa
7d96ff
690277
6a5acb
755c2b
663280
7dbe29
6d1227
606e85
6b0cf5
642458
7a3617
667272
6e44a7
613c26
78d293
64d670
70f089
78a60c
7bb29c
63dae8
74c84b
6b5ab3
6ce84a
7f589e
6c661c
778c94
65ee9c
689623
6b942c
722e30
64c2f0
7acc0b
6988ed
7bac50
7b6051
6fdc20
7436d0
652c19
7e0eec
6344b9
614ae8
76389d
6bdca4
77c8be
60a4d7
6648d8
63fae8
6f4a7d
72c47a
7ce8b2
6cd668
653606
70283a
6edc8d
7aac41
6ddc3b
60b899
70acdb
74ca68
638efd
6ed60b
64c6ac
69a4b2
79de6e
62bc6f
636cc8
7f28d5
630ebb
6dc254
619a8a
60ec96
6c343b
6da654
68d470
7dd874
67f60a
6da436
6afc1e
72f2e1
7198bd
79f6c0
75b014
75deaf
6924ea
63781d
711824
7f9e03
702ad0
73c259
7d7429
6928be
644a6e
64fe02
644633
6b5464
6f32a0
7fd43a
6fa6aa
709055
6548b1
7cc604
6958f3
7cd06c
79aa0e
7508a8
736c77
7d2cfa
6914f9
7a583a
7648f5
6384eb
6f14c6
6660aa
61062e
75d497
61dc04
77bac1
7a4ab9
679a99
7be012
7f2452
625452
743a12
6428cf
73aa19
7906c9
629e33
7ee49f
78d005
7ee614
68a202
7a76b9
6164d5
772892
7e6419
6208a6
685cb5
7e2035
784ad7
787e41
7f121d
64f2f0
6bcefa
7868e5
6ab8c3
67a219
6986a6
65a8f4
7c9c4e
7678ef
759ee0
774020
6b968a
6ef48c
76ee82
69acf3
6724cc
7b8ac6
67b8ff
6762c0
761c19
65d04e
621a3f
6f7ab2
64eefe
61faf4
6aaef4
6386fd
74960d
7e0ee0
7d0c59
79461a
612433
65ced8
6a4c7e
7d9a95
799a2e
6b5059
7e7e95
671262
78f2a3
65c22f
7f0a83
73fa55
6d26c9
7b3cda
60f23a
6208fa
66aee8
79a29d
695c3b
7172d7
7b7817
666a3a
7d50f3
706641
6160d0
662ac6
6a2a13
680e91
6e3c04
7cd25e
6a2e5c
73c4f0
725694
74a6f9
79102b
6a2cd0
6dfa97
68a034
738403
7424b5
774a6b
6430d5
7d2682
6d18e4
7c4a91
678a8f
715c24
6310da
746069
75e40f
6c1ac8
63d627
773c28
603ebf
7c8463
680ecf
78de01
786687
7d2046
6d14f8
7a028c
7bb884
616634
612a7a
79da56
70ee43
72168f
7586ba
63e48d
696ecc
69ea40
785ae5
608c40
61162f
6e424e
6b6e6f
6ab69c
63dc08
677098
695e12
6ca092
627a19
64dea5
66f290
7e3c3c
6d2ed8
7580d7
722a5e
791ca2
6748ad
6c0468
730ee8
73c405
67da47
79f299
78c4cb
68f8bd
6e1a6f
60f045
690a45
6e1ad4
6cf482
78c861
7cc464
69c2c0
798a23
6fdec4
6ea0c5
62089f
6cb4ae
7ef472
674011
6244e1
654a55
672c15
75ca8b
7d5ca4
7a107d
61360b
69d466
7d9a8f
79fcc0
7d58b4
671cf0
7ae8f9
68dc38
74781c
73d42c
772076
728e4b
6eca87
6c7a29
6408d7
7d1e58
6edaa0
779a96
6cc254
74fcc3
76529a
7448b4
66880b
734ec1
7bb4ad
7e54dc
792231
6b34c5
6c462e
788acf
6918b6
6592ed
63d251
6f28e5
6820c2
671882
6aae3e
75208e
749e03
6ece3b
6eaef0
6e087f
6de213
65c2e3
7508f5
6560e4
73581c
7d9496
700cc8
716c8e
6d946e
78ec4a
770a37
7d3e35
6ade06
6b54ae
6ede7f
6fbc5f
62b42a
65982b
69ca6a
69b0fb
7b0017
6d3a3a
7a04c9
6d48eb
736216
79d2dd
602e89
66ec8b
7efa28
6940be
787256
7970fe
6c8c97
7c6221
742a22
775426
7cfad7
7beada
68ec74
79e467
6d26cd
6f78dc
7dfec1
6650fd
743a1e
6902c7
70b872
7d8626
63b626
7f1e8c
7c7401
6116cd
765e14
7be02f
60981c
71700e
691201
68c64a
6f90f6
7c0a78
6f7015
668e94
68267c
69fad1
681666
667089
7c221c
72ba63
66ec93
6c4c76
7d6478
783092
78025f
71705f
767263
620009
65e2bc
79eef0
7e3cb4
77261b
76e6a9
64c89c
68a262
6a0254
79ba32
77bebf
7578eb
666410
672420
7bee6a
72b2b9
651634
61b2bb
758887
6eee86
75f028
774c1a
7c86e6
7aa2ee
64b886
6b6a34
7ea416
67fa2e
6910da
720a12
7ceef0
687eb5
634e26
7d0cca
72f274
74fae7
79529a
668aa5
6e448a
79ca07
68763f
794827
67ee9b
7b108d
7c1c38
655632
7d7624
6768f1
6930ac
72cc3a
6ca226
6a70b1
6f44a3
7cc0e8
69a86e
605af3
7ce6d3
6f20c9
76d489
614c63
6666a4
6fa8f8
693acf
765699
676e7c
7e48e0
72440f
7c3083
62a6b0
6d3095
7d6cc0
7c4c99
6f089c
7df881
725a16
630854
6f56fc
680cc2
659c5f
7f0035
782aef
62a07d
7ea2cf
74cc5b
7e2e2e
6362d6
716c90
6d34c2
62ec49
6abce4
63da79
7efae0
6ff6c1
66ac7a
7cba20
6bc0b6
72ec32
696c6f
637ad9
7edcd3
6660a5
718a70
73bab1
7bec2b
72c626
7dc8d9
7e86d1
658066
6de2aa
60ca2c
64045b
7218e5
7bf8b9
7b1060
73bc17
7d546b
62ca1e
679623
671e15
7ce8d8
763694
6cc2c0
7f8ad6
6a3ed3
6038e1
767465
7bbee9
7f4ef7
743699
66d265
6e4690
7c541e
773025
778a23
6d863e
710851
7abacc
64e66f
6156f5
66546e
6b6c2e
6c0e08
680e8a
7bd0ed
640053
76066a
7c0030
7ae228
728cc1
6d44eb
652aa7
69f2a0
692c79
6844c9
715a49
6606a4
7b42d5
77d0cd
653a22
65e4b2
754008
6d9491
687e1a
7f2451
62eea3
725e47
7dfc1f
67ecf4
71e650
612ee0
74dc92
73164d
6e1c24
7620c0
6df04b
770c5f
6d1274
74ce78
7cacf3
7918f6
6c16d7
72fa83
7626bd
61d615
74e0e5
6250df
6736af
60e88e
6bc846
685a6d
6da89b
7e1cc3
62da58
7c40c3
7330bb
771cad
641e2c
792609
770299
678028
6320ca
652271
6f8e5d
60d022
6d04ab
6a508a
60287e
73a08f
6bd201
6ca2b0
739c80
76082e
688492
68e841
60ea5f
7df683
7bfceb
6cca19
630a76
66ce8b
79e0db
7562e7
6af2e4
759c6f
6d6270
6a8e8c
6b061e
7f6e35
637471
6eae79
61d605
72a41d
65aa4b
6bd2aa
776639
7c4a1e
72a05e
6a942e
7e54da
76d0fb
76fe64
6b6c9e
6a2cea
74e226
7d18fb
6300cb
6954a3
68102f
667c3c
62baef
6f0c3d
6b5cc5
647e36
6c7637
6fd2f3
6dca33
79f8d2
757868
7c4829
7d62ae
74b21d
7e969d
61d050
7042a1
7f32d2
73484b
70563c
73b0e9
682a2c
6244ac
716c1b
7440c5
6524b3
7c00cf
6a9685
75aafd
645221
7d8ac5
7426a1
715891
6b683b
70c493
70ae2b
61b26f
76721e
695e4f
7968f6
6896c0
60b412
7d5c5b
7c3472
79b44f
6cde8e
716c48
6668ed
64c613
68362c
664e97
760cfe
6afae9
6a300a
68fe4e
6d7c78
71945c
7a8287
6f687d
6562f7
7bfad0
662c8a
63987c
6fe266
77f255
71ccca
7f32c2
6cccf6
7b3c96
7c20e4
6cb202
7bcc0a
64e012
621042
77fcb4
7dbaef
6b020b
73ccb9
6692df
6076d6
7df0f6
620c73
74dae1
6d90ad
67d42b
6b9c9e
7a5abc
70d81d
6210de
606ef5
62040a
7d5aa8
69dcbf
6aae53
6fee58
7140e8
7abc88
7606af
677087
7e30e6
74ce5d
6e92af
604a3a
61661c
69c63d
728cf8
6db4e9
6e7e42
7d64eb
684471
7138bf
7ed823
7fc0db
77b022
684a2d
6298fa
6a90cc
733430
6ec2b2
69f2a0
6136ce
7a3ab3
62da7f
6ede2b
7ab40a
782055
7fc4cf
6f6683
64b8cf
65ecf4
716e88
68e809
6646a1
79986b
7a9855
7aa855
6762fb
675424
7ee818
64b8fe
6008cb
718677
76eae9
7c6a25
7e6eb2
7d52d6
6beccf
705072
685886
7bb2bb
771abb
7104c9
7bf2a1
7a6ef6
7372a0
688631
7e20ef
7d7ab0
6f7899
78b263
6514e4
7150bc
7d3066
62a421
692ed7
792028
7ea65d
7fe687
6e3ac0
622684
6a3098
759465
6afef8
7c8a87
63ea72
74f4d5
7a1425
6f2e32
6b7401
70ceb2
6a9046
7696b9
73c865
6e6c99
71fc31
603c93
7ce0f5
74d803
7c36ee
7c4e37
7dacac
7cb0be
65d2fb
7f40c0
79fe1d
78ecc9
679606
71bee1
65ccee
7774e7
67b0ee
6bf6c5
76f2f1
6fcc21
765804
6f6873
7d4cda
73a88e
65d683
7f6aa0
62a004
6d2e11
77f2ff
78c41f
62ee0f
676677
7a66e3
6052e9
7a2409
704ee7
6f181c
6e00ba
716c7f
66d05e
7eb85f
72de91
713021
7a7211
7ef21a
750e07
715e57
6e5e11
7544d4
6d2649
7e441a
6c6c05
63a404
772621
70a6ae
73848b
6d2c30
7b4ae9
727406
6020d8
6b70f3
7c04ac
704add
7168a9
725c93
715206
7b7614
741e2d
637e7d
69d043
67420b
7d685a
74109e
76201f
7aa4b2
7ae4f9
70786e
68a47e
631c49
7fc491
6420d9
641cf2
65e2f3
6ad69e
776602
7f74cf
638a5c
60ecae
783c94
68d487
756a07
7bb017
723acd
72268f
7668bd
757854
79640a
6222e8
722ca5
70c49d
7d8e94
61a601
7d4676
6bcc83
67d60c
78ec56
66f69f
62c24a
6db00c
70205b
7c2c77
7960f1
7f94ea
6760a4
70d0a8
7e3442
6d50ec
695403
669c4a
7a8e44
791014
78aa08
60fc60
7d9e99
7b0832
77ac27
72b6c1
6b96ea
77f60d
7266c7
7ed86c
68020d
6f2add
7f14a0
72a8c3
73c0ff
644a53
61ce03
78b4ae
71c66c
7b1638
6b32e4
7b8629
66c47a
75c01b
629668
6198d7
648679
77a4e6
7d722c
7c3c5d
64f092
65de32
6a0427
66b442
7a462e
6d1217
67be10
608876
75fc09
65cc68
72ccf1
762892
78e6a2
65fe75
70a817
75e6d8
71caa5
6348cb
7d7e2f
7deaf7
7d6a02
793cc1
7b9cf3
7be8c3
7786cc
6ee24a
6d2699
76528a
6a1efc
7cc203
67d6f4
6b9660
62f809
6fe0f1
6e1ea6
702672
6e7a3a
7706dc
716af3
6bc66d
6506a4
65baed
740854
7c5483
7558f5
65e8b6
78460d
637619
63e860
714456
7bb8f2
746e13
7a349e
764eff
74ba27
78ec67
7ca6ef
7898ff
6f8abd
724eed
656cc9
703054
7d1ec8
72baed
745a69
7b3e0d
6452f7
622e7d
6862be
62fe8f
6224ce
6fe831
79a6c8
6fd07c
60d214
724869
6d4618
6b2c7d
6424a5
6442d2
7832c3
60ca62
76d8d5
731a80
70f6c4
7a9692
7110c1
7ceabe
6864e2
6b38df
797089
7fda97
658efc
6102ff
678a85
6604b0
6b3e9c
6e646d
6d8c08
64d69f
668006
61b0d6
78867e
76186a
78f825
68bc28
7b6c0c
6fce69
6e14b6
62049c
78a2f1
751ce6
75ca48
61c01a
6f5ec7
675ca0
6070dd
62264e
6c1059
6a1e91
630e5b
77c20d
7b3075
72b63e
777288
7aac5a
6b343b
6f3270
729474
6d4885
668cb2
6aa286
67fcf6
7ce4ba
71949c
6fec66
68b0df
73909b
6d3438
7ce2ca
71b822
750ae0
68326c
6b5ea8
670cb9
62e89d
64fc83
6ef429
77cc06
75407b
68b6b1
6a460c
76dcbd
639e60
626890
7a267b
604274
7b58be
7180c3
75ac46
624256
724cb2
712a6a
7ed667
6c3a61
79264e
7c4616
74385a
724af9
7564b6
740483
798af6
7ab2eb
778c7d
799811
6ca408
771e10
73c655
7f6cf3
6aea8c
75687e
6cfcec
6e2002
7c567d
69ce0f
61b663
65d44c
772a48
77f0fa
7308fa
640453
7d48fd
7fc6a1
79c08c
6b8473
6e8812
6d02b0
7f24fd
71d826
736097
6a4a6f
7c66e7
6bd628
6782e2
6d18a6
6106d1
7694b0
7aba0b
756689
61520d
7ab04d
7f3051
783683
773428
615869
728aee
7522b1
715e47
658ab8
70cc50
652e0d
629270
646af1
7f729b
741aac
6b32ac
703abb
7b8685
6b76d2
6b0455
657a43
68e88e
70520d
641ad6
7bb0d6
6c1846
648eb5
72c4ce
7c141b
7766c5
6dd63c
77527e
71e421
7a3e9f
68e070
612c02
73c0c9
7e925c
6e3abe
7dc612
70eca2
7f5a72
70ae23
70f2f6
63a65c
667ea2
6f9a84
76ce1c
7ffa2d
7818b2
704418
719a5e
72f273
7e5ab8
761ca8
71322b
716ac7
707ca2
6a7888
6b4824
658a89
7b74e3
7352cd
769231
67b2b5
7da858
74e0ed
661c3a
7be42c
641e1d
65169d
7b0e3d
7630bd
737830
73bc71
683c24
62189d
64c441
69caa1
6d9ea5
61f6f6
7584fe
7e2251
610085
7f92f6
791a6a
662057
7f54c4
62d23c
6b3c20
7848b5
7e062e
75747c
7214ce
6e2ae3
635024
6042ec
7b3c06
60f4c6
655876
741e9e
6e2a37
78d84b
64be1a
7fee8e
7ef6bd
6f48fa
70f8b1
721c7e
6c3244
6eba8f
79f4a9
7a7a43
63c8f2
773ad6
7c2813
6e7cd0
638c99
69cee0
712e81
7908ce
75acff
6bd83b
7e9864
658afd
60a860
706ca3
60de61
721e67
735cfe
704a44
7e62e0
6c643b
7e424a
74c0a2
76025a
7f9a9f
67a8b5
7218e4
77b84b
79a046
68e07d
6fd864
6e1ead
74a4f3
715448
65b2b1
7d0288
77f2ae
7a8846
6fda6a
7fb0a7
6e7883
6dc20f
640872
6a5a78
6a141c
7e5a4d
79588d
6162d6
6b02e0
6d7ce6
679006
6ae233
628cac
77061f
7092a5
724c5b
6cec28
7e6ec6
64ca9b
7034ab
6a448d
6cc890
761419
7d6c4e
69eaef
7704db
6b6221
6c94dd
77b2ba
6c7658
70462d
791431
790a6c
6fdc43
61fc7b
672e06
6420dc
76f264
7214d8
71f421
6ac2eb
768cae
663e44
72cea8
711a98
691c22
64be39
654261
6d584d
7b3470
70e0d3
6ca4de
6f24a7
63d201
63aee5
6d3876
675a29
7152c9
6b76d3
76d26a
72b2f7
6f8eb5
6130e6
68e000
7c780a
7ccea2
63bc2f
7c8a42
7a589c
721a75
66a4e8
795873
72cc7a
76ae05
6b0a50
791090
7d0ea1
63c4bb
63c0e0
7ca258
7e9cc9
761e8b
7a6ac7
64a29e
76289b
620228
73f86f
6152e9
633807
7e2895
6c145a
72aef0
7f2669
638818
7e78b1
727cf5
700a41
6f1412
779872
7894e3
6f9a5b
6e7234
68a0b1
6c580a
756271
6d2c39
76c09b
6f14e1
613ac9
7c2685
615039
660ace
6e96c6
61522f
79b6c2
6c9641
776047
6d2824
6aee53
75c8d8
749eb9
773c72
6a7e68
6f0e94
6c984c
66c267
67be1c
776698
7808d9
6f1473
70b4b7
7ede51
667652
7f044f
61668d
79b02e
78180c
789264
651a54
6bee54
782ea9
7b36b7
7ede53
699028
638a22
7efa4d
6fa249
794ca0
7b08b8
7822c3
62d8ed
6f2eed
6784a4
73b85b
6e7e32
763ce5
604aec
712cbe
7ef4a8
672eb8
727282
708673
79def5
7d1cf9
714883
7f4819
76e478
645e69
60787f
79bc9f
6164f1
605cc6
74840f
7e9abb
768c94
703021
7578a1
6f7875
77d872
662cb6
777ab1
76380b
709c2b
6df6a8
6e28f7
74bac8
6d4472
616061
7dca9a
7e8600
769645
78f078
68de5a
627ad1
66ea3c
630af0
6cd6be
6120e9
766ed7
6e8c1c
7fa624
78e4d9
77c469
6d64df
7bfab7
61bc25
7196a5
7b0478
7f3ee1
6e9ed2
6a40fc
7bae42
691027
634c47
615849
714e04
69a8eb
664e5d
77aa37
60e6c6
6eb6b7
7a24c9
7b381c
666c59
6856fa
762a3e
672e13
6b48fc
686a25
7d64b6
710a6d
7516e5
751ac6
6ed434
62c81e
79184e
74029c
6d4e7f
6e5e9d
609298
75467b
6808e8
75aeb9
784c1a
78d6f3
7eae2b
77a2d9
7c6005
6e546a
7dd2ed
738676
6db69e
7066c6
70f4c2
7ade24
6adcf4
7dda7d
705cb6
6cd87b
613e6a
7d34d7
78e0ff
6ffea0
7dc0c2
6bfeaa
7c0856
697460
67f6d9
7b60c4
63baf8
7cc69b
6e3842
759ef0
688660
6b1060
721a22
77ccc3
641247
73ba8a
65a83e
753271
69b477
6c6673
707cab
74581e
6d0cfe
679e30
7e22e0
6d24bc
60542d
6a58b9
60c26c
7dcc96
76dcb3
6b5891
74f4d7
71fe06
75e4c5
672eb5
6e0aca
7d8ebf
61be02
7d923d
6b64e7
7b80b5
77ce2f
78d09b
6cccee
7c9ec5
7c24a4
7b0e55
6278e8
7c68fc
70fac5
69e297
62bed4
7d6c7f
6766e8
67b62e
79509b
7e70c8
6690ec
6d3433
74f24b
6346e0
68825e
71c6c6
68be6a
7534f5
6be425
6402c8
778a47
7a447c
71be83
7786f7
652802
76646e
65dadc
7efe0b
7f1e03
6fc83d
7a9833
69e623
690e3a
7b100c
6f3219
6fdea7
74c694
717a07
6dae50
766c45
7eae1b
6f62fb
790cde
794a5b
7c58ee
7f0ecd
743edf
6734ab
6b36e7
688cc3
6c3cec
72fc04
699891
65c644
7bcec4
66e886
6d7e7e
6a20ed
68020a
7a0e5c
6a6cf9
7c6e23
682e11
63e6a8
6d0e46
68a09b
74bef9
7e0a54
685259
795ef8
7b2284
6a78f7
761889
741ca1
6da2e7
6842e6
668c9e
6fe0b8
6ed095
602266
73eed0
63f63b
7e0ea2
6adeb3
78a0e7
7e347a
6ee2db
67ba6b
61a4b4
655c0a
6b509e
6f388f
646a1a
69e865
645624
7cb63a
6fa86e
61e6b3
6ea838
71ce61
67fa56
653e97
7afaa1
7b3200
66d055
692ef6
66a075
7f224e
72da02
6af6c0
700a7e
62b4ec
746008
697a3e
649ed8
7450b1
602a30
723068
6cf0b4
73aa22
715ac7
7e400c
69220f
7e246b
689075
709a94
64fe6b
650c42
625edc
7c9e28
61ecd9
636c1b
7f2a8d
6ac630
754c70
6e4c3a
613e52
74321c
6240f2
7e324d
7acc0b
674c7e
68141d
720cc1
7b9422
7dccdf
6664f7
65681e
7a3852
79ce51
76fe58
6e265f
694c59
63b669
6c8606
663eb3
7b325c
7640ce
718680
6b80c7
711092
70ea47
680264
702271
691685
768280
7bdae7
7ffaf2
6a704b
7fb82b
60220b
6c8eaa
7340bb
655e8e
75ce4e
7ec427
676cd2
77e28f
7b64a9
6e5a0f
6378eb
765a85
6f3291
7144ff
602880
7bb4d2
652457
7fb602
7748f0
642a9b
7bcac2
6d7a40
6070b6
66f67e
6c1275
68b49f
7caca1
73bc98
7f86b4
6e84bc
6fdcb2
68ccc7
670ec2
7694f4
65a664
718c28
75a463
7920e9
6164d9
7c88c8
697495
6258d7
67d8e2
71ece0
67a4a6
68dae0
625273
70709a
6c6201
7b4623
736cbf
706050
7dd4ba
6dfc81
7e4a28
75245e
73a263
7ece38
68aeae
6142f9
7d6e28
6046ca
6434fc
7c2028
7646c2
76c8f8
6e42a1
6ab20a
68b00f
675a57
7a02a4
706ec6
7a3aae
6d8277
7da4d3
7f92ff
77ded7
7ab8a9
7548da
7bb0a0
7d608d
605e4a
6ad07f
7a1e4d
71265a
7ba0ae
76ceb7
67fcae
69966b
71f261
7288b9
77a4a4
7eda83
6480b0
62f68b
6a247d
7cfe2c
7cdaee
68bea6
60928e
7e5ca2
61fa2b
601e98
6df4bc
7786b1
62aa93
7a4270
63e471
697a3d
6d32ea
7cd231
7e969d
7ab0bf
7e06bd
7916d0
796037
6d949b
77dc7e
6cd49a
78424a
6e6cf4
641ac9
6f7e53
69a61b
6b38a0
638ac6
6a626d
6a5e1c
6f1cc7
656003
70124c
61d4e1
7d6ee5
6292d2
7aa298
7abada
6ffe1b
714e97
7b80d8
60f862
602a48
636e65
6b1293
6d984b
75d460
75dc0c
728814
711ce9
62fcdf
78502c
6e4058
6e0e25
72026d
7012ec
7b1abe
7a3efc
609871
69bca3
641e55
77e24e
77ac32
755695
6d5ec7
7fd40d
6f682c
79a08f
72e2c1
6e2665
650e3f
62d892
77ce9c
790aff
7fbaba
66a856
670ea4
625e89
6cb2f8
646ee7
60ce16
79b030
78a212
6cdc2d
7faadd
6af6b9
61b6b8
6c20ac
6722ce
65067d
7e4a59
6c80e6
7b02ab
74f23a
635ae9
646c41
6060da
6d2418
7a60d0
7b4e81
7f30ff
68b21b
6a9852
603238
7cd2eb
635e26
62f67c
6086bd
6450b2
78fad7
6b4c4d
6c20a4
72a8a7
6d1499
70f6f7
77a097
7ace03
62c00a
6ab876
67768d
795822
6cde88
6fee72
7326f5
687aef
7a66e6
67b059
6dde8c
64d65a
681c6a
7ed65f
688839
606c1d
737842
6aec74
680694
7c2c23
6e7e7d
6438b4
7558f8
77628f
6b9690
78c007
621867
65e01d
69bab6
7bdc71
728ad4
6d583b
788e21
6220ac
6ca488
7b0a93
6062fc
7c6af1
70c0aa
699ccb
7ef88d
6d625b
7b9c85
64fcf2
60a443
67580f
6dd439
646632
6872a1
71e0c9
64a802
65268a
621621
73a4b1
7e369f
79e0ba
71ea6b
6d4ce2
6ba435
7ffafa
6976d2
6e0a34
794e6c
734ee9
66ae20
630609
70e42c
74f494
623e1b
73e6cf
737ca6
77fc0f
7a6829
7c047c
79fa8c
7f8633
788c19
753494
7474fd
79627e
6864e5
6100d2
7642b3
693ad4
7fda85
7be602
6e0087
785017
71de81
648aa2
67bc49
7dd2ee
70ae13
739a23
7d4880
75ee9a
7b12fa
745e1a
6a4452
6bee34
7c7852
608e73
7972f8
6a0e81
6e706a
640ae3
72aeff
7e5c90
6f281b
69341d
689a3f
682cec
7d0262
6ad824
6e20d2
6eccdd
6850b9
7e7c3c
775291
6e56f4
60022f
608077
780ead
6412a2
6880a4
72904c
632800
612846
73b0da
723a82
7dbeeb
65fa22
72488b
79e2ee
6d802b
7faab3
75f4a0
7ae885
669aed
6f30dc
7b4a59
760cc6
76a0f6
77502f
79f2ab
6a2e6c
74f211
74a8ea
60c67a
750a36
71700f
61fec0
62806a
7e1039
7254b3
742475
6b264a
7b4276
7fe220
6ca085
714cdd
7c06b7
7d0079
6ad846
679865
709606
6326dc
7f987f
680ea4
79043e
63a0e1
74dc28
718cff
799e5b
6d6e7d
6272e9
61d228
625410
656629
73fa14
67ec24
7fc8e1
7a3e6b
6c5caa
711a75
65cc08
64e0e5
7b12bc
636a14
71be9d
637eb3
61a4ff
64e68e
60d24c
68e21a
617cee
634a04
731a0e
7d8a06
6e8086
753ecf
66e495
7b4a76
6f30cc
604a73
6c187c
699466
729283
699af4
7c2c94
7d7a3f
7dd49a
77b0a1
7b68e2
7ae447
7414e7
6f5c4e
60f809
77eee3
75f493
601857
7394aa
6a963c
78e852
638a20
665e4e
70d625
63e410
79d08c
6068c8
641e96
6dfce2
745040
7e56ff
6fdedd
6fd200
74708f
68fec3
7d4697
62d06d
6fa201
611cae
7b2e50
6a8ce3
7deac0
6d8c27
