641406
6e58d8
653807
669af2
7126f0
7b7c61
723a6e
7fc804
798424
6c083a
62bcf4
7462f8
75a2be
74c2a9
7d8603
7f52df
73ec65
79c445
66f803
777a1f
77260f
78bcc0
6f2617
6f4282
786274
61dab3
74aea6
69b887
786cb3
72e818
605ce3
6e68ce
74b86c
70fcce
70bea2
6cc651
769eee
6358c1
62c4a8
75a87f
66a270
7f1e0c
751cf8
7fccf6
6cb6aa
6682f6
7ae6fb
6e50ee
60da02
612222
7f96e0
73fe79
732665
78a0b6
6bd803
69480e
6be6d3
6f16dd
740a4b
6080da
703834
7186c6
685e13
75e6b1
6084e6
6066c3
7dae00
620a26
7e6096
6a98c4
6b02b3
6d86fd
64c475
7f9231
7b803b
6ecc33
7cb022
704c4d
65e038
6c10bb
6b32c8
6cb865
60d007
6cf812
6c64ed
66387f
7922e9
73e80f
6d048f
6d50f8
65e84b
621692
74cc71
7d8084
60164f
62e4fe
7f5af3
7b326a
639e92
73d2b8
6f96fd
7c74dc
7ac6e7
62c63e
7dd619
7128b1
619c90
76982e
7a0c86
6ee627
743691
6df4ca
6fec55
6f863b
73f04f
697a3f
79ecb1
70ee31
779468
679220
63ce0f
7008f1
65baa3
6e96ed
6f9433
761cd9
78ec83
77cee6
710ef9
6d327e
7fd64a
68ca6b
7bb262
6cc82f
6c7cd3
787ad0
6fa0fd
6494c0
64fa0c
7d0473
7b78e0
6412e3
628627
7e5e5e
606e59
7bb636
724c70
7b76fa
6cdeaa
7a0887
6c8ed5
60222d
715491
736e4e
705023
7f32a9
6bfe36
7ebcf5
72884d
7fd28e
6d3232
67f24c
781a5a
6daaf2
718e7a
729ab9
69465e
73faa5
766a2a
7db282
650adb
6d6eb2
78a6c1
6e4a3d
79bc28
6e8c8f
7d94a8
67ae10
7024cd
674825
60e077
64a04e
774a7c
60a4fb
688409
64f87f
778655
6c36fd
657277
614e07
7e9251
75b007
7f1ebe
7d1a28
6b3462
78c4bf
724e92
6a482a
7ac66d
772893
67863e
697868
753c5f
66d426
68ea6f
661663
70aa98
744c39
6c8c14
7752f3
6b9697
71e03b
633a41
670e30
6a0c91
6518ae
6f964b
61aa9f
795638
7f3c36
6462e1
748a72
753496
6c84e4
744878
661838
7e7a71
6a30a2
632eeb
7046b7
6e4e3e
7aa4cf
6d56bf
7312d8
74c61a
7626af
74d6e1
6caa2a
68349a
72728d
6140c7
6c4a42
6dfe50
611847
68f256
78965c
647262
7da209
6660ed
646425
6900b6
78be72
78ac20
789ad0
624000
71467d
69189e
645cd5
6a2a3b
71aede
6f32b3
7eb005
632a8c
7b98e0
751e24
67f85c
6100d3
7b861d
7eb69a
787241
63f014
65dcaf
75945a
78ec28
6e6671
69ae01
7442ea
6d2a36
6ea81a
693685
71a86e
6b9c3a
79aac2
79dc20
604c0a
7394d9
6bf0ba
756a82
708abb
7592b8
69468b
60beea
6cbccc
7e56ef
631440
768cb3
7ef8ce
650c5c
6b3e9e
7af089
672678
654c81
6a0c86
626cc9
77e034
7b5a24
7a1aff
792ecb
6fd2ec
7336bc
78922e
7736b4
6b28d3
65ca21
7b32c1
6c3af5
6e1449
6c2441
785e1b
6a6260
6cae94
7b70ad
75dcaa
6a1462
6194de
774478
689647
755486
71cc09
6780a7
76563e
79ba6e
6fa694
6eb02a
7668fc
7aaa95
72783b
7fd250
683c3f
6bdc06
7b00c2
74f444
628c6a
6cfc8f
72e89a
780e87
61f690
7b6c91
68d436
76ae30
72685c
74168b
7ca48e
65ee59
718e27
722842
70463a
75e64f
63fe5c
7024bf
6ffa34
6ee2f4
78e44d
769810
7c387e
6128b7
69f437
7466ea
775071
6a0c1e
7708de
6e3a8e
628a50
68d46f
7e2cf5
7534d9
6980d9
74fcf9
74e0bb
6d2e87
7af8e0
7fe6ff
7f7c5b
794687
7be06f
6446a4
633892
6130ef
70c6b9
6b04df
61f6af
715028
6bb662
6fcc84
7cfca1
66ec96
7dfeff
65927c
779afa
6862e4
7db85a
677c93
7a6c67
612434
71f001
6efa6c
7866a9
7c8e79
694402
7f6283
7a5cff
6a7a04
709a40
6b3eb0
6398e8
78d6ab
66c829
7beca2
7a0e24
7c4805
6a6e4e
6f3a97
794ac3
768c74
76f64f
6114eb
6cf6ae
704246
72ce8d
6e7427
6ca84a
77585a
6a10c4
60de2c
668a47
6aea42
61e274
75fead
6b7246
65104d
760a22
732822
6760a4
70ca71
76e814
76fc92
64a0d3
7ab8c5
67969a
75bc50
7af476
624adf
6d22f1
62e8f6
692682
7b34c3
709aec
71ec4f
7d5c30
758679
6d841a
732809
6b76ba
6a44cd
77da78
7a0837
6642db
72cc2f
7e34d2
7e2ee9
632af8
61d426
7076b0
61b46c
6510e4
78b656
62307a
7fe681
6d806f
6e288b
7c1c68
65229a
678a7c
6ff86b
7052e4
6038ce
6d0274
7c16de
7f38fb
75c01f
6cee05
61f2cb
6d8865
6d1ae9
7df49d
66a4df
7b14d4
6d7494
63e4c9
717afe
6f98a2
7ceac1
61aed9
6d1614
6c089e
7fdc0e
7cbc95
72ca74
7cb088
766ad0
6e2cd3
7476d5
766485
7a1a36
64b0b9
6230ec
7af26b
6b521f
67baf5
710c3a
688655
7434ee
74baa6
64787a
6796b3
61fcee
7a940d
784612
75f0a5
716653
6ac6f8
72ce67
7ce804
645a43
6048d4
786e4e
6f7c1d
762ae8
7c065d
746e3c
62145d
70f4b2
63c268
7608c9
7a4288
74fc75
62b8f2
65dac6
669a12
711e19
6b9405
70d063
72d2bb
788037
6a0647
7f64df
6286f4
660e59
7b0c5d
6d24c9
730845
73287f
60b8d2
71e0b3
6474c9
70e007
7c1cac
71eedc
6f2cb1
6e8ed7
6b28a4
7f0c09
6008ed
722a68
6f42c1
66606a
611aa0
6a6ea9
60a8e5
70a27d
699cec
65f251
7732a8
6caa97
68e853
667a80
69f6fc
6f26ef
62c0e6
610c25
7dcc11
7328db
7a4208
755655
65149f
62be29
73c6a9
699883
6b2887
6c826a
773eb7
66f61c
6c1647
684e01
6d9a28
631479
6c4639
7fca83
777c22
63169d
75fed7
639cd9
6cf250
63b0fd
76d26a
6a968a
600cd2
6ab03a
606ada
6492d2
7a9af7
64f85d
768cc7
62ead3
6b3260
71d024
7cb0d9
629cb2
71c6c0
74a4fa
6f500f
7a246d
6e4ef1
643ee9
79ec69
76ea82
74b292
7f52b5
65ccf6
661c9f
77d448
6c382a
74a45e
6d3288
70fe3a
6c5c79
6c4a6f
6016c2
66d479
6ac0bd
6b8efe
6b501e
625cc6
62e083
616c7f
61445f
64cced
767e19
678023
76d081
71964f
77a44d
787c17
607ae5
647c17
7c9e8a
66ba3d
6bf80c
6494c4
702ecc
74766f
7be01a
6d7e5e
752aed
710834
728c9c
7aa438
69d87b
6bf069
6138f9
680c84
7b2aa7
780aee
78e064
6884f5
7966cf
6fec1b
766a90
6cdc96
62aa6d
778ef2
7862a8
773ef2
7d7488
73902d
668876
74dcb6
65c4ae
64764e
6deac6
6af8e7
6b0027
70087f
77625b
7630b6
682ab2
656a00
634a8d
7fb41c
78f20d
6bf2bc
68a4a3
6c627b
7808d7
717e6e
601e28
705a29
6a4499
733ef9
77984c
7006d0
6ff0cc
6d64ff
697c65
723aa3
7d3ca4
718413
7bc44c
7718f6
7518b4
7f8eed
6f5ecf
714aac
7c18b5
695c75
71a432
6b50ab
650cf5
7c8272
67a08a
714ad1
688065
6e90ee
68d0a0
712422
6a36be
6d3e40
7ae61b
7ae0c4
6fc0d6
650e9e
741e25
78c22a
667eb4
7a50a2
630432
700ed1
748026
6e9a82
7050ec
636246
764ecd
746470
6c462e
69bcc8
657c93
70b637
7fbe45
77d019
74ecb2
7b3005
61a69e
740af9
6c6e5b
62d22b
6e3649
73ecc8
738e2e
691c5f
7e40e8
7aeae7
7bb065
6264ef
78ba4e
6bee96
768289
6e803f
62be6f
6dd8a3
79683f
693246
773ade
65d2b6
60f213
646e7a
743045
65f295
623e34
7e0a86
6e96bd
6d5cdf
7d6445
6c58e3
7b7a7b
6016c6
69a659
6ce4de
7262da
6708e0
61c0b9
6b0e6a
6fb6f6
77ba4d
7c4e66
7642fc
6c98cd
6f8e20
673660
66800c
7382c4
724239
65eac9
62c864
7a0c1b
72c210
71a294
7cf0dc
6bccaf
6c8881
79e4bd
76c203
65f077
7eeef2
7b4a0f
6a6e99
62eee1
61fa9b
743efc
706a5b
70eae4
798c95
68720a
67c497
6b5452
68a0f9
72321c
794485
6e402c
64ea46
64102f
750053
772894
7a80cd
76d230
713c77
641a3f
70bedd
76fe5f
687c04
660e2c
7248a8
7c2cb1
6526bc
7a44c8
709836
6eac63
68147d
768890
781609
6c1c05
72fa76
7cdad9
68a273
6528af
61c0cd
782867
77446a
65346c
79f478
7b6c02
6cd6ef
732ce0
78a472
783631
762e66
7136d1
7a648b
67365f
62303b
672e00
6f3221
627e68
70e03a
61c84f
61baae
73ce28
73e8db
642e61
6becbf
7a58f4
605e5e
6ed663
630e1c
6770d7
66c87e
7d0cb4
78a4eb
7cf21a
6e265d
6f0868
7d665e
660e19
654855
6e5c4d
7566d2
79ce00
706ef3
7df401
641235
7c4a68
6ccee9
6b8a8f
601029
606616
677e96
7fec2d
794a8b
76c64c
6cbc27
730af0
73b474
6e70ec
656e02
6d9e64
75e6f5
6b669b
7baebc
655ed8
7d202f
613285
64106b
70b451
659ab0
7ad811
64b664
61a266
6488c7
7aa601
7f88bb
629230
6584a0
70ee97
66d2f8
73a051
6cdc57
6e9052
71be33
7768b8
7bb4b4
7ba043
7d2c69
6ef05b
790aad
67ce41
65be39
7de028
799648
6bc810
672eb6
7ed03a
683892
6be052
78283e
7a0045
71441e
7c8ed0
605a05
786cf3
774a73
600457
6db037
6b3846
7a9e2b
75c6f2
6c0075
610818
6baa21
662e06
7e2e40
6c1c63
75e6a5
6adccd
70e2af
7da8eb
66c469
79305f
7f8e0a
70eaf0
7aa093
605aef
752aea
6196a0
70aad0
625ea9
78b2f2
67a873
7ac87d
6aa8f5
641252
7aac0d
782098
79409f
63ba99
754cfc
63ee74
70d6a9
79300a
66d060
767ac5
761415
61b464
6eb458
6b86af
6fd8b2
68d265
66b495
637814
70a21d
717ad7
77b2d7
6af0d8
761a2a
68a68b
65ac8b
689a9f
7b0ed1
79dc06
7c8a04
7580eb
7450a0
61005d
729e46
72c0b3
775875
735ed5
7dc48b
646eec
7d94e3
7ee69a
7ee487
6d54bd
691023
6c5e47
7e5230
678676
6ab4a1
7f808e
687231
7808ec
66dea2
7e2296
62bcdc
784e83
7ea6d8
66605e
7d84d7
630e35
6d5245
692a3c
7078fa
6160aa
7e78d4
6a965e
6dc62d
63986b
79745e
6794ec
6a3276
70e045
7ab07b
779ef3
6b6a34
64c226
66948c
7022d8
62fe2b
647ac0
64ea7f
613a0b
6d9e86
752271
64a4d2
799a6c
7cd25a
7ea8e9
61fa4f
622c80
751ac4
616876
627ebc
63ec29
61aaa4
71183b
7c529e
7fb0de
7b0c11
657803
7a2c80
67920a
6fc654
639227
68ee35
66087e
7ede69
70be8e
72b44c
670c25
7d082c
61b86d
7a90e9
6d32a4
7e8276
7e441b
6e1a01
7908fc
79f012
6fe2b9
7152f8
6c7659
750441
6e3cd0
643e2d
7cd25e
71b4bc
7c9469
71e046
7ebae0
74fa94
6082db
6d6055
7bfc43
710a51
69ba10
612a34
6984c9
7ca472
71d8b9
6e2c71
7752f8
6d04f9
734a76
773caf
72f805
7af2da
737285
6b4aca
748656
6e74bf
6fb875
765098
6212b8
791a1d
70ec7c
6f5a0f
6432eb
7e06be
644e93
65261c
65c89e
68f413
7fe632
682ebe
61563f
6846e7
69be98
6392c1
7a5064
6766c5
62922c
6a0efa
745cf1
744c80
692ee1
7ee690
638ebc
763893
75ec8c
6dbe1f
766cb6
6be008
72d8dc
685a62
6c7e35
7beef7
7a763d
78d69b
719c65
6be03e
684e6a
777a2e
750c45
6ba094
616ea6
7f742f
72a69b
62ae11
774a01
662ca7
656841
6d6893
74185b
69f471
74bc56
7bc6bb
796abb
75ccc5
70de2e
745a02
73fabe
7d7e3c
6c829c
6a72ae
6c5085
79263c
7794ef
6248da
769055
6288f5
695025
67cec9
678c45
783a44
68d08a
76fcdc
628ac2
663ca6
636ac9
735c75
791e53
6e6e97
64b6fb
683c46
6890a2
7f3ea1
6fc80e
6eeab0
6d4eb9
6b4cd5
7996d1
7cf2f5
7336fb
6a66f1
651208
7708af
70826e
60d0f4
7736eb
6310f2
78d4a5
6fdeab
6dde21
6d50e0
69eaf9
7dc020
6c5ec0
6ad058
78a0cf
777630
63b637
6b4a14
673003
77f409
606224
77a0c9
74408c
683a2d
6b7e51
6fd461
7b06b3
650292
7dd2ec
73aad3
7fc241
7faa6f
6daac6
65cad5
7284c2
7c08b9
7bc266
68c0c0
6ffa08
76fc7e
6f3aa3
6bc43a
72d0f1
6db84c
793a4f
71364b
7fc678
66d830
71fa52
7fa209
6c6c8e
6b7c3b
72a666
7dc04a
73601b
7188cc
627827
608a90
70d8c6
75500e
64927c
6778c6
795835
7d4ea8
759415
769ae6
765a40
72b606
7c9a63
7e2c64
6e040e
7614a5
70ee32
7284d4
7cfaec
7fd4d8
757853
7466de
72948a
6b1aa3
7e7e2b
6b1ca2
734682
7a4a99
75bc48
68d45c
6308a5
797c6e
623403
69bace
7b7439
6ff4dc
740670
7002cb
7994eb
7b62c0
7c8812
74120c
7bc44d
7ed688
7ec895
74ec34
617c0f
7ea0c0
6f5271
7d2e54
7ca28d
6c7a2b
649250
742474
686004
7cc867
7dca4f
71ca1e
7c208b
7d20a2
6d5c09
6c3407
6f3a7f
67866e
6d2ae6
7ed4e2
789890
7ee83a
7c3602
6a0693
6ec6d8
71aaea
748842
654e0c
7bb8aa
7e542c
702ac8
6a8e8d
6638ad
77d033
79ee3a
733e84
75bcf3
6d42a5
665eae
751455
6116b5
6f3e12
7fa2bf
67f668
7096ea
622629
73c6a8
7be048
7d12c6
6416c6
6e7a7b
6812e7
733e48
612852
75745e
72e6fa
732698
64faa4
60b415
77e68f
63247d
78e8b8
762883
68caa7
7db490
7062ee
790c51
6508c0
688801
76baf9
6facf1
7112f3
650e85
727699
7ec02e
6560b1
614c63
6d5a43
722e20
6d3ac5
67f4b7
749e9f
788a59
6f0a0a
77d62e
623abd
7bd6bc
6fa05b
74306c
72d6e9
751a38
6c8c20
65766c
7b5ecc
73acd0
6d0618
6df83a
630255
7cbace
630605
7d7027
78f890
7d380c
7e3016
63968b
6ac8ee
61f2ce
6dc471
7e58fd
6a629f
7cbcdc
7458ce
74c6ea
75a080
68ba93
776208
