731af2
6594ce
695ce3
69bccd
70a678
728250
7734f6
7b0424
62d07e
7bf877
62eeba
65d4b8
704ccc
723012
739663
65347d
707a11
6760a9
6770d7
67fad2
652c5e
70b289
6148c9
716268
6ede49
6bde3a
7a5eb0
77d8dc
7f62b9
65b2b7
711010
6a8e00
797a30
773c56
757cad
641654
69369f
6b6256
709ace
6922ab
7956f8
60463d
6fced9
75482a
7c64e0
6d44d7
7d5eba
6ea4f0
616c2c
7dd04f
7f224f
6c8856
62dac4
75b804
752481
7c0ef7
6274a4
76f485
6ada29
71a2de
7316a5
643287
6304e8
63fad3
7ada9b
64169b
684ccc
61f0fb
64b06c
663c6a
6f52ef
775c97
70de8c
6f002f
60c0cd
670a03
6322dc
78043a
67d63b
77a0ff
6c2045
72086e
70d47a
65bcef
6440f3
6ab26c
69ca04
69e431
7aa670
69d230
74aad5
68486a
73266f
78a09a
6c5c52
769836
6d20e1
6a066a
6fe47a
7b4452
7cf4f7
740c24
6112c6
703446
6e46ca
645e0d
7f9663
6f9258
7d32ff
75f48c
762c20
78da86
75242d
7216df
7cd88a
6a74d5
7f908d
7012a4
77e649
74fed5
602af0
7f6089
75ee86
6d4ee0
78e65d
65f250
78cc75
64462b
605445
794658
7ffcfb
6ba891
66d0e0
7b144a
61a005
602842
742ab0
6550de
619cee
7ebc1e
68f662
65da87
678c92
6e0ed1
7a1edf
72a4d5
62ce4c
6e4279
7e203a
61663c
7adca8
7ed012
69f6a7
6088db
7eb208
6df29b
7e903d
75d62f
701693
67262c
6ae021
69ee45
6c7894
640aa4
68c2ac
756cfe
6f10cf
7fba1a
719861
6ee635
7acc46
687a83
767c61
78461d
704444
71c667
7f8a1b
74e6d7
7fcad5
6a3e20
755424
602aa9
774045
7ee603
69fc75
7968c2
6b8c9f
7870c5
744c2a
7a0862
7460ce
6d0836
789422
6b7e52
6eb6c6
76d2fa
6e5e00
6b80f4
65c686
6cda43
