7c32c4
7e46db
7334b1
7928ed
7db46e
79ec08
727c34
6faa70
75aa0f
76c87c
7e62a5
6c6c72
7dde0d
6b0896
7c34bf
62305a
736a58
65b894
7c0c05
7c2c88
6e2cf2
73e646
660421
6a5efc
71c401
6a4e78
71d609
743c07
71346f
6dfc49
6700f1
734064
77deac
6646b0
6c5617
60a866
64c2a9
6fc083
78661e
69284c
7dcec8
657c7b
704608
6cfa83
782c84
7a041c
7bea52
7d2004
6cac8b
65c674
70ee94
77ead6
6c347d
7a3a62
713255
6df2f3
662851
6a46a4
794c19
63a4f0
630a79
6c1c00
777e32
6f5402
738a85
688826
794a65
773e01
627494
7bc42b
6c384a
7414a6
6056a6
72a211
7de4bf
69acdf
64487d
711256
69023f
607e6f
622250
7f8a76
63122e
7c2c19
609832
702a01
74204d
67dc98
6ae078
66ee94
6076b8
781cd8
6e00d5
6af69a
656e92
610a9e
7d00a9
7110c2
702464
6d0680
6712e1
7b68d8
710848
7608be
63fc0d
62be16
70200f
728a60
79a89a
7c6a39
6fc03b
65f455
74badd
6b4e55
784c27
7e1e57
785870
614067
76b8f6
65321a
6fd88d
708212
7742bb
75a27b
61a8c2
7a72fa
633898
6bda6a
6ec471
73de12
68e8fc
6188b5
604076
6a44a1
7a3665
6a66e9
797a9f
7cb63f
6c6e64
6586ba
654ca6
7632ce
6f6653
7a8e9d
67e886
7d86b6
7ff039
6eaa83
676a11
65a016
7da20e
729495
722c56
6b8c0c
6a9e8f
7318e4
752048
62bc47
650e9a
7f3650
6e749d
7c3c60
67c81e
615e81
6a9ee5
7fbcc4
779c7a
67f8fd
60de4c
7b508e
64e494
7514ab
6b7e53
626a43
76d8c1
694060
71f036
66e06a
7ec058
7af0c2
71186f
78de8c
748c6c
709a32
6ffa0e
71c845
602838
7a4ec2
728e06
6732a6
6ed2bb
77ce38
7dfacf
7e0e81
79b2f6
606c32
707427
627432
6d42d3
7f2e98
6ce623
779ed6
792c32
761884
6e32ff
63ecfe
6f96c6
6c6cbb
7c4cf2
68ca30
752222
6f68ef
6a5463
717a30
639816
68fe0f
7d5a2c
7f4a91
735217
750c85
716278
7b362e
66a825
7cead0
737eb8
674853
64a426
7566bc
7320c3
760620
68881a
79d8ba
71f43f
68947d
6996bf
60a618
6a8e1d
6aa827
6876c7
7db291
60784a
6352c4
71a6c9
60dcc8
7a2489
708c8a
61ea70
7d3046
65869d
6d5a9f
60487d
62061e
721867
6aa427
77cc5c
7a4848
73708a
60dce4
725a1a
7a340c
6aa806
667041
6798cc
6ade6a
772cbd
77de99
645ef7
6484cb
6918fa
6df605
7ccac5
62984f
76d263
7898b7
782241
74a0c9
7ae263
65486d
77e65b
660657
6ace79
76ca84
6060d6
7dce7b
6d6a5e
7ad279
650e0e
646c46
635274
6ea4b4
6122fb
68cc9e
6ca033
795001
63e86e
789a66
7f4c7b
7a5e06
639267
6c6ab9
77cc0d
6ce414
723c5c
77901b
7090ce
653ebd
7e6c04
6bdaee
6186e5
68ca55
62d20f
606e51
690212
661078
7de62b
79bcbc
752061
610601
777058
7384c7
6c80d3
62f2ec
7d1807
6b223e
66b05f
72587d
6504aa
6b8cab
73ccc4
7e3268
693e14
724cdd
79a226
7cb805
6ba297
776cba
792a5f
7fa8bb
6ab61f
65a82f
61b2e1
6644f4
6b2e96
793058
6b003c
788261
60aca4
7fa6ad
6c245e
6e6ecb
7f18ef
7a5a07
649885
73104d
6faac6
7d7ccf
6d98dd
7f92d3
7e48b6
791c90
739cca
7b9c6c
6cccd2
6f2451
7286f4
7598cf
767e3a
718091
7e2257
6e3209
704e42
67d8da
73446c
6f0e8b
71282d
6622ad
7ce238
7a3ea5
70cc8c
7426ca
726cb3
7782dc
66b04c
7c82c8
706cbd
638600
692e0b
68c27f
64d6b9
68e479
7d98d7
6f249f
7eea9d
690884
609cf2
696292
69304b
79527b
767a24
7f701f
788a09
72ccf1
7d9a1f
7e002e
674cc3
7f1637
6d5ab5
7ab053
746a81
7d1423
73788d
668480
6fb082
78b4c0
7c0a50
666c84
70d275
6d5cd2
6d4c9d
711e99
6436c7
6c887b
7fb085
62e851
74ecd1
79548b
6478f0
7cfcac
6baed8
6de24b
695077
7ab29e
7eaa55
6e2881
7ff640
67345a
628605
7d3042
7b62a9
6a806c
60446a
786889
6b7eba
6fd826
755434
7fc8cc
6d5e69
7e121d
7522b2
602ea2
7b40a6
612a78
637804
7164d1
68bee4
6e4ad4
65b816
72b61c
61ba63
6db838
7644c4
70e07b
6bc88d
647cda
6ba680
7b2006
6eea93
6042cf
683c1a
6106f6
6d28a9
656e97
70bcfd
7ff02d
62f0b5
6aba2c
6bfc24
77201c
7e502f
768e48
76b01f
769ccb
6e4a72
6fbec3
66b80a
621cc9
7e0aa4
7d1499
742e35
735283
6340ab
7f3ad3
631e55
6024f7
7ed6a7
61b8bd
6d4a0a
7914ec
6c16c6
62944a
745874
6916ab
60faff
6a4c7e
6c60f8
70da9a
6098aa
709848
6a0e0d
7374d4
7998a7
79dc6a
7412f9
7038b1
65e436
63aedc
608a29
7fde7e
751c0e
713a91
7422a1
68bea5
65be26
6618b4
6f52ff
773638
6f4ec5
779ef4
69084b
7a7cdd
6a3690
6b543f
60207a
6fe671
770040
71101f
6db80a
68be61
743a60
726c90
6b6408
7ee63e
63aa8a
75eef5
73d4f9
6a5282
776e6c
794c8c
78fa90
772af3
7a2e73
63caf3
625a5a
61f4b7
7e682d
62be31
72a023
6942a2
74e681
63d6e1
6828b6
761286
65529e
6eb8f7
785e9e
67927a
63aceb
769622
695e70
732cea
654006
6c04f3
759e76
61143e
778e82
6eb465
69d6ee
7f92d0
6ac076
656e3e
66ec6b
693054
695c4a
67bacb
641c78
7192b2
7068fb
618052
669ed3
61be2c
6032e2
65fed4
740282
7d28ee
688042
65dac3
71b42e
6884a9
6fac06
72ca0f
699ecc
75443c
7ac63c
7a20b2
6e4415
6b4e92
77444f
6fd2ea
73a63e
6eb2f0
6ef4a7
724898
74985a
63b62b
6d0469
640a2f
7630c2
60be13
6d5e61
6d7288
7008b2
64649a
63ecad
7aa4b3
702044
63aec9
6dfa21
62d222
70e8b9
6902d5
76beac
6e744f
6c0a41
7bea43
68164d
620aa1
75de91
641409
6d4aa2
638a83
742a58
6b08a2
62e221
60be6a
7a1c6d
7e6026
7b745a
7ea89f
772c9e
77c4c9
7814a9
682a78
7516cd
63569f
73804f
6f5479
73ae9a
6a98f5
79687f
7cb0c9
6926ae
6d129d
761e21
7364c9
7b1825
61c887
680694
6988cf
77b44e
73c20b
6626d3
6b78e2
7a30bb
668674
741ee5
605801
79a41f
76bc89
7d1c79
789653
76a69a
7944c0
6cdc09
6f2e1a
792c3b
6e2404
6dc4d0
7e6ac8
7d4ad5
780e6c
720c76
755277
79e20e
682238
657a09
6e1297
7fec9f
7654ba
70b257
60740c
7b186e
7b0cd3
7b908e
7d90c5
78bc0d
7a6e1d
6ef453
702e99
6f1ea1
7682e7
67e6e3
65f04a
629e55
706477
7a4062
71c631
6a0274
798a1b
60ce8c
6abc3b
71aaf1
7c3c0d
7af6f3
7d7aa3
63966b
7eda66
6ec40e
6f287f
6fb492
61e65a
6d4cec
6b7ab2
7d4e7c
79d4ad
78d2e5
6bb872
6446f7
694a77
62bc9a
6e8635
723c6e
614ce4
664cac
6798f2
71c4f0
665275
7eeecb
63b4fe
6020c1
7eb65e
72d495
699cad
651cff
6cb60a
6bee0f
78ba2e
721a63
76d048
6c3c6b
73d8c5
601652
641ece
788631
629462
70d08b
74e2ae
63e0a1
74e8d0
62e070
679cfb
6bb0ce
75b8de
637433
6c8aa6
7d4e51
6c9a59
72f8f6
6162c4
60a42f
73ba6a
76483e
60ca0f
71de63
6f2278
7e9e95
7d8e4a
6e5a0a
64664b
78c894
6d70f6
626053
68741e
78fe8e
6fa06c
6206dc
72bafe
7d00a6
7d8202
77c69a
724cb7
64ae15
63b268
62bacc
7a025a
70a4e5
68948b
7ecc00
7826c8
7e64ed
67da40
753005
73fcad
7fe0aa
60a0c5
6990d6
7db004
7a74fc
64ce17
75fa02
77a096
692eab
79b603
67c864
7f7424
6286af
61caaf
6aba06
6a22f2
7dc8fd
758a33
632e1c
6caa1b
77c620
665ea2
71a8de
741eac
62b0a1
6090ce
7f2654
7ac202
7480c2
6f58d3
6e7461
7530a1
77ce8b
6e5eb0
77c2d0
70ec1a
791a23
759886
689cf8
64ee82
7c5651
75a476
62c8a6
6f90d3
7702fb
7caeac
798a5b
7224cd
751abf
7d0c71
7c9890
6caaa5
61d0c3
78485c
6b8aaa
6a523f
67bcf7
7332d5
7f5ed2
78b06f
7c543b
76127d
7b3456
7220a9
6722d0
778815
79de22
762291
63a6aa
79da72
648218
7d98b5
7b72fa
68c620
7266da
75ea8a
6d1a9a
6578f5
7ae21d
699066
6692eb
732eb3
7fc2f4
7e5017
748c33
787806
7c4655
7dd6fc
6802c5
751276
7ec034
77220a
71480b
7d96f5
67ae2d
654c6b
7eae7b
6c8694
7316a9
71ae59
687805
69629a
61ce24
6ab4f7
67ae18
6bd886
72c64e
669c62
6faaef
73f0f7
6ce03c
6bfa22
706c0e
7fec2b
6f36d8
7642d6
769e90
683848
715857
602016
61c6ca
6dceb3
780086
6c9859
693c49
7b2863
7a5ef8
7f8425
76f8e4
76d673
7e72c0
67d075
683ebd
75ea5a
78860f
61165a
6e1649
6b02e8
616a9f
6ea6d1
74546d
66bc6b
7caa18
66ec2d
66409f
7808e9
67225f
6e8289
693021
6cfc35
632c0d
61d878
64e03e
6244ef
623a6c
66b4b7
7d2874
77f65a
7342e0
699a70
67d275
6a8825
60a468
697cb9
783c4e
78f66a
7a1635
622c52
7fb246
6a22f1
60da69
73344d
7338f3
787a3e
6d0085
6a3c18
7166d5
6914fd
7f3c99
6eacec
63e6b2
61f451
6c780f
66888b
608cc7
7bca69
7e0c6d
6356fc
