75e2bd
7e2c17
6c4017
7c0c02
60b081
6d1023
7e46c2
7b5046
60529d
6026b7
6d26ed
6310b2
6a0aa6
7844c3
6ac4bc
6ad070
699a16
796249
79a684
63fade
66462d
6f64d3
6de2dd
61c8cd
72b604
7330cd
7b0264
67849d
68bad2
6af4e9
715269
6cc218
7c766d
63c221
67401c
72321a
70e8f8
629266
6d7426
7ae853
630073
70d009
78e4da
636ec7
76b2d9
68d681
785ebf
6ae0ae
79d89f
7106b9
626a39
74429c
698c2c
6794b1
633e35
653657
6f1858
7cf4df
612266
710ac6
623ca8
7838d7
6a4ee1
6b06b9
657a4c
661081
76f2de
75ae47
7514ff
747440
757665
775242
68ce12
6a62af
61966b
7592d3
7434c0
704add
6a9eff
766cd6
7db81b
66d4aa
7ee262
736a79
718027
61783b
6fc8f6
73ec9c
6878a9
60f43a
66a4a2
6c8016
62ce50
6cbe01
7ec812
71a896
7324ed
657c28
7412e4
79c423
65069e
74b6b5
63c2ba
65d231
6be2c2
611c72
7de0c7
701ec1
6a0248
65e29a
72b04a
6d7234
765434
62b45e
6db804
73c6f4
64aea5
6fca34
68a646
69b8aa
69aaa1
6760e6
73ccfc
7c4856
68cc93
64dc2b
7116b4
643ac5
6c2403
79c6a5
6df628
6f1812
7234c5
6e42cf
73d8f5
66cec0
68ee95
612c7b
763c60
775620
738209
77fcb9
749060
6e8ecf
7a0a3b
76caed
744014
6d30e3
7e482f
652e8d
75be43
64ce2a
70e86a
7880af
64cca9
61f23d
68088a
6550c7
68a4b0
652607
7fcef2
74ee8b
6bd448
76a269
797e48
7dc2b4
63602e
6c80db
6856b2
63fe41
65aab7
799ab2
75fa2e
7c7838
62dcc7
6368f5
682a62
65621d
7ace26
676c7f
6536b3
7b3692
75a62e
6fee28
6b3ad2
6c3463
653413
60cc5d
693cb7
7280fb
79c8f4
75d668
6338cb
7ce4ad
661e2e
7fd613
7a6c12
734a7a
60b889
641a4d
79c454
76a0da
645e89
6b42c8
7d28a6
7b3a37
631a2d
737aa9
6f9692
6e6e9b
6f3e63
7f2ece
75e45c
745aa1
72f277
76c28e
7e4cfb
73b4f0
65c495
638a0c
7ea849
7dac81
715ccb
77feb5
61341e
7d5682
6a78ee
66ccd7
7f1c09
613805
689cfe
7f1a19
6bfa66
774870
7a7cb1
64e021
738298
6a8c73
76cc5e
76a41b
74c69f
694ebf
6e1c17
75a6fb
642099
6d040b
777ebf
7f7285
69e834
730ee7
77f0cb
66ae4d
722499
70e2e3
645ee4
6932e7
63b8eb
65ac65
6a3af2
72e2b6
6e5010
6a004f
7704ce
76b41f
77a869
77462b
7c16af
6f6a7b
609848
7172b5
68fe03
74e094
6df2ee
7f0ea8
68d8c3
7a806b
70440c
658a4a
7c205b
74f47a
7e4850
7ad094
7f5c13
6ef2df
7c003d
7b2a74
6dc416
630abe
64d87c
63d6c2
659e56
7d0a66
7f50a2
6ad87a
6c6c28
7976b4
76d097
75a0f4
75d2a4
66862c
7d6676
6ad263
7fccaa
66648b
710c54
6f6c51
64567d
6ac04f
7e1818
6c60bf
799a3a
7078a0
6bacdf
7ed27b
6a2622
62ee4b
77aa7b
7c06b1
7f6e7e
6f9c82
688efe
71463a
78dcaf
650a6a
693494
797e87
74ecae
6f7c02
69b4a3
6e9cbd
7d0a12
6c2473
619a9c
75f4ca
751674
608055
7d6e1c
7a72cf
63a856
63fc37
779c80
6ed0c3
6a7216
6504c1
735037
7d5ab9
6c7ab9
655c7a
7ad2df
74f20e
7a62c0
785040
7b54ce
6d9270
6c8add
686642
6a049c
61b8f7
7b68ad
7e4685
6bf0eb
6a4667
7d46ee
754ca5
78dce8
7dd0a0
76a62c
722a4b
732098
6cde6f
7d0494
7ff43f
68a26a
7d0afa
6710cb
775c33
60a2cd
7f6ed3
778a9c
677613
733899
6b64fd
6878a2
633603
682410
6700b4
68b28b
62aed7
745251
645802
772caf
79e063
7b5850
683a10
639e53
7ca0fb
70da88
7c90c8
616e39
7ebc7f
67e40c
6af08d
675449
6a8c4f
75f054
68d495
705667
79b246
6e829d
799e1c
7a7c7e
683836
6d1872
7bb448
7734cb
7c5a6e
77eab8
7a0417
75dc3e
6a241d
75caa5
775e2d
71ae8a
6be420
6e2cd1
6c54c4
689c9f
604e9f
73b60f
67ecf6
67fe02
7a3eaa
60e091
6452f8
7f2c18
6afa39
651a56
66a052
6bc68b
690210
65aaaf
742e9f
61caf3
6b5048
7bda09
650c21
765441
730ab0
7382ea
6b6ed7
7288fc
7472e1
7a2e1e
721efc
7db00f
617292
77aa0b
7240e0
62dca6
75a42f
6e863e
771088
6824a6
651620
6d7889
79a44f
623025
620483
787a95
6fda76
6304fd
6100b5
7670ac
664ca3
7278a8
78c8b4
606cda
72a497
6bfc5c
7facc4
770cef
7cb200
742c37
75d496
706ce3
7a1ae0
781c75
7a306a
717050
6122ec
6fc03b
736e60
65725f
620632
74be15
6f1031
7200e2
799e23
665279
68be95
708478
7baca4
7e92f5
7f4eb1
64e0c6
7ae41b
6a1a00
6d48ba
71d485
70a053
6b9a38
6dec34
67d211
72acb1
770c87
7c5ead
6dccc3
7984de
6038d0
7e28e4
6bb2af
73d6a9
6088c0
63f8d6
710e86
6f186f
70ec8f
669a19
78c2d3
7fd690
6dacd3
6d368e
7866a8
6fa4db
6296bb
7db22b
6376d9
6ed813
7ec299
67ced8
7dc26a
694461
6e74e8
6dfcc4
6dde7c
7e0c62
608c35
616434
652453
63e29e
6bf4f5
6dfa7c
650ce6
6e32ce
6b1ed8
7bda7c
7ac212
68bcaf
60b8fb
6f74ff
726ef5
795040
6530a5
6ba85b
60b2dc
7c06a6
7ddc80
7f96c3
644aac
712014
62d678
7ade95
632c61
6d52a0
74989c
7da472
7e5487
6dc85c
7ed24d
60c62b
7404f5
795ed6
6c56fd
7740da
636093
66e08c
7fc29e
644481
655ada
6924ee
71668b
7602c7
71c034
780ed4
77c6ff
683c06
67ce35
6942ca
77868c
7794f1
6f0400
7eb8b4
74e4a5
6bf8af
6f1ead
6780d7
724a55
6f2677
61b8bb
7f10cd
77266f
656c66
62f821
609043
7b6078
6d2ea9
6a08d8
7db09f
71a2f5
7de406
75f0f4
60d40a
62aaf6
646027
7126bb
78f26d
7548f4
6d3c5b
790c9d
759a7d
690e21
74520f
65f06d
66322c
78627a
61b85c
65ae09
76141c
6fe8c0
7406bc
6b06de
73949f
797c8d
7834a1
6c8ae8
75fe90
7c2e79
66a049
718e0f
7c20c9
614831
77b0cb
6b5c27
72e871
7dced4
69b84f
6ce2f8
7f1eed
60a0be
68a2f1
7524ec
7c4660
635411
7d26f7
7bc6ae
780ebe
68e6f0
7a368f
64f61a
742644
7f2cf5
77a4a2
606ef4
6ecc4c
71f42f
7ede15
6aaa33
6d9626
61b47f
746036
791cb4
78a00a
72c8ff
7a883c
784a55
7cb4ff
60c694
61eea2
680ee3
6548d0
60ba08
7158b2
79ac0d
60da96
669221
7f64c3
7fc270
7150c0
614a72
7156e1
643e05
7888ec
6e6066
7e94a3
7b0e07
777cfc
622ec6
69d296
7c0096
78940b
7af280
731c77
7f8e96
6df8e1
6a6ad5
7460fa
78fce1
701601
6d1cb0
6a2c07
6454c1
7646d4
755edd
64e052
7588ea
6e3230
782c6f
61d647
75d6bc
6f9000
7fc201
700e3a
6d381f
70b00a
73947a
705096
6c640d
6c144d
768664
69c620
643466
60be7b
61d6b0
75c474
74f23a
70cc98
60eef1
72c2cf
63628b
7688c4
648cbb
7c4093
65e46e
6378f9
6ae21f
67cecd
7c4a71
735e3e
6c28d8
7afaa4
6816ab
69c64c
652c9f
6084b1
7b4694
7812c0
74185d
702842
606a56
600223
7bf4a1
6938ca
6f4ca7
7e60c0
7074a0
7c16b8
7e88c2
6510e6
7bc8ee
6ffea4
735c9b
73bcf3
6eaa43
660621
786272
68708e
755ef8
6c56ce
755813
6b663b
6c405e
7ca0c8
737836
76fa36
715082
75f61a
7d3835
7586f9
72e28a
6090a5
