77b2e0
6d6445
70c8e6
661aa9
6e4cee
7c5cd4
69c205
69584c
6f6287
7ec6c9
69b428
7490b0
7102f4
6556b0
735e4e
707c57
661c78
77a6e7
7c804d
685649
6e7ed9
7186f8
7cfe4b
68ae11
7a0017
74b873
6efc0e
712a22
7e588f
67044f
68a647
76fa28
6bd483
75eadb
65f07f
654ae3
68fe1e
766c9d
6880cb
787c55
771a37
7fa20a
7818ce
6c065e
68e2e2
6af426
6d6007
65a0d7
7358f3
697680
610842
69f660
6f7a41
6ffe54
69da06
6b7e38
7b9857
6f0cee
7dd2aa
60e2e1
653e42
7a3e8a
706aa9
6036a9
77a0f3
710a82
614a18
6b6067
7dd65b
658071
7f2890
7db0fd
622c04
694a01
76eac6
731816
6338a5
721603
6760e9
65d697
75e046
7148ed
630a56
6372ff
758a67
63b88d
7960ba
7c10ca
7c1880
627e6b
648214
674027
71a08d
607669
72e225
77cc17
6f1ab9
6756fd
7c0c6b
60bc0c
7d5c21
6d7896
6d1a9c
689e45
6072b5
626e31
65fefa
7970e6
7a3629
669a4d
66e49b
7cd062
644c81
6e624f
677eb2
774a65
7e5297
768ca5
7e08a0
67e0fb
7920e5
78becb
64ba43
6544d3
6bc6c7
76962d
72d6fd
771aab
6c3c35
6da820
61c040
73a64c
662cf4
64bc9b
735ebe
74cc72
66f6c1
6c10a4
7d84cb
719469
633833
6f62b5
754676
7a203d
69aae2
7d82a2
7cbaf6
7f2469
62a490
6f32d3
75b079
65fa6a
7e285a
6d66c2
7e90f8
6940c2
60b824
787c29
689ed9
6b90cd
610c99
708001
7500f3
7cb677
6afae6
665e25
7b3405
68ce68
62c887
78d822
676aff
666adf
697204
652e2b
688273
71469c
732834
7a3a28
674cf8
7fc8ae
7370a2
7f96ab
605233
69d0ab
7456c0
66e630
70422d
6e3c95
78f641
6a4e7a
7786b2
6e4461
766c52
79d8b5
68d027
70e27e
7bc617
6f0c24
6ac87e
62925f
771a8e
6eb2fd
631a03
780e2d
72fec1
6874c8
6de858
798a9c
630634
6b789d
729a93
769047
7d9cad
7576ac
6ea41d
6ff6ec
78905d
7d7646
7d4e82
62c871
716e9f
6ae2bb
6048ea
72eee3
6b8417
6708a5
65d4e8
6af6d4
68fcf6
64b08d
62e877
63bcd9
665c24
7d62a6
7d6ade
609ed0
6f5298
7b1423
66c0f6
75d88f
636adf
702498
7166e9
60fa0a
60e62c
76045a
614cf9
6a4411
77aeef
6c62f5
690edd
705823
6664f2
6c767f
77ee8d
6644b2
6b1a29
786a52
64889d
7fdaa7
67002a
65266a
7676e0
634a91
63384e
754041
6da0bd
7988eb
7b063b
70ac01
7fa054
7b6828
686cf1
6bbac5
6934e3
7828f2
79a047
740264
79fa5a
631a42
7744dd
60c290
76162a
64342a
64ac1c
74d0c3
69465b
63e0be
66609b
6c38bf
6a2884
74ea9e
608262
6fa6fd
6aa898
701895
730c83
60f202
7168d2
777257
66d8bd
67b6fd
751014
60ece5
7c54cb
647899
604234
66b40f
6d4444
74f222
6a463f
683cfe
754031
61c2c2
712058
65742d
73c676
70d2d3
600c6a
733a84
6b2e2a
7fda70
757e75
7e3cf2
7a4044
7a30d7
7adc0f
73eec8
6c4885
61a891
6f1c18
7a6cf1
6eccd7
6fec87
7a48b0
75780c
6c2035
6c9e8e
69c418
68903a
62ac99
60e4e7
6dee7a
65f80c
7fd4b2
6c4603
714c4e
676ad5
601a88
709a65
785ca8
759646
644aab
7048aa
653423
7bb64f
771a89
7cb80b
6ad6b8
6bc802
704c7b
614e79
6d8e09
7bdcbc
713a78
70906d
7ad281
68989d
6186a5
7cae1e
6056fe
66b031
67a4af
79f4b1
7f96fe
740022
7418c0
7a5081
79523c
70026c
6c260e
6700d6
6192be
768e06
601041
6ac4f1
681cdb
69b239
633a97
70803a
7d3e4c
690415
625a6c
70fa38
7c3e3c
7de06e
67265a
77a6bb
671432
761627
6dd0be
6e2af2
695640
6ed8e5
71cca1
6be2c4
67ec43
6df01b
6a2e0d
740215
691e38
60cadd
68d6bb
7b2abf
757c05
6f20c0
6690fb
6ae462
7fa4ca
6c9289
6f98db
6ea8c3
666474
657ee5
767e94
662257
6be2f9
64b0b4
7c9024
79e800
6cd827
6c04e7
72f840
689410
66be4a
70e2fe
7126ab
74f87c
658435
7eb05a
6c80e3
723495
6620cc
663c6f
730063
7994a4
72e63c
751261
6cf83f
7a8cc1
688039
6d703c
76a861
7ad43a
7a821e
6104fd
63faa8
663a70
6b86ec
6974ed
61ce4a
6fb45e
66523e
757840
695049
696cf8
6d7c47
74004f
7dd203
73d2aa
6f4c47
688647
746251
7d84f3
609c51
7d56c0
6e68fd
716408
78b689
71ea9e
6f6263
670e44
7d40d3
7f4afe
7d8cfe
775cd0
72d626
742e2a
76d0e4
706a20
695eea
7fc443
6f10e6
64826c
752469
7d80c8
70ca7f
72fe2b
64ccad
63c8ae
6422cc
68c4d2
6df0c9
7c5ca2
671cc3
6302f5
71a0ac
62c01f
6edcfb
7a3661
7fc2f9
669824
71be66
735ec8
7cb842
612e56
713e93
7ea6c7
65d4f7
6800d3
616c66
689c62
6ea6d8
685eff
6a705a
658218
76c0c9
7900fd
73d8ec
7c8862
6028b9
6f5025
71aa57
6a2062
7466df
73880f
770ae1
7e961e
65fed7
711c0c
7ab239
613a1c
7c8aaa
66502c
77ee25
7cbcc9
790431
742e75
64782d
6d66d9
7f4229
605a65
7324c4
78aae1
6724ac
6e3846
6d14a1
653417
7f4c33
7c9654
70324d
7422dc
609c0d
695cda
79200c
76f8e7
7ac480
64762b
70fc1e
641a3e
7e8c48
71504f
6de629
73723f
6938b7
7b0450
74c80c
735831
6db02b
6b4abd
6f685f
66c402
7304be
61ea0c
655a33
7080c2
7b6a07
7286a1
6a60d5
641613
63e438
728e14
7e0e17
792e3c
6cc078
717040
6414ac
74fe93
6be8e6
694c93
6f9c2f
79c0d7
618c3e
6732e7
797cd4
6ede25
763a19
7126c9
7d72a4
72d057
6a08fa
74d685
6ba0ae
66c46c
63b09c
754091
674071
65e84d
7faea8
610e81
73c0f8
778211
78d6d3
683666
613827
6fe22e
67bc0d
6e1a61
7c8ea4
65d83b
613efb
6eda13
7abef6
789ec9
7eac3c
708c6d
638044
631eba
6ffa74
79a878
69f64e
7ff068
64822b
7f62aa
6a968d
6cfeb5
684c96
60c225
6b8870
73ec3d
776add
60164f
60dc59
69fa31
7fbae4
74da7f
750c61
673a57
63a0fc
7b7c5e
7e3027
67c01c
6b8aec
660c1b
7408ac
703ef1
608e59
6796cf
769055
750ad4
76c6e6
7f12a2
614090
7c8224
77b24b
7ebaed
6aa2d6
68189e
6446b5
647680
6b1e38
62cc19
628c33
762869
6fa0ee
7c8ec7
6100f9
7da232
7e4064
726cfd
7c3af0
700ea8
6df2cc
72b809
7ccaa4
7000bf
64f8d1
6a62ed
6b081d
7844e8
7c7ee7
65a037
63ca07
6cc812
750ad8
66e68e
73ba8a
75b6c3
6542d7
66fa8d
6514fc
7f808f
60bac0
6bf0ba
61e619
7a52ff
7a8000
7294ab
7f3c32
792a6e
78fe97
706a27
7fb01a
7b58e8
6f96a0
760099
631cfe
6ecc7b
6e02c4
722ed5
7d6263
75e814
73e81f
67c0d5
7c0075
6f0cc6
660020
685cca
7354db
650696
60ac97
60041a
783e2c
603e74
6f429b
6b9272
64b8be
6088f8
70ea19
7c4c19
737ad0
7bacbc
6d5e87
7b4abf
7e8cb8
75e267
6fb2fd
779869
650e24
644836
6aeaad
65fe79
728ef3
6dda63
795a6a
64c24e
6d96dc
7aee0b
781250
7dae50
6c0a06
7f1e44
722a5f
72a8bd
691ead
7f3052
7ea624
6baad9
681e46
61ba23
7842bc
7b72ac
78401c
7b74fe
6d1a1e
7e463c
6b58d4
6b3644
6a1475
7b52b0
6936be
6606c0
63449a
654629
679670
7c1007
67ec71
770e55
6de268
74b082
769c87
7e220c
65e6f5
77be53
77d801
7d4825
6e0ece
61042f
6b7678
6bf4fa
74002f
741a30
70d239
7a8485
797202
637a76
6b5a8f
73ee3c
7c5e10
7f8413
74d2d9
73acec
748c82
73229b
6a0a15
77d472
75ec1e
662ec2
693406
6926ad
71de2f
6b761c
65a843
7b7279
69201f
785a8f
776e96
628622
7e6608
70b4b2
721abc
793057
61e21f
682edd
71f0e0
761cfc
677008
7aae32
7a568f
6e7602
646ca3
66cc71
6126a8
747641
6a94cc
729cfa
72bae5
7bf0a5
7450f1
68f2e2
728e87
7c56bc
70ba40
6f0c28
6c7e1b
73f60e
6d9039
669a09
748a5e
78e0be
783210
662a1a
60f6c8
778edc
6a7edd
775e9c
70640d
73300f
6fb48a
6a1278
7a5ee4
6a6ee0
6d6e43
64424a
70705e
6e2cee
648e2d
764005
7b2298
778ab5
6154c0
609c51
7328a0
67c0f2
658ea0
6b4e4b
68bc90
799e3a
72625a
61d402
7b821e
6a16db
71a4fb
730c69
7e9a28
729cd2
70ba28
607e77
7994e8
6b06e5
70c89e
6b7653
75f2d4
74909f
679ec8
7e7a06
6f1005
7b6eae
744843
6a0ee2
6d3a72
78f866
6884db
66a8c9
6e92be
60b469
6c1083
700e89
7580f7
7670e9
700c4b
78c4d7
6e0421
71e48f
672cb5
69f678
64766b
7696b9
74e23e
68a41a
678cf1
7c5edb
69e29f
693c67
692c55
6f6cfb
7028ff
711edf
6288ac
6e9a7e
71bec6
701242
6756e5
67b0f1
65dca3
797ea0
630acf
6fc83a
7f569f
678019
79c4ec
674ec7
721483
61f488
7c02d4
6ce09a
6f462c
72f4a3
678ca0
716862
669aac
63d041
64483f
6acc2a
7dbe93
799420
6a90e6
645a96
74f267
682816
67b43e
6dc2ae
70e472
6aee7e
79a4db
7dc237
61fa0e
772420
7c4cce
660edb
6d8a41
7766aa
69369e
605a29
6fca0b
7a8c0a
7a9e15
6ef6e7
602217
66520f
6ca848
7fea77
747282
7b5e36
689899
72fe8e
699ea7
7974cd
6b9601
6a2adb
660eec
700edb
66b475
6aa258
7064f4
76dab2
7b02d8
7f96ef
71860e
74b644
630649
788054
780ae1
6be856
6df20e
7f1e4d
74a63e
7cd840
6d4221
6ecc46
79f8b8
72605d
7d4ce3
6ae6ad
676c4a
714a3d
7266e1
60c86a
6faca3
7400fb
654281
6d52aa
697269
7b7c84
702259
6f6825
775ee8
696049
719c6a
6112e4
767acd
725081
79b422
75484d
6f0c5f
753e14
797487
6856da
71e89d
6c0abf
78860a
6a5e45
7e86cf
7a4269
70e0b0
773417
6a3ea6
6800df
7296f0
7482c6
73642e
73c03e
7b6282
679a8f
6b6489
69620d
6a1eb0
729c7c
6fe4d8
74966c
6a065a
6838b6
7c5a2d
7296e6
677cc6
7cce76
6f30c6
72f8e9
66d005
654ace
62f4c5
683003
75c854
6b1ec4
73c8a3
7a0a16
6a461d
6f1256
7d4c3f
67387a
7aceef
79c4ad
7d7865
6aaa11
72b84f
6bbeb8
753456
7a7e89
6a5851
79de08
757e7c
7f90fa
672003
6a9e27
76846b
7c84a0
70cc89
722aa4
6f04de
7b9e8b
6e26c2
6ef84a
77288c
6aacae
6ed6b2
7c88ba
72d640
778aa8
692e6e
6e82af
74b83c
7e98b1
67a267
6a6eb5
7ca494
658c6d
7e7cd4
6660f4
6052a8
7abe9f
6f32fd
70c09c
631a8f
7064c1
67de05
7d6a7d
648849
66eae0
7d0cbd
70c434
799046
74b28e
7092b6
705068
602662
66bc78
682e2b
68dc3a
776431
69921f
678007
6b1282
76ca30
66d0c9
7db802
73728e
6af294
654e1c
6cac72
714c92
662296
687a09
751cc0
73328f
6acab4
75ac58
70967e
6c4a88
7f7816
7fd02a
6cfe26
64a2dd
625eb8
767a36
6c5688
67503f
78b2ac
6ff8f1
69462d
6c8c60
78ea3c
7c26e4
6f3a91
6ce8b6
732e69
76fa66
6b28aa
73b420
6b12ff
75d243
650660
76d2e3
729c9a
6324d9
6682c9
6fcc8b
690806
7c08b4
700ae6
6fc405
72c05f
7cbe40
776a55
777216
689ef3
778616
74ca6e
782009
6b4e4c
7fbaaf
776036
6d084a
79ae31
6246d1
700656
75bc86
6f44c2
72bedd
6b0e78
6f18b7
69d417
7c646d
742e22
694485
667443
68f600
62822a
7058fd
76cac0
7eaad4
621cfa
74f0a7
684684
7276ff
710ace
6d2a10
69aabd
6c229b
75fc83
7f3a22
66dc1f
762ab6
6f3a37
6f62a2
769826
6e689e
7f841a
66f694
727260
74ec7a
66e049
7a4849
6a48bc
720833
7290e4
749a88
6d2e00
60da4b
61f48c
6f5452
6fee83
76ccbb
7c0ecd
70f0fa
67b688
699480
759af3
774e1b
646aea
71741b
719ed2
6fb4b6
6db0a3
7420b9
6d0667
701612
7d6c63
6d8e3d
6f4ae1
63b84c
6c649a
7afad4
7a981f
7feaaa
77c414
7e98f5
751883
7b984b
6f22a6
673411
6c1e38
68f21e
659e25
656ec5
6cc0ca
65325c
7de0d3
7d7e87
78a43f
64ba99
666eb9
6a48d1
645ab1
6628d8
6588bb
71201e
7302b3
735abc
610c7f
64663e
6750c5
76c8f0
66a093
680ccc
719cc0
76a220
66f815
6fa00c
719adf
699ee4
600897
66c25a
777600
713ad6
7a22ef
715475
68e66a
77be38
7d08f5
7caab1
7ffca2
7664fd
70ee63
75ac82
71daa4
790caa
7beca1
63768c
757ec7
7af4f2
7f5a99
7c88b0
625076
67ace1
68fa4b
6d125b
746854
687e9a
7abeb2
6266a8
679aa4
63c6c1
6db49f
70a452
62e271
798896
66dc8e
6b4420
7cd6d3
7d2a96
767ad6
68ec53
6d9c8a
69e88c
728cdf
7c28e5
71461b
79dac0
7d34ad
73c812
79a236
7c04bd
688a49
671e9f
742a24
6c309e
673e27
68d614
7cb447
742237
61aeff
7726c8
64f83e
6a941b
7b6cb4
621816
734c5e
62ac8b
6e3eed
786adf
66069d
7f1ed5
6832b2
7684a9
6b2aca
60a0c6
7b6ec1
6e222a
762254
65ea66
7bd2d1
734ed2
7d22a1
6bda02
6888f5
6d820f
664eb2
6cc212
6740f8
65ba59
6fc6b4
6b0422
62d035
6e0641
670e39
64c8e3
62bc1b
7bb09a
71fe7a
774ecd
792275
6238ec
7d4484
6f7017
6adccc
7a34fc
6b9afc
628845
74ce93
7642d1
6d34c8
6a36af
68f866
682a8e
7ab638
77fede
6802fe
6dd044
6db488
75aede
7c94fc
6ce2a3
783a62
634291
6b184e
78d421
690cee
6d88bc
6e868b
7d6e93
716a16
6db2d1
7642c3
6e40ee
72a236
6c24b2
654aba
6d62ca
6a94d4
61e0f8
64f26c
689485
64fcd0
6dfaec
7ae803
663219
721c56
7ba242
65eab6
7c9a4e
6266cd
74a2a7
751027
6458a9
758813
68fc07
619ac2
75c214
7128c3
69c4a5
67fc5e
69523f
76ae57
647850
7e2a67
635a02
705449
789820
647826
62e236
