7bbc7e
728458
6fe037
7798fd
656ecf
68c2b7
73c475
7c6a87
72dc6b
7bbe28
7910c8
6be48c
79fcd4
75843b
7c581c
7e8e13
7d60b0
735eb8
6238a8
6b5a08
62a29a
79cc2b
66dede
7e3697
62b4ab
6cb615
7f5060
67263d
758e00
7046da
6e52a7
635278
765258
784048
6af023
797a9e
656667
666cfa
638894
6e182d
6b58f8
7d26e5
645ae9
6cf4f0
697041
7d409b
7dda39
718823
603c93
6ad8a9
7d0cec
6ea88f
6a74d4
7c1ad4
778896
658a40
7cc6e9
6aba74
68de45
660812
76de19
77b0fc
7ada3f
7e3adc
7278cb
6ad0fe
7ed0fc
71bcc2
7cbc19
7fb002
7aba07
74a0dc
68bad0
63f451
7fe0b7
6de28c
742ae6
77928d
66cc61
628018
7f2686
6ce66f
65c055
71f469
74027e
74e4b8
7fa6e7
684a5d
71fa2e
73e2e2
74ec9d
72a85b
6d2807
75482b
7a3a9b
7a0207
6e94e3
78f413
7ba8d6
7f6afe
72d2b2
77ee5e
67e839
638853
66b457
73c01e
7b44df
6df258
6fa0ae
6d561b
7c0c30
7c202f
7f74fc
79aad9
6e9833
6f0471
762cfa
607e38
6ed430
7222eb
7910a9
6aaedc
7fca6f
6454ab
781ec8
6b04a8
7188d8
6760f6
70b270
66a042
7c4671
600ac8
776a46
746acf
7b68fe
766e87
715af7
66b053
65ba13
71c67b
7922a5
7994a1
785461
62448a
78666f
6708df
6892bc
6776a7
731a9e
62b8d2
6e8296
60c049
6c86d4
7aa0d3
7f2ecd
644ca7
632815
6796ac
7588eb
600ea7
70d207
7f1637
6af44a
63aa1e
771ee2
6842f8
791620
60aa2a
7dea8b
6f0ce5
6226b5
76c6f2
7fa4d2
7b96aa
6cf0b7
783c73
64529e
7f368a
7a3e92
6bfeb3
6c463c
683417
6286e4
726c1e
771acc
67982d
7fc0b6
7b1049
7a0e08
757c3b
63a674
616a66
72b414
6c0ea7
7b6cdc
600003
722c7d
6dd6e6
78ee5b
71ca42
7bd8b1
6b3a1c
7838b0
6c441c
787c89
706029
6e4234
7b1c3f
7152c4
624e68
7b185c
63aa78
666056
7a7e6c
6ec665
6b7e9b
6b08e9
6384e1
68b483
641ae2
7cdc52
67c689
764c32
7c34a8
71529d
640cdc
66a897
6bfe1b
7d2aa3
7060bb
72d086
70d2de
685ca9
7848c1
79cc76
7a329a
76a6e4
69a234
618a3f
7a3ae2
737cee
63eaac
79405b
721c1d
6a4e66
7a6286
68104a
616a68
7cfc8f
6f66b5
68bcd9
74b812
71ecd9
7bea0e
76c626
6c682f
6a304d
6c70f3
6eaa9d
732235
79b812
7e86eb
6bece5
610cbf
7c8602
7172ee
70c414
692c1f
6da843
6cce15
6dae4e
610443
793000
64e602
6df431
623ab5
673e37
6bf875
753c6a
6a60de
60e22b
7ffa1f
7c7c18
751c5b
650aa1
76a25e
7f4eb2
6b6490
624cf2
7c7eac
6cc2fe
643677
6d60d0
70aa3b
7cbc4d
717834
76e0b8
792429
639e5c
6f88ba
6d6418
62b201
75b6cf
616085
606cba
6c5299
666092
68fc11
676057
7428b3
793861
6450c8
61bc0b
7df0ab
698840
6d22ff
6ccc92
7e4ace
711c12
735ef0
7fce6b
79bc4c
687a4b
6c0a6f
633094
6b547f
62c236
657edf
71f053
6a6844
606643
754002
769496
7a227d
7e223c
7f322f
72a899
7322ff
6cb672
7e48e7
63e207
69feb9
76fcc0
63a8a2
6206b8
7efcb0
7f1444
73a06e
771437
73826a
77ce19
73a431
674c03
71a20b
6176a6
7f880c
666cf4
657c41
68ea80
60d0a9
60d893
644886
696c98
7db291
7bb6a2
760216
6ec4d1
65bae7
66084c
6f42ca
734a1b
656074
6ee61f
7d2423
75bee0
7804f1
6ab692
7c942a
735efa
6e6a45
75f843
7b1664
7fb4ff
6c2ab6
721c12
7b0ee3
7254c0
78f432
675c94
72b8f1
68481c
78ee96
63ca4e
72a0f1
7f304c
6c0ea7
799ee1
73d416
7a9a28
6406da
630c7f
740467
64fa53
712ca1
79d4fe
7d16d6
684879
6be284
7096b9
797e04
6f28dd
7fdca9
64e693
646004
73b265
641c3f
68e221
6306eb
7c5e40
76f4f7
7b6edf
70ac03
7efad6
678242
6e0461
629aa2
73d2d9
6a2a70
6dd235
7d6a3f
60c283
684a24
7a34ae
667400
73de46
67c47c
7f5a91
6dacf4
6a4a00
6bb455
6afe13
78a637
6326df
750e5d
6db6ea
611c44
7766ce
7bcc8f
75c883
65c82f
7f3a94
76de1e
658c12
734619
7386f7
7a1842
7e0092
6f5892
616ea0
6c5c98
76ace8
63326c
7d2e20
732ef7
6212cb
706278
6788ec
6242af
7bc69a
64c6bb
67d0c7
608c95
7e348e
6ce0e8
600275
635499
7fe282
7b9a22
619aed
6f72f7
7a8262
7d80ec
6d8c2b
6a6c91
629221
60385f
671610
7ea419
7ba011
7d2acf
7f52f3
66e4f9
6212c7
6cbc0f
6bc851
6a72b4
6d4833
7410be
7df08c
6638e7
69e633
758860
60ce5a
61ee14
6ebc5b
657e7b
6bde03
6b040a
7ae4db
70162a
64a20a
654c45
7d52b0
789227
611480
704ecf
7830db
778827
7c5c34
636a5d
6c544c
7e60ce
7a2aab
60fcc6
60a4d0
7efaa4
7f1061
69aca5
741eed
65d60e
66ccfc
6442f8
7fc40a
7266a5
721879
6bbc38
6fc07d
6dcc7e
7832f1
78b69e
61261e
746ec2
633cad
6c9874
77f675
7d2e89
661eaa
63fa79
695a9a
640237
65723a
6870c6
6f8ce4
7fa8b2
6926db
6336cf
660c5f
6b54d2
74d61f
611ec3
690c36
7cbe3b
7fc894
709e04
7b1c5d
73545a
68a410
65a6db
785010
7cec02
73226e
677c82
6c0a52
7e0aeb
624463
6f4265
62e0b9
6ccc6d
7c741c
75aa19
6748d2
60066c
6c28cf
63a289
7cbec2
6e3a8e
71625b
6dd425
725452
68e012
688828
68b84c
65bcd3
66c621
7a1e6a
60ce41
676453
7166b6
74eeb0
7efe0b
7cf600
7de6f3
6c9eed
6c4e7d
634a99
73b8e8
6b70c2
7d5632
7bfedf
673a9a
6d04a3
64fe40
72fad2
768219
637601
6ffae0
707cfa
6e14e7
70140c
76daa2
6d30a2
7ed066
757092
6e461e
6d6a63
719a3d
6efe16
65c670
6b768d
7d122d
757023
735637
75f6bf
7be80c
6214ae
708ed1
6a9692
633ab8
660878
6e56db
7db23b
7c928d
744e6d
7bfea8
6f84ae
7a5ab1
6c2087
7ea8eb
79b43f
68f2ce
61c499
69eee7
62d2b4
6d7ae7
66466f
6a9c55
6f726d
6cf602
668ed1
7c6ea0
755033
68c2ba
7bec3a
7e8800
773076
6174bf
68de66
726cf4
73f48a
7c7011
6252f0
6df2e8
78bc6b
7ff69c
7dd481
7f36d7
7c22ce
67be01
7a4673
7fe224
629819
7a1cf8
6460e8
7a3c22
6d22b5
6d5621
72803d
7e50cb
748657
7410d0
66dc7b
7dd6a6
71769f
6f54b8
6790ff
79841f
6dfca0
76ce0a
65e212
75e41e
7f5ad3
6fc20c
66da1e
76960b
6dd4cb
7d0c6e
612855
63ecf6
604048
700eeb
7f88a4
7840b6
7e1668
6c7434
6dd433
61f66f
757239
7d7af2
74327d
6ed8f8
75a0f7
6cc242
763a4e
71de3f
6f8e68
608abe
76fef7
69acac
78d4c3
6a109a
7466df
6b5ccc
794ae0
63c02a
6236cf
6482fd
6aa471
6b360a
603ac3
74b8e8
794425
6c3a90
675af8
7b702a
7e0052
68b069
707ace
62e442
633aab
7292c1
68e084
7dc4c8
6e6aa7
7848b5
69a6c3
7d96f7
641431
7ebe7f
63d2ca
625077
7842c3
62f21d
74bc16
603cec
7520db
66e49f
74586c
7184a5
71c05a
7ca840
638ccf
7e3c62
70bcf9
7e4270
7200c9
6b74f8
73881d
7896d7
626abc
636a7e
72447e
688cf1
69083c
7fb8a2
640ee6
7f4298
611479
7ac698
780af5
6144a1
7c049f
68e8e0
658635
60d47e
690e62
654449
7f38a1
6ef806
76ba74
68ccc2
7bf2fc
73e255
6cfee6
780ecb
600415
6d6abe
6c8ee9
6274ac
69ec5c
6294b5
7a4af1
7b421e
751aa3
758ec3
65f4d1
7ab65f
66e619
6e9af9
71ca07
6e2457
7b5e05
6bfabe
699496
6c20d5
710497
6c5647
74525e
6dcc8f
6aaa27
7568d8
70c0f4
786cdc
69b211
7fda31
7eea62
752808
7aba03
6a202a
728c1c
67baae
6d7c8c
7dce1e
6724e8
657642
76da19
697e37
787a50
6bda07
784ab5
718cac
744af4
698e7c
71da80
7cae0f
743058
645eb5
6966ad
603a8e
698a33
7942c9
7ff43a
68f289
6a78ba
6b42f6
7e32cb
761635
7894ee
6d904d
7104ac
647ea9
64dc7c
719872
763c87
6bf6bf
70c02e
68cc7e
793292
6382d0
632e46
617469
7b3425
6fa403
652027
69b674
7e3cd3
6884d4
6dc29e
7c4485
665cfb
7fca8c
6b3026
6cd88a
6f0ec2
62ea83
6ada7f
6468af
625866
6b5c3c
7f3063
79c040
73e8db
66221f
790268
6042ea
6be6e1
6ee6aa
71b00c
6b9ca1
6f6046
74ce27
7be487
79f4eb
7ceadf
7fe6f2
7ebea2
6d729f
6a70d3
600646
70e6dd
7b1016
695cfb
6f2e8d
71ce61
69d0c2
662cfd
7be8ec
65d65e
7ef247
633e96
6c36c6
7ca6fc
64182f
7e26d3
6d10fb
620ec6
7a7015
66eae6
7876d2
7cce0a
63ace7
64e0c0
7ade29
68fcde
7598ca
747ef4
7b6483
64702d
71d8ac
72f2ee
7e1029
774477
7ba61a
72acda
7a9ca8
6ad211
6c8e5f
6cae63
69e29b
6fd69a
79f620
65b4ba
66e8cf
61704a
7b3a54
66488e
714eaa
7de67f
6cee1c
61aedb
639e31
66dc32
763ebb
6a96f5
78b2fe
69a069
64fc25
637276
7e74de
76c228
75dc28
712ef4
794486
6c6c27
777a4a
636482
677610
68e6ff
6b06ec
738069
7af678
7f7288
67965e
647cd8
79c071
78a492
72c4f6
7c3030
60c68e
758037
60e433
771a19
6e1e54
7c4e5c
655c41
65f235
7fea87
65e847
638677
6e5c20
67d0a9
781eda
6058c6
75c86e
7f16de
7782f8
6e5219
7906e2
7da0bc
642e33
775263
75007d
79221c
677e29
6b6e24
726064
6b628d
78bc16
78b687
661c11
67f0a3
6c7a7f
6a762d
7b5491
7986eb
6a22a9
730c67
64bc5c
6a62a5
65a22f
691e48
6aca72
6bce2b
693abf
7996ef
79cef7
665011
7604c3
7b342b
766224
746ade
7e2804
7f3a32
763e1f
7774aa
6a80db
69e053
72ba8e
7f6c7b
76aae8
682c17
666029
75da81
630c09
7ed020
71ca09
73349d
6ffe6b
69ee43
73dc99
7b0c05
6e3ac3
78cc81
625a87
78202b
63a291
7900ae
6c4ee0
7f544e
74a849
6bb26b
72a271
62a403
675ce4
785e12
7c7c72
694c3c
77d860
65e856
6bfaf2
668835
6f327e
6af474
73b42b
7296dc
6f889e
6f3cbc
600efd
7f5484
701827
69dc6c
636ab4
787ea8
6c883b
66b411
62b220
7078c8
7a5621
6edc17
675c96
667ec8
73bca7
6e2059
69b2ce
611cb1
6ccc80
69d464
7f8c6f
746af6
6f2a02
6f5cbb
71826c
6e9a00
769a88
6542e4
609a57
767e61
6444bf
7c5eee
69cce1
6756ea
75d4f7
7cb61e
7e729b
7d988a
661ada
7d24b1
63045a
69148f
75188d
7824c2
6f44a4
785c17
7d82f4
6096e7
669c82
719a8d
6eaac6
6af461
7d88ae
7bae71
6cdcd4
7528e5
6e948e
70e0c5
703ad0
6f684f
68c2ee
6e340b
693014
6f3c7e
734841
665885
7032db
6790b8
60fceb
7eae44
768637
68a22d
7284f5
6322b2
664454
785e35
6d4ceb
62c08c
69bcf3
7d86de
79725a
661e21
6bf04b
7310e2
624ae0
7c3cc6
62eef3
77accf
6a5c10
69fe8a
7fe408
672c64
78c694
6d1009
7c9af2
73e8c0
7868c9
6b56c2
78e0aa
6942c8
72844c
7b304d
76e005
796467
