628adc
71fcfa
73fc13
6c0e3c
657ea9
657256
7efc21
6684cc
6cfcca
6dee5e
7d00a0
64a2d5
787ed7
63dae4
7f5c51
7e8ab6
675699
707811
7f4e05
72d2a4
72547f
621edb
6c0483
692219
6f1ee9
69a0b2
7af618
662a39
7e34eb
7a40a1
74885d
67c63f
6e7aba
78789f
6b0e60
6a9686
666aa3
64caf5
679ea8
778248
75ce54
690cba
637474
6bfc88
623a8e
7e1a6f
7ff43b
694c88
63feca
79128d
7a0cb7
76d047
7e86b3
7f8eea
696e15
7c3420
7ff878
6fe0fe
62f24e
68d641
615ed0
605639
7fe25a
697415
783416
76ea3b
798249
66367f
6f26c0
651215
776047
74eec6
74b097
61f65d
66405d
626e84
775222
6ed606
7b5e06
6af210
7234ea
6ae0e5
633ae6
6a4a4b
7328c3
60bc88
7c86c0
6e9a03
672a70
6f88b9
787e6a
78001a
7d0c40
7f6264
76982a
617083
6ce6bc
712e4e
6ad298
616a33
6ec88d
7e9a7b
71da40
69b0d3
6c4e26
63707b
789822
7daa4a
6ad451
6f02d8
64801c
687c26
6f04c1
6ade57
63967f
79a210
7bb232
6c2466
7e5676
6158f6
6d2069
7c1802
73d292
7846ea
63e25f
7c9451
699afa
6dd2b7
65065a
7b948c
6a3af8
7974b0
64b2c9
741a12
7b844c
750a32
7b6053
747a14
62fcda
6df88f
67e24a
6cdec2
701a0a
73b27c
759c5b
7970d8
7934f8
7dc031
7184c3
7d68e3
625a7c
6eeaed
7cd2a8
657075
6aaab1
647c25
604068
667622
7b5c70
71ec08
6190f2
7866da
7662a4
70ccfd
62525b
72dcb9
7c5219
6e4a70
695644
699213
747424
64da16
6bc8a4
7c3c28
61be25
62b8b4
738c06
72b6a6
742ac0
6becae
73027f
7a84a0
7600fb
721cef
6166f1
7ada60
6944dd
6bbc56
67305d
607ab2
6d8c7a
621c98
72c457
68a4e9
739850
7b34df
694cc4
60fc67
73e899
61dc0d
60b029
722287
6a8cd1
636c31
606402
600611
6f9417
6fb4e7
663823
7848ba
689e0d
6a7ec4
705e2b
6dfee1
6c601d
66ca20
7ed8b9
7c6ad6
7fec98
74703c
634cca
6e582b
631e1b
67d0e5
6c8a7a
6e8221
73f056
781454
6d4caf
67d0f6
748cbd
68e647
77709d
72323d
6c821d
76521e
72563c
6d5a44
777a3f
60f243
668ec0
65861f
6122ba
7ed631
6622ef
648a95
74d440
7deca3
620a5e
7ecc91
7f8c90
7c8ee8
78c461
723a90
6296e9
6ed4b7
6c5e4a
639a0a
7edab1
775e28
66a0e1
679e66
658a19
7a5470
6d2607
6188ff
76d0a4
75d04a
6e2e75
6a74a7
6a786d
797453
718a00
7d085f
6b7630
6a7821
6028be
74decf
692cfa
69ac22
70c6fd
67cec2
75cee0
72b20c
61ac1c
68663f
7824d0
60480e
73a856
60a250
699269
6a76da
745820
6230ad
767c66
7a2042
6f78c8
70a42e
664e7d
62dc90
703ce9
6efc28
6d345f
61f2b6
696ed1
75fac4
67fad6
638630
65ac61
6f286a
73d4c0
685cad
7a8652
7ac482
7b0430
74ba08
62ce60
756a91
677c2e
7668b8
717e66
6bc424
7a34bc
7838e3
7dbc4a
614ad6
61da5e
6c7425
622890
6f1aae
75ccf8
72a816
685857
7a0cb8
767054
6710fa
6fca67
6c6463
661a8b
7f0a87
7a002f
703620
6e547d
7e8a51
74a023
60082f
672644
704478
73e863
6ed872
656eac
79569e
7b7886
63a4d4
71f007
6a604a
7bac63
6a1e8e
7a2446
6fe025
77726d
6790fd
78a6e7
63a281
6c9ad1
627c13
6ef0e2
680601
67b662
6a7e8b
7d7cf9
6c5efe
700cd6
647cc8
6ceeee
6cf099
71defc
62a28c
7c6ab5
6854e0
642cc2
79fee8
64c632
765e4a
6db6f5
6b7eae
7b32da
679292
6d5eb0
6db85b
7d3c61
6316b4
7d485d
6dfc1b
684461
6322ac
67bc2b
6bfe5d
645898
6fc8ae
621e56
75b410
79a2ff
6e0a8e
79a4bf
6d7e30
6b6c06
669cb8
6050ae
711e89
7d2ecd
67160a
600095
66e00e
6f10e4
7bdc1f
69aa86
6eee02
68780e
6d9457
600214
708879
741c45
72a45b
7c84df
6ab04f
740e0f
60aed8
65e06b
741ccc
794c2a
6c203b
7f0424
6fb0dd
744a77
705c62
75645b
71c086
6cf23b
78c2ac
63d633
619478
7c04bb
64240a
72ac59
7202bf
7c2231
78dcd1
6d620b
737c67
63b062
6bd0ac
779cb5
71ca78
7eb86d
7caa0b
625428
65947c
707c69
728076
6d98d7
7bd06a
6df258
71987e
7174aa
7e6e55
72ba52
75cc64
74aa13
71c028
6de694
666c14
70d26f
640c29
75ea00
75daa3
7cea32
6444fc
7e1612
6b92a4
7f1865
61621b
7d648b
771887
6dc0b6
6caea2
673059
69087f
6f5001
6bb4ea
6ffc01
7e4c87
617e55
661e46
691a9b
7efee7
64a0a0
74bebe
75cea2
6ad461
