7a5cde
74fcfd
6bde12
76b01c
7ba465
7a727d
7826e2
764237
640668
6c2824
646e77
6d7807
61060b
668034
7892fb
651218
7b5009
7738cb
6bae89
6ce048
63c49a
62128c
785891
6fbee7
7e88ae
73d0b4
647894
61e631
7994d5
742687
7a2e85
667c32
6fd67d
60f0fd
7814e5
671221
6c9297
65be19
725411
74aca2
659c26
66b231
7b420b
69f025
658a1d
69b886
6c1e29
610092
62b06e
6e6447
686c51
643c5f
6380ed
67c00d
737ef0
676466
7a78f6
7ad224
632ad8
68d6c0
6f9475
79b85a
7f4433
6f7a90
6a3a1a
6e6494
70aa75
7c5c9c
6a5208
65c6a0
61503c
6ace57
7254e0
70d004
6fde1a
6622b6
7ad627
7cd890
63ee32
744a33
6f94f8
6270d0
6938af
77069f
6dba64
660056
787a19
701cf0
7fc207
7cb296
67341c
6d9801
638a38
7d5a85
654a6b
66c418
7c30a4
7b40f3
706a38
7a1234
67b0bc
773c7f
68de32
6aead5
60a69e
7eb62d
7bea05
69749e
74ac9a
6d04a0
7484c2
7fe00d
6e0010
6c5ee0
7f3e5c
71fa5b
7f28a0
7a1c32
77c0c1
7e4a72
73a8c8
7e9447
6fa445
7d90fb
69ecf3
707068
7e8273
7d5a87
71e265
722c8e
71b29f
750235
7366f2
722a80
704c22
71b05e
711641
7998ee
6302f3
789007
68b833
792000
7dd88c
793414
7c4241
759e97
67a28a
69201a
71d4cd
78d627
6994c0
664620
6820b1
6d14ad
73e467
7b7200
7ff297
7e1a3a
7852da
63088c
7540ad
75f8d1
753420
6a4462
78b2a7
6f1e14
7a4e71
6592e3
72349e
742e7b
60d2a0
790a19
74e4ec
622a7f
72dee7
742af1
7a4ccb
77400e
744c60
7ce6c6
746666
7b94fe
67f2c3
782c6a
79bca8
7438be
7a58d6
76ecf1
6878f8
7f66e7
737203
75ce74
7b9416
67b47b
62bee9
76a879
68b4c6
69be09
6892b5
61a205
60daa2
6d60b7
758473
79426c
609488
6f32e3
6de8b8
6e2a67
63bad4
68027a
690ced
6fe639
7cbc51
76a6f8
6af0ce
7e2000
6e4a3c
762e5f
6c0681
7a0a97
7a043b
6ffc75
78cc60
7f60d8
6082f9
77c82b
6a683d
64d2a2
78cafe
6ca0bb
7f1a90
7138ab
70c496
789cc2
79ae13
762610
77ecec
656277
6708bd
6ab05c
7524ef
75ee19
7d1edd
6c6252
787e57
7bf0c5
77e66c
7372aa
6c74d7
77f817
76a07c
6964aa
763efe
77a814
795840
795ce0
6dc689
6b0ac5
7ea861
65701a
607247
70b885
7dc69c
63dc67
703cee
69a288
7cf240
663e97
7b32d3
7c1cb2
619828
76fc09
707660
6b324f
621838
67f255
62e2f7
77ea50
7e1c3f
7dda16
75ec95
71b0c1
71d26b
64bcaa
741ec7
61164b
685821
605cf4
7b308d
76048d
68ae13
7d58e3
688c39
76e029
68883b
7f7a42
6cbe79
6d90aa
758ca0
78ea78
621af1
78d8de
79c40f
647a9e
7ac21b
657284
64e411
6172c0
7fce96
6e0c66
6a46d1
7938ab
6a1891
6ed2b9
6ee86f
6984af
7ee4fa
6182a8
62fa8a
6c62eb
799265
6e88c6
6f249d
6c6c60
6e90f9
6764df
6a4279
6754f4
68cc2b
67d427
7efa14
7480bd
706021
64d8bf
78e082
762e46
74fea1
602820
6d62ec
62aadc
7a12dc
7ab218
68b820
6f728a
788e2a
68f084
63d0e5
6d726c
6c18e9
6f2024
6a22e4
73ae2e
73181d
6a203c
64dc11
670aa3
7e0a4f
6bbe40
67142d
716e0e
71249f
6fbad3
7bd8e2
7db487
7e5497
6f1022
62ca38
688e11
7d7e5e
705885
638c66
75201d
7e5835
7806dc
60201a
769401
7e4cd3
65d67d
6fb242
60b492
7f26c6
73c48a
7cda4b
6ba6e0
7a40cd
69229f
722260
7dd0f7
656a49
697eef
60bcae
78c8e5
7c729b
63deb6
6628dc
753e19
7912b4
68b0f6
770689
7218f2
6a3e22
62b213
7f341a
6672ee
6d1c24
7168fa
7fc0f1
6a726f
73e4e4
661612
68c6b2
77b4ae
741453
7d4654
66d4b9
62c2fd
6c4261
717a45
6c4483
7e1a6b
6c84df
7c3e42
6b3820
6fd86d
6ed69a
774a4c
73140f
7356ed
7d2e84
700a5d
6a9419
7f1efb
6c5aaf
77c8a9
61c2bb
6f36bd
71b4d6
79a888
623cc1
79eed4
6564ce
62d634
7a3c48
64d047
72f605
658ec6
7b3861
61067f
721a8e
7392c7
73569e
64809a
617e3a
6fd0b4
655ac0
7ff892
619ab0
7d2aaf
7d02a7
695c25
762680
6364eb
723a78
6c749e
6a5adb
6a1802
601e3c
71dad9
6c2a8b
7dda0f
61c49e
669e01
777840
74aa15
6bc8c3
749232
65e285
7d3c60
63ec6b
77c6ba
7438bc
7c588f
70d897
760478
72521f
7ba08c
6db838
6f8a4c
75dcf4
77dc97
7a245e
77322f
69ae2e
74305c
76642e
7e36d0
756ef8
65ceed
65c0ed
69ca19
78ba8e
74761a
77bee6
7c8432
646298
745e6e
73a26f
78fc1f
7f8862
7e76fe
65c69d
7f2c25
6bd0e3
7e0835
6a4495
71ea4b
6b468e
7d46ec
66062c
605270
70aece
698615
799a9f
6f2e8c
6dd883
6350ef
7b3ee0
6892e1
7040da
607801
607e22
70d060
7bec37
60c806
7a3274
625cd9
7de65d
722888
63d6b1
7da03a
673c59
70e653
6d1c17
74f4a0
68ee23
6aa2eb
7dfeef
75c422
69b27f
713e74
7e6c4e
6c7c88
799ac4
618272
6490fb
6c0846
7a6cf4
6ab09b
7f4cbe
7282f5
764ec9
7a18f0
7540df
7eec17
694898
7408ae
73dce0
741c9c
791098
60bc0d
6ac63a
6e946c
6b72e2
7dde74
717275
602a12
648222
6980bf
7e4461
67441f
6f8825
6494cf
6008d0
6106bc
7320c5
7e7c32
6b2233
6bbc1c
70c27d
7f5441
687e48
60320b
69d4b6
7fecd3
79ee19
7a2e4c
71ca74
7c64c7
6e8aa4
6c0616
7d9e63
6856c6
62a2d7
7c90ff
67cca1
62b01a
6faa8c
6e64de
6d468b
609431
7c4e3c
7210e2
7a1016
74c04e
6786e5
75a8e0
6938b2
602e99
6a5090
682081
7ca207
79b87a
728cec
6f56e9
706413
667a7d
710866
6316bf
6980bb
6f08ea
796608
759e53
6e78d7
653674
7620d5
70fc8c
68f4db
7600cf
6510f2
6de488
64f8cd
679a54
7bfe3e
7f7ce6
7d6eab
755a22
6258df
7f0034
7c9a11
77fce1
656878
7fdc9f
675ab5
6708d4
6fa47b
6ba0a6
7e0ccc
6a92fe
73585e
607e90
7f8a88
6e48a2
6a2e3c
618486
6acef0
7b32c9
7c10d8
60dac6
6262b3
7a5030
66fc52
74c651
6c383d
76fa1b
79ee6c
6cf20c
7d46fa
752628
6d4427
6e66f9
60c812
6ca026
7aa0d1
7fbc0e
7ad8ec
653eef
6fc645
6faa31
7af2b4
6d7ad1
7824a0
7da082
692e7e
6dd81b
64a43c
75c4c8
7e3cea
77bca1
613868
690005
685ada
6eae0f
67880c
7e9eea
7bc4b7
6fd61e
6dce5a
62028d
7d5434
7b9093
72648f
60106a
7b84a8
7bda7e
74941c
60a200
74dc9e
79743e
6b8884
7172c3
7f2cbc
7e0019
7e3a65
6dac5c
7400a5
654ad3
609c16
60a0ea
67d4bd
62242f
72a0b3
79300f
750a26
7f9a39
692ee3
7e44c4
739ec1
71e2b6
64a4b3
65ca6c
7dba78
6d4478
7d5869
64602a
75943a
79804b
610419
66384f
788a70
67684e
6ca63c
75020b
6f32de
65bc15
7f0c7a
7b365e
60b8b4
791019
7f4ce3
7d0692
6f842d
6ad82b
698ea5
760612
694cb8
6a323d
7dae64
65604c
773618
610c3f
650e7d
6ed6ac
719254
759a4d
6bc858
6aec11
7262d2
7fee32
610c4a
6096b3
6ee0bd
7338ca
7264a4
73a890
7ef04b
663a10
69086f
609267
70daa4
6a0037
740e82
718e46
6e44a2
729668
60cc0f
61046a
71e2a3
77c6ce
6980ac
7216ce
6ffcfb
7e32ff
790e09
76e42b
60282c
6e66e3
6892cc
65b4e4
78d84a
75cede
6da414
66c2f0
61bc2e
66a6b5
749e56
787eb2
7798de
65e8c9
7c6a8b
7574dd
7476d7
70a04d
745286
6d287b
7cee9d
666473
72e48b
7c949d
6320ce
6bc69c
7cbaff
7cfaf0
680a27
7ba65f
79d832
692abc
727058
78a499
6ec2dd
766eb0
7a4611
687c74
6ac4c9
706ca4
7b9a98
667efa
69dac2
707894
6b548c
63c46e
6dba85
786048
7d062d
7276c3
6640ef
61a0d7
6f7ccf
78aa8b
63fc10
76fc00
644a95
74829d
7704d5
7baa01
61fa2b
6a64f8
6ce014
7bcec4
611c83
67fe84
775e09
667c75
6fe66c
651088
689ed2
7bb6e5
60b2bc
7c9a85
72cac2
64887a
685eb0
71ecb5
622e0c
68c2e0
717a29
77568b
6ef6b4
60a292
69f665
752e55
69c27e
706cfa
67ca8c
65025e
7b0e6e
7aa219
64d8c2
6456a9
7d9afd
72543d
61b48d
7d88c1
7be028
792a21
771031
6c5852
735ab9
6c5e3b
738648
6c049c
73441d
6506f2
6d8aa4
6868a5
6b788f
757256
6f90f6
641e9c
76381b
7bc209
7d4651
7c3a66
781055
7df8b4
734cfc
69625a
7662a6
68f29c
610484
7d9000
78ae38
6f847b
6b8a6d
699484
70248d
77fea2
76e87a
76c4cc
69864d
75ded7
7c7a93
752812
6e463c
628e5e
68de96
6b74b7
712219
677045
681cd6
785e2b
619048
718ace
66ce2a
62bcdd
78508b
7e5ad3
6d3845
7dce40
6e5ce4
74aa68
7a645f
69faca
780017
69929f
7d6852
624860
6b366a
78f4da
64b8a9
6d1ecb
65a247
7a489b
769880
7fe611
6c826d
7618f8
64b82f
6c082a
7fea79
7b8e2e
7972ef
75604b
7daee4
6bf200
61b438
71becc
7bc01f
7bec5b
700abf
749adb
62348a
69c892
7b88ce
75cac0
78e65f
6ee692
60dcd7
7b48a9
6f5007
67f223
621e37
6ca60f
7868da
6b7453
75a224
7ef477
7ec45a
7c6262
7a020c
721e49
64d06e
760e4c
701c1e
7b8ca0
7fcc57
6216c8
667e29
65f0f8
708876
7b1251
755e0f
6d1088
7b9e2a
71f881
6bfae0
7a9ef8
77284f
6a2445
627efc
7564af
7b2c37
6e9a06
6a9e66
731085
6adcc4
6b30c4
694cdd
69507d
62365b
66c294
6406eb
7fd47f
7ac434
71e28d
60ee5c
699849
6890b5
607a9f
62d6b8
7706f7
6c9cfd
71761b
63a65b
77b0bd
721483
7a2c22
69cce7
6dd060
7be2df
775c75
751482
760890
67963f
6c80b1
797c45
743205
635a8f
732c74
76ea29
6afe09
7be855
749a00
6de2ae
648e08
73cc95
69f8d9
6004a8
7b4883
6b1203
7520e1
6aa85b
765e04
668a90
6cf0c7
676c99
71e23d
7324bc
63f4f9
7712a8
74e2b3
7b0445
61682a
633a6a
71f659
7432c5
7aa48f
6de4fb
79945e
77f407
62fc85
6776a8
76f2b4
735475
677c2c
6ef806
605408
7bc0bd
7e4a8b
6f48b3
728284
770ebc
6c262d
74f20a
758207
79ec2c
610e62
60dc40
6ffea9
61ec0e
6b72a3
634249
7cdaf9
7ecedd
7b8afb
745867
6dc8e4
65b44f
746c08
6056f4
701a9e
691e9e
62da85
65d4e9
7a70b9
7ac8e2
78cc7c
6316fc
662c24
7892eb
6d5ab3
6988d8
7b5e3e
71c077
742e05
6396ed
6a1e85
7cdc47
6e2415
6df098
7696ff
68c0dd
646a60
6be2b9
641afe
611cab
662c77
6582f3
6e64db
6f4809
67980b
7ae4e9
60c870
74d486
744cc5
727ad7
7070ea
7c3a8a
747653
73e4d6
6d22f0
747ad2
696acb
6656db
66f45d
6014b3
792c99
72b093
7a0682
70b8dc
671631
6d1aa2
64c674
61b090
7f0cc0
6e9488
6ff0c0
6d662e
6c0e31
7a12ab
74cc20
75c479
72a8c0
7008eb
7a2eae
7a02d6
7bbc1e
744a47
75f4ad
71089a
61f81f
7114b7
750e08
66ead1
732ec7
785a0a
6efcec
678cd3
756212
621a7d
64880c
716272
75e2c7
6adcd6
66ec89
65849e
6b5a3d
6b7a49
762400
641c7b
764a6a
6c7458
633030
7fdcf4
71b880
6c1a3a
7a967b
768e14
6d9271
6d8ec5
6a5a58
707675
607ae2
6f0cb4
7cdcb4
66483e
6b9483
76c0bb
62e64b
6366f7
7ae01a
6bd029
681684
774e22
6594bc
789496
6b38d2
62d450
70f41c
700242
6692d3
7a888c
660252
6e8481
6b008e
6780c4
723056
7adcd5
60b230
6db467
64a0af
705c79
7c9e72
6680b1
6bd6f4
7c5c64
6cb087
688639
6bd01a
7e12d2
70f026
76029b
7cf2c8
6c3aca
64f209
6ce085
79428b
7daeed
7ee0b0
7fec82
6ef617
74746d
736e07
7da60c
7bd66b
7572ad
708487
698440
731a1a
7d684f
7afe0f
719671
70c4b4
7d4e46
715afc
6858e4
7e48be
7c6451
7cd8c6
78b802
74ac19
619057
79f4a6
66d811
6c8ee6
6cb29f
6fba3e
6292b6
62bae1
7f2cc6
62ce1b
77be59
747639
687ea7
74aa2f
7b240a
686466
62fe4e
7e70e3
79fa06
7cdc16
7376ca
63daed
7e46e9
79eac9
61784a
72acf9
70da0f
6e4ac1
686a4f
792026
7c00f0
734246
72b46d
61b4c4
6fcab5
6cbc17
67aa11
6d6c7b
739e47
7ed2fa
705cf3
6606d8
6108ca
7e40bc
6e4e6a
708412
798af9
70c48a
65ca81
7d0414
6d707e
6a9876
74e421
76bc90
72f2dc
6b6060
698899
75d853
6ba82a
674e9f
6270f2
605efc
77c07f
7c7490
7d8ce2
669a2e
7f5631
606cb1
6fd22c
60e229
6e9ccc
642cd1
6318d9
668618
7bd495
6c2a0d
7fa810
783a3c
7cd89b
721a36
770cc6
7af073
7950b2
6862c2
726a97
6c2633
6b766e
6d5ce7
6b429a
74f890
7b2a92
7742e1
632a11
7b3c97
65ca74
6752d9
655627
725c26
7c5a91
71aa67
661e34
6b5c6e
7c5e79
61bab7
691c12
65e861
721e84
75a87d
7bc4dd
77129e
7c4c06
61e4cd
62d037
6ede98
6f80b6
63109d
7d14af
687004
7a188c
7df28f
78c6ba
6ebe5d
64b2e5
65d67d
6522d7
6a5e48
661297
6d0aca
7a0255
688409
700495
646233
68b817
6c1a95
6e742e
6bb473
685a82
7f8887
76d296
7c94c5
78ba3f
7b869e
74148d
7ba80f
65aa56
720607
75f815
6130de
698e1e
7d24c4
793a9c
6c3429
7d34b5
733080
709aa7
72c868
7a36e3
66da3d
7fccd6
7d8641
62c07c
68a610
79dc06
70c2fd
71840b
66f252
6d786c
7852a0
70342e
60b057
621ac8
6860ca
7f5ac2
70125f
7c6aac
7cec35
703212
754aa0
60f2dd
6fd6bf
795888
7d1e10
6e36da
6d8a63
7e6698
690e86
6aecf0
7d2466
74ac52
7632c4
61d6eb
72883b
7c3a66
798269
6bf004
680473
7014bd
692e8b
636c87
661e7a
6410de
725aa0
747e45
628473
692c30
7ae678
73a611
7046cf
7fa632
6b8ce0
6832b6
7ec6d1
690c16
6c10d9
7784f1
7ca222
70d67c
6af0f0
69fe2a
7f8a3b
7688b4
624a72
682e9f
756cfd
7ca2a4
6e6efc
7ec68b
686cc1
65ee6c
77bc1a
779aec
7f706c
758ab1
732435
672cc2
76e6ff
7492a3
61a623
7d9e9a
78a6ed
6928d4
7d6496
64ced4
6c2cb2
6db053
6cae59
7fa640
7fbef9
68142a
721427
78f017
6d103f
6dbab2
60fa9f
68a268
6fa041
6c2484
6522a9
72da83
796ee0
6ab815
7fac5b
786470
7036aa
6478cc
61829a
64162f
642052
71deb8
7fea03
622ac5
70445a
61f48e
6794b4
76e6a2
6318cf
792866
7dd089
6b2a9c
62f4b0
6c1618
6f82ef
7d12a4
7ac417
72088f
6d8418
659836
770076
6f0e48
6ff616
75d269
728a93
62e678
7f4427
6b948a
64a273
6dd016
64185d
66e836
6dded2
